Copyright 1986-2022 Xilinx, Inc. All Rights Reserved. Copyright 2022-2026 Advanced Micro Devices, Inc. All Rights Reserved.
--------------------------------------------------------------------------------------------------------------------------------------------------
| Tool Version      : Vivado v.2026.1 (lin64) Build 6511674 Tue Jun 16 11:01:26 MDT 2026
| Date              : Tue Aug 11 18:55:01 2026
| Host              : NiuBi running 64-bit Ubuntu 24.04.4 LTS
| Command           : report_timing_summary -file /raid/work/vek280_bitcoin_miner/reports/synth_miner32_ooc/timing_miner32_ooc.rpt
| Design            : bitcoin_miner_axi_32
| Device            : xcve2802-vsvh1760
| Speed File        : -2MP  PRODUCTION 2.04 2026-03-17
| Design State      : Synthesized
| Temperature Grade : E
--------------------------------------------------------------------------------------------------------------------------------------------------

Timing Summary Report

------------------------------------------------------------------------------------------------
| Timer Settings
| --------------
------------------------------------------------------------------------------------------------

  Enable Multi Corner Analysis               :  Yes
  Enable Pessimism Removal                   :  Yes
  Pessimism Removal Resolution               :  Nearest Common Node
  Enable Input Delay Default Clock           :  No
  Enable Preset / Clear Arcs                 :  No
  Disable Flight Delays                      :  No
  Ignore I/O Paths                           :  No
  Timing Early Launch at Borrowing Latches   :  No
  Borrow Time for Max Delay Exceptions       :  Yes
  Merge Timing Exceptions                    :  Yes
  Inter-SLR Compensation                     :  Conservative

  Corner  Analyze    Analyze    
  Name    Max Paths  Min Paths  
  ------  ---------  ---------  
  Slow    Yes        Yes        
  Fast    Yes        Yes        


------------------------------------------------------------------------------------------------
| Report Methodology
| ------------------
------------------------------------------------------------------------------------------------

No report available as report_methodology has not been run prior. Run report_methodology on the current design for the summary of methodology violations.



check_timing report

Table of Contents
-----------------
1. checking no_clock (0)
2. checking constant_clock (0)
3. checking pulse_width_clock (0)
4. checking unconstrained_internal_endpoints (0)
5. checking no_input_delay (62)
6. checking no_output_delay (38)
7. checking multiple_clock (0)
8. checking generated_clocks (0)
9. checking loops (0)
10. checking partial_input_delay (0)
11. checking partial_output_delay (0)
12. checking latch_loops (0)

1. checking no_clock (0)
------------------------
 There are 0 register/latch pins with no clock.


2. checking constant_clock (0)
------------------------------
 There are 0 register/latch pins with constant_clock.


3. checking pulse_width_clock (0)
---------------------------------
 There are 0 register/latch pins which need pulse_width check


4. checking unconstrained_internal_endpoints (0)
------------------------------------------------
 There are 0 pins that are not constrained for maximum delay.

 There are 0 pins that are not constrained for maximum delay due to constant clock.


5. checking no_input_delay (62)
-------------------------------
 There are 62 input ports with no input delay specified. (HIGH)

 There are 0 input ports with no input delay but user has a false path constraint.


6. checking no_output_delay (38)
--------------------------------
 There are 38 ports with no output delay specified. (HIGH)

 There are 0 ports with no output delay but user has a false path constraint

 There are 0 ports with no output delay but with a timing clock defined on it or propagating through it


7. checking multiple_clock (0)
------------------------------
 There are 0 register/latch pins with multiple clocks.


8. checking generated_clocks (0)
--------------------------------
 There are 0 generated clocks that are not connected to a clock source.


9. checking loops (0)
---------------------
 There are 0 combinational loops in the design.


10. checking partial_input_delay (0)
------------------------------------
 There are 0 input ports with partial input delay specified.


11. checking partial_output_delay (0)
-------------------------------------
 There are 0 ports with partial output delay specified.


12. checking latch_loops (0)
----------------------------
 There are 0 combinational latch loops in the design through latch input



------------------------------------------------------------------------------------------------
| Design Timing Summary
| ---------------------
------------------------------------------------------------------------------------------------

    WNS(ns)      TNS(ns)  TNS Failing Endpoints  TNS Total Endpoints      WHS(ns)      THS(ns)  THS Failing Endpoints  THS Total Endpoints     WPWS(ns)     TPWS(ns)  TPWS Failing Endpoints  TPWS Total Endpoints  
    -------      -------  ---------------------  -------------------      -------      -------  ---------------------  -------------------     --------     --------  ----------------------  --------------------  
      0.941        0.000                      0               245611        0.058        0.000                      0               245611        1.725        0.000                       0                123595  


All user specified timing constraints are met.


------------------------------------------------------------------------------------------------
| Clock Summary
| -------------
------------------------------------------------------------------------------------------------

Clock       Waveform(ns)         Period(ns)      Frequency(MHz)
-----       ------------         ----------      --------------
s_axi_aclk  {0.000 2.000}        4.000           250.000         


------------------------------------------------------------------------------------------------
| Intra Clock Table
| -----------------
------------------------------------------------------------------------------------------------

Clock             WNS(ns)      TNS(ns)  TNS Failing Endpoints  TNS Total Endpoints      WHS(ns)      THS(ns)  THS Failing Endpoints  THS Total Endpoints     WPWS(ns)     TPWS(ns)  TPWS Failing Endpoints  TPWS Total Endpoints  
-----             -------      -------  ---------------------  -------------------      -------      -------  ---------------------  -------------------     --------     --------  ----------------------  --------------------  
s_axi_aclk          0.941        0.000                      0               245611        0.058        0.000                      0               245611        1.725        0.000                       0                123595  


------------------------------------------------------------------------------------------------
| Inter Clock Table
| -----------------
------------------------------------------------------------------------------------------------

From Clock    To Clock          WNS(ns)      TNS(ns)  TNS Failing Endpoints  TNS Total Endpoints      WHS(ns)      THS(ns)  THS Failing Endpoints  THS Total Endpoints  
----------    --------          -------      -------  ---------------------  -------------------      -------      -------  ---------------------  -------------------  


------------------------------------------------------------------------------------------------
| Other Path Groups Table
| -----------------------
------------------------------------------------------------------------------------------------

Path Group    From Clock    To Clock          WNS(ns)      TNS(ns)  TNS Failing Endpoints  TNS Total Endpoints      WHS(ns)      THS(ns)  THS Failing Endpoints  THS Total Endpoints  
----------    ----------    --------          -------      -------  ---------------------  -------------------      -------      -------  ---------------------  -------------------  


------------------------------------------------------------------------------------------------
| Timing Details
| --------------
------------------------------------------------------------------------------------------------


---------------------------------------------------------------------------------------------------
From Clock:  s_axi_aclk
  To Clock:  s_axi_aclk

Setup :            0  Failing Endpoints,  Worst Slack        0.941ns,  Total Violation        0.000ns
Hold  :            0  Failing Endpoints,  Worst Slack        0.058ns,  Total Violation        0.000ns
PW    :            0  Failing Endpoints,  Worst Slack        1.725ns,  Total Violation        0.000ns
---------------------------------------------------------------------------------------------------


Max Delay Paths
--------------------------------------------------------------------------------------
Slack (MET) :             0.941ns  (required time - arrival time)
  Source:                 u_miner/g_clusters[0].u_result_fifo/stage1_valid_q_reg[0]/C
                            (rising edge-triggered cell FDCE clocked by s_axi_aclk  {rise@0.000ns fall@2.000ns period=4.000ns})
  Destination:            u_miner/g_clusters[0].u_result_fifo/stage2_hash_q_reg[0]_bret/D
                            (rising edge-triggered cell FDCE clocked by s_axi_aclk  {rise@0.000ns fall@2.000ns period=4.000ns})
  Path Group:             s_axi_aclk
  Path Type:              Setup (Max at Slow Process Corner)
  Requirement:            4.000ns  (s_axi_aclk rise@4.000ns - s_axi_aclk rise@0.000ns)
  Data Path Delay:        2.726ns  (logic 0.780ns (28.613%)  route 1.946ns (71.387%))
  Logic Levels:           9  (LUT3=1 LUT4=1 LUT5=1 LUT6=6)
  Clock Path Skew:        -0.040ns (DCD - SCD + CPR)
    Destination Clock Delay (DCD):    0.080ns = ( 4.080 - 4.000 ) 
    Source Clock Delay      (SCD):    0.120ns
    Clock Pessimism Removal (CPR):    0.000ns
  Clock Uncertainty:      0.300ns  (CJ)/2 + PE + PJ
    Clock Jitter             (CJ):    0.600ns
    Phase Error              (PE):    0.000ns
    Phase Jitter             (PJ):    0.000ns

    Location             Delay type                Incr(ns)  Path(ns)    Netlist Resource(s)
  -------------------------------------------------------------------    -------------------
                         (clock s_axi_aclk rise edge)
                                                      0.000     0.000 r  <hidden>
                                                      0.000     0.000 r  s_axi_aclk
                         net (fo=123594, unset)       0.120     0.120    u_miner/g_clusters[0].u_result_fifo/clk_i
                         FDCE                                         r  u_miner/g_clusters[0].u_result_fifo/stage1_valid_q_reg[0]/C
  -------------------------------------------------------------------    -------------------
                         FDCE (Prop_FDCE_C_Q)         0.090     0.210 r  u_miner/g_clusters[0].u_result_fifo/stage1_valid_q_reg[0]/Q
                         net (fo=6, unplaced)         0.171     0.381    u_miner/g_clusters[0].u_result_fifo/stage1_valid_q[0]
                         LUT4 (Prop_LUT4_I1_O)        0.074     0.455 f  u_miner/g_clusters[0].u_result_fifo/stage2_nonce_q[31]_bret__2_i_3/O
                         net (fo=8, unplaced)         0.233     0.688    u_miner/g_clusters[0].u_result_fifo/stage2_nonce_q[31]_bret__2_i_3_n_0
                         LUT6 (Prop_LUT6_I1_O)        0.088     0.776 f  u_miner/g_clusters[0].u_result_fifo/stage2_hash_q[255]_bret_i_4/O
                         net (fo=274, unplaced)       0.250     1.026    u_miner/g_clusters[0].u_result_fifo/p_1_in[4]
                         LUT5 (Prop_LUT5_I4_O)        0.051     1.077 f  u_miner/g_clusters[0].u_result_fifo/stage2_engine_id_q[0]_i_14/O
                         net (fo=1, unplaced)         0.205     1.282    u_miner/g_clusters[0].u_result_fifo/stage2_engine_id_q[0]_i_14_n_0
                         LUT6 (Prop_LUT6_I1_O)        0.088     1.370 f  u_miner/g_clusters[0].u_result_fifo/stage2_engine_id_q[0]_i_10/O
                         net (fo=1, unplaced)         0.205     1.575    u_miner/g_clusters[0].u_result_fifo/stage2_engine_id_q[0]_i_10_n_0
                         LUT6 (Prop_LUT6_I2_O)        0.088     1.663 f  u_miner/g_clusters[0].u_result_fifo/stage2_engine_id_q[0]_i_4/O
                         net (fo=18, unplaced)        0.252     1.915    u_miner/g_clusters[0].u_result_fifo/stage2_engine_id_q[0]_i_4_n_0
                         LUT6 (Prop_LUT6_I2_O)        0.088     2.003 r  u_miner/g_clusters[0].u_result_fifo/stage2_hash_q[15]_bret_i_12/O
                         net (fo=128, unplaced)       0.233     2.236    u_miner/g_clusters[0].u_result_fifo/stage2_hash_q[15]_bret_i_12_n_0
                         LUT6 (Prop_LUT6_I4_O)        0.051     2.287 r  u_miner/g_clusters[0].u_result_fifo/stage2_hash_q[0]_bret_i_5/O
                         net (fo=1, unplaced)         0.205     2.492    u_miner/g_clusters[0].u_result_fifo/stage2_hash_q[0]_bret_i_5_n_0
                         LUT6 (Prop_LUT6_I1_O)        0.088     2.580 r  u_miner/g_clusters[0].u_result_fifo/stage2_hash_q[0]_bret_i_2/O
                         net (fo=1, unplaced)         0.130     2.710    u_miner/g_clusters[0].u_result_fifo/stage2_hash_q[0]_bret_i_2_n_0
                         LUT3 (Prop_LUT3_I0_O)        0.074     2.784 r  u_miner/g_clusters[0].u_result_fifo/stage2_hash_q[0]_bret_i_1/O
                         net (fo=1, unplaced)         0.062     2.846    u_miner/g_clusters[0].u_result_fifo/stage2_hash_q[0]_bret_i_1_n_0
                         FDCE                                         r  u_miner/g_clusters[0].u_result_fifo/stage2_hash_q_reg[0]_bret/D
  -------------------------------------------------------------------    -------------------

                         (clock s_axi_aclk rise edge)
                                                      4.000     4.000 r  <hidden>
                                                      0.000     4.000 r  s_axi_aclk
                         net (fo=123594, unset)       0.080     4.080    u_miner/g_clusters[0].u_result_fifo/clk_i
                         FDCE                                         r  u_miner/g_clusters[0].u_result_fifo/stage2_hash_q_reg[0]_bret/C
                         clock pessimism              0.000     4.080    <hidden>
                         clock uncertainty           -0.300     3.780    <hidden>
                         FDCE (Setup_FDCE_C_D)        0.007     3.787    u_miner/g_clusters[0].u_result_fifo/stage2_hash_q_reg[0]_bret
  -------------------------------------------------------------------
                         required time                          3.787    <hidden>
                         arrival time                          -2.846    <hidden>
  -------------------------------------------------------------------
                         slack                                  0.941    <hidden>





Min Delay Paths
--------------------------------------------------------------------------------------
Slack (MET) :             0.058ns  (arrival time - required time)
  Source:                 u_miner/wr_stage2_data_q_reg[4]/C
                            (rising edge-triggered cell FDCE clocked by s_axi_aclk  {rise@0.000ns fall@2.000ns period=4.000ns})
  Destination:            u_miner/target_q_reg[100]/D
                            (rising edge-triggered cell FDPE clocked by s_axi_aclk  {rise@0.000ns fall@2.000ns period=4.000ns})
  Path Group:             s_axi_aclk
  Path Type:              Hold (Min at Fast Process Corner)
  Requirement:            0.000ns  (s_axi_aclk rise@0.000ns - s_axi_aclk rise@0.000ns)
  Data Path Delay:        0.184ns  (logic 0.049ns (26.630%)  route 0.135ns (73.370%))
  Logic Levels:           0  
  Clock Path Skew:        0.091ns (DCD - SCD - CPR)
    Destination Clock Delay (DCD):    0.143ns
    Source Clock Delay      (SCD):    0.052ns
    Clock Pessimism Removal (CPR):    -0.000ns

    Location             Delay type                Incr(ns)  Path(ns)    Netlist Resource(s)
  -------------------------------------------------------------------    -------------------
                         (clock s_axi_aclk rise edge)
                                                      0.000     0.000 r  <hidden>
                                                      0.000     0.000 r  s_axi_aclk
                         net (fo=123594, unset)       0.052     0.052    u_miner/s_axi_aclk
                         FDCE                                         r  u_miner/wr_stage2_data_q_reg[4]/C
  -------------------------------------------------------------------    -------------------
                         FDCE (Prop_FDCE_C_Q)         0.049     0.101 r  u_miner/wr_stage2_data_q_reg[4]/Q
                         net (fo=22, unplaced)        0.135     0.236    u_miner/wr_stage2_data_q_reg_n_0_[4]
                         FDPE                                         r  u_miner/target_q_reg[100]/D
  -------------------------------------------------------------------    -------------------

                         (clock s_axi_aclk rise edge)
                                                      0.000     0.000 r  <hidden>
                                                      0.000     0.000 r  s_axi_aclk
                         net (fo=123594, unset)       0.143     0.143    u_miner/s_axi_aclk
                         FDPE                                         r  u_miner/target_q_reg[100]/C
                         clock pessimism              0.000     0.143    <hidden>
                         FDPE (Hold_FDPE_C_D)         0.035     0.178    u_miner/target_q_reg[100]
  -------------------------------------------------------------------
                         required time                         -0.178    <hidden>
                         arrival time                           0.236    <hidden>
  -------------------------------------------------------------------
                         slack                                  0.058    <hidden>





Pulse Width Checks
--------------------------------------------------------------------------------------
Clock Name:         s_axi_aclk
Waveform(ns):       { 0.000 2.000 }
Period(ns):         4.000
Sources:            { s_axi_aclk }

Check Type        Corner  Lib Pin  Reference Pin  Required(ns)  Actual(ns)  Slack(ns)  Location  Pin
Min Period        n/a     FDPE/C   n/a            0.550         4.000       3.450                u_miner/FSM_onehot_load_state_q_reg[0]/C
Low Pulse Width   Slow    FDPE/C   n/a            0.275         2.000       1.725                u_miner/FSM_onehot_load_state_q_reg[0]/C
High Pulse Width  Slow    FDPE/C   n/a            0.275         2.000       1.725                u_miner/FSM_onehot_load_state_q_reg[0]/C



