Copyright 1986-2022 Xilinx, Inc. All Rights Reserved. Copyright 2022-2026 Advanced Micro Devices, Inc. All Rights Reserved.
----------------------------------------------------------------------------------------------------------------------------------------------
| Tool Version : Vivado v.2026.1 (lin64) Build 6511674 Tue Jun 16 11:01:26 MDT 2026
| Date         : Wed Aug 12 03:03:04 2026
| Host         : NiuBi running 64-bit Ubuntu 24.04.4 LTS
| Command      : report_utilization -file /raid/work/vek280_bitcoin_miner/reports/synth_miner32_ooc/utilization_miner32_ooc.rpt -hierarchical
| Design       : bitcoin_miner_axi_32
| Device       : xcve2802-vsvh1760-2MP-e-S
| Speed File   : -2MP
| Design State : Synthesized
----------------------------------------------------------------------------------------------------------------------------------------------

Utilization Design Information

Table of Contents
-----------------
1. Utilization by Hierarchy

1. Utilization by Hierarchy
---------------------------

+---------------------------------+-----------------------------+------------+------------+---------+------+-------+--------+--------+------+------------+
|             Instance            |            Module           | Total LUTs | Logic LUTs | LUTRAMs | SRLs |  FFs  | RAMB36 | RAMB18 | URAM | DSP Blocks |
+---------------------------------+-----------------------------+------------+------------+---------+------+-------+--------+--------+------+------------+
| bitcoin_miner_axi_32            |                       (top) |      81595 |      81595 |       0 |    0 | 88480 |      0 |      0 |    0 |          0 |
|   (bitcoin_miner_axi_32)        |                       (top) |          0 |          0 |       0 |    0 |     0 |      0 |      0 |    0 |          0 |
|   u_miner                       |           bitcoin_miner_axi |      81595 |      81595 |       0 |    0 | 88480 |      0 |      0 |    0 |          0 |
|     (u_miner)                   |           bitcoin_miner_axi |        719 |        719 |       0 |    0 |  2967 |      0 |      0 |    0 |          0 |
|     g_clusters[0].u_result_fifo | bitcoin_result_cluster_fifo |        620 |        620 |       0 |    0 |  1289 |      0 |      0 |    0 |          0 |
|     g_engines[0].u_engine       |      bitcoin_hash_engine__1 |       2508 |       2508 |       0 |    0 |  2632 |      0 |      0 |    0 |          0 |
|       (g_engines[0].u_engine)   |      bitcoin_hash_engine__1 |        673 |        673 |       0 |    0 |   979 |      0 |      0 |    0 |          0 |
|       u_core                    |      bitcoin_sha256_core__1 |       1835 |       1835 |       0 |    0 |  1653 |      0 |      0 |    0 |          0 |
|         (u_core)                |      bitcoin_sha256_core__1 |        257 |        257 |       0 |    0 |     0 |      0 |      0 |    0 |          0 |
|         u_core                  |          sha256_core_dsp__1 |       1578 |       1578 |       0 |    0 |  1653 |      0 |      0 |    0 |          0 |
|           u_core                |    sha256_core_iterative__1 |       1578 |       1578 |       0 |    0 |  1653 |      0 |      0 |    0 |          0 |
|     g_engines[10].u_engine      |     bitcoin_hash_engine__11 |       2508 |       2508 |       0 |    0 |  2632 |      0 |      0 |    0 |          0 |
|       (g_engines[10].u_engine)  |     bitcoin_hash_engine__11 |        673 |        673 |       0 |    0 |   979 |      0 |      0 |    0 |          0 |
|       u_core                    |     bitcoin_sha256_core__11 |       1835 |       1835 |       0 |    0 |  1653 |      0 |      0 |    0 |          0 |
|         (u_core)                |     bitcoin_sha256_core__11 |        257 |        257 |       0 |    0 |     0 |      0 |      0 |    0 |          0 |
|         u_core                  |         sha256_core_dsp__11 |       1578 |       1578 |       0 |    0 |  1653 |      0 |      0 |    0 |          0 |
|           u_core                |   sha256_core_iterative__11 |       1578 |       1578 |       0 |    0 |  1653 |      0 |      0 |    0 |          0 |
|     g_engines[11].u_engine      |     bitcoin_hash_engine__12 |       2508 |       2508 |       0 |    0 |  2632 |      0 |      0 |    0 |          0 |
|       (g_engines[11].u_engine)  |     bitcoin_hash_engine__12 |        673 |        673 |       0 |    0 |   979 |      0 |      0 |    0 |          0 |
|       u_core                    |     bitcoin_sha256_core__12 |       1835 |       1835 |       0 |    0 |  1653 |      0 |      0 |    0 |          0 |
|         (u_core)                |     bitcoin_sha256_core__12 |        257 |        257 |       0 |    0 |     0 |      0 |      0 |    0 |          0 |
|         u_core                  |         sha256_core_dsp__12 |       1578 |       1578 |       0 |    0 |  1653 |      0 |      0 |    0 |          0 |
|           u_core                |   sha256_core_iterative__12 |       1578 |       1578 |       0 |    0 |  1653 |      0 |      0 |    0 |          0 |
|     g_engines[12].u_engine      |     bitcoin_hash_engine__13 |       2508 |       2508 |       0 |    0 |  2632 |      0 |      0 |    0 |          0 |
|       (g_engines[12].u_engine)  |     bitcoin_hash_engine__13 |        673 |        673 |       0 |    0 |   979 |      0 |      0 |    0 |          0 |
|       u_core                    |     bitcoin_sha256_core__13 |       1835 |       1835 |       0 |    0 |  1653 |      0 |      0 |    0 |          0 |
|         (u_core)                |     bitcoin_sha256_core__13 |        257 |        257 |       0 |    0 |     0 |      0 |      0 |    0 |          0 |
|         u_core                  |         sha256_core_dsp__13 |       1578 |       1578 |       0 |    0 |  1653 |      0 |      0 |    0 |          0 |
|           u_core                |   sha256_core_iterative__13 |       1578 |       1578 |       0 |    0 |  1653 |      0 |      0 |    0 |          0 |
|     g_engines[13].u_engine      |     bitcoin_hash_engine__14 |       2508 |       2508 |       0 |    0 |  2632 |      0 |      0 |    0 |          0 |
|       (g_engines[13].u_engine)  |     bitcoin_hash_engine__14 |        673 |        673 |       0 |    0 |   979 |      0 |      0 |    0 |          0 |
|       u_core                    |     bitcoin_sha256_core__14 |       1835 |       1835 |       0 |    0 |  1653 |      0 |      0 |    0 |          0 |
|         (u_core)                |     bitcoin_sha256_core__14 |        257 |        257 |       0 |    0 |     0 |      0 |      0 |    0 |          0 |
|         u_core                  |         sha256_core_dsp__14 |       1578 |       1578 |       0 |    0 |  1653 |      0 |      0 |    0 |          0 |
|           u_core                |   sha256_core_iterative__14 |       1578 |       1578 |       0 |    0 |  1653 |      0 |      0 |    0 |          0 |
|     g_engines[14].u_engine      |     bitcoin_hash_engine__15 |       2508 |       2508 |       0 |    0 |  2632 |      0 |      0 |    0 |          0 |
|       (g_engines[14].u_engine)  |     bitcoin_hash_engine__15 |        673 |        673 |       0 |    0 |   979 |      0 |      0 |    0 |          0 |
|       u_core                    |     bitcoin_sha256_core__15 |       1835 |       1835 |       0 |    0 |  1653 |      0 |      0 |    0 |          0 |
|         (u_core)                |     bitcoin_sha256_core__15 |        257 |        257 |       0 |    0 |     0 |      0 |      0 |    0 |          0 |
|         u_core                  |         sha256_core_dsp__15 |       1578 |       1578 |       0 |    0 |  1653 |      0 |      0 |    0 |          0 |
|           u_core                |   sha256_core_iterative__15 |       1578 |       1578 |       0 |    0 |  1653 |      0 |      0 |    0 |          0 |
|     g_engines[15].u_engine      |     bitcoin_hash_engine__16 |       2508 |       2508 |       0 |    0 |  2632 |      0 |      0 |    0 |          0 |
|       (g_engines[15].u_engine)  |     bitcoin_hash_engine__16 |        673 |        673 |       0 |    0 |   979 |      0 |      0 |    0 |          0 |
|       u_core                    |     bitcoin_sha256_core__16 |       1835 |       1835 |       0 |    0 |  1653 |      0 |      0 |    0 |          0 |
|         (u_core)                |     bitcoin_sha256_core__16 |        257 |        257 |       0 |    0 |     0 |      0 |      0 |    0 |          0 |
|         u_core                  |         sha256_core_dsp__16 |       1578 |       1578 |       0 |    0 |  1653 |      0 |      0 |    0 |          0 |
|           u_core                |   sha256_core_iterative__16 |       1578 |       1578 |       0 |    0 |  1653 |      0 |      0 |    0 |          0 |
|     g_engines[16].u_engine      |     bitcoin_hash_engine__17 |       2508 |       2508 |       0 |    0 |  2632 |      0 |      0 |    0 |          0 |
|       (g_engines[16].u_engine)  |     bitcoin_hash_engine__17 |        673 |        673 |       0 |    0 |   979 |      0 |      0 |    0 |          0 |
|       u_core                    |     bitcoin_sha256_core__17 |       1835 |       1835 |       0 |    0 |  1653 |      0 |      0 |    0 |          0 |
|         (u_core)                |     bitcoin_sha256_core__17 |        257 |        257 |       0 |    0 |     0 |      0 |      0 |    0 |          0 |
|         u_core                  |         sha256_core_dsp__17 |       1578 |       1578 |       0 |    0 |  1653 |      0 |      0 |    0 |          0 |
|           u_core                |   sha256_core_iterative__17 |       1578 |       1578 |       0 |    0 |  1653 |      0 |      0 |    0 |          0 |
|     g_engines[17].u_engine      |     bitcoin_hash_engine__18 |       2508 |       2508 |       0 |    0 |  2632 |      0 |      0 |    0 |          0 |
|       (g_engines[17].u_engine)  |     bitcoin_hash_engine__18 |        673 |        673 |       0 |    0 |   979 |      0 |      0 |    0 |          0 |
|       u_core                    |     bitcoin_sha256_core__18 |       1835 |       1835 |       0 |    0 |  1653 |      0 |      0 |    0 |          0 |
|         (u_core)                |     bitcoin_sha256_core__18 |        257 |        257 |       0 |    0 |     0 |      0 |      0 |    0 |          0 |
|         u_core                  |         sha256_core_dsp__18 |       1578 |       1578 |       0 |    0 |  1653 |      0 |      0 |    0 |          0 |
|           u_core                |   sha256_core_iterative__18 |       1578 |       1578 |       0 |    0 |  1653 |      0 |      0 |    0 |          0 |
|     g_engines[18].u_engine      |     bitcoin_hash_engine__19 |       2508 |       2508 |       0 |    0 |  2632 |      0 |      0 |    0 |          0 |
|       (g_engines[18].u_engine)  |     bitcoin_hash_engine__19 |        673 |        673 |       0 |    0 |   979 |      0 |      0 |    0 |          0 |
|       u_core                    |     bitcoin_sha256_core__19 |       1835 |       1835 |       0 |    0 |  1653 |      0 |      0 |    0 |          0 |
|         (u_core)                |     bitcoin_sha256_core__19 |        257 |        257 |       0 |    0 |     0 |      0 |      0 |    0 |          0 |
|         u_core                  |         sha256_core_dsp__19 |       1578 |       1578 |       0 |    0 |  1653 |      0 |      0 |    0 |          0 |
|           u_core                |   sha256_core_iterative__19 |       1578 |       1578 |       0 |    0 |  1653 |      0 |      0 |    0 |          0 |
|     g_engines[19].u_engine      |     bitcoin_hash_engine__20 |       2508 |       2508 |       0 |    0 |  2632 |      0 |      0 |    0 |          0 |
|       (g_engines[19].u_engine)  |     bitcoin_hash_engine__20 |        673 |        673 |       0 |    0 |   979 |      0 |      0 |    0 |          0 |
|       u_core                    |     bitcoin_sha256_core__20 |       1835 |       1835 |       0 |    0 |  1653 |      0 |      0 |    0 |          0 |
|         (u_core)                |     bitcoin_sha256_core__20 |        257 |        257 |       0 |    0 |     0 |      0 |      0 |    0 |          0 |
|         u_core                  |         sha256_core_dsp__20 |       1578 |       1578 |       0 |    0 |  1653 |      0 |      0 |    0 |          0 |
|           u_core                |   sha256_core_iterative__20 |       1578 |       1578 |       0 |    0 |  1653 |      0 |      0 |    0 |          0 |
|     g_engines[1].u_engine       |      bitcoin_hash_engine__2 |       2508 |       2508 |       0 |    0 |  2632 |      0 |      0 |    0 |          0 |
|       (g_engines[1].u_engine)   |      bitcoin_hash_engine__2 |        673 |        673 |       0 |    0 |   979 |      0 |      0 |    0 |          0 |
|       u_core                    |      bitcoin_sha256_core__2 |       1835 |       1835 |       0 |    0 |  1653 |      0 |      0 |    0 |          0 |
|         (u_core)                |      bitcoin_sha256_core__2 |        257 |        257 |       0 |    0 |     0 |      0 |      0 |    0 |          0 |
|         u_core                  |          sha256_core_dsp__2 |       1578 |       1578 |       0 |    0 |  1653 |      0 |      0 |    0 |          0 |
|           u_core                |    sha256_core_iterative__2 |       1578 |       1578 |       0 |    0 |  1653 |      0 |      0 |    0 |          0 |
|     g_engines[20].u_engine      |     bitcoin_hash_engine__21 |       2508 |       2508 |       0 |    0 |  2632 |      0 |      0 |    0 |          0 |
|       (g_engines[20].u_engine)  |     bitcoin_hash_engine__21 |        673 |        673 |       0 |    0 |   979 |      0 |      0 |    0 |          0 |
|       u_core                    |     bitcoin_sha256_core__21 |       1835 |       1835 |       0 |    0 |  1653 |      0 |      0 |    0 |          0 |
|         (u_core)                |     bitcoin_sha256_core__21 |        257 |        257 |       0 |    0 |     0 |      0 |      0 |    0 |          0 |
|         u_core                  |         sha256_core_dsp__21 |       1578 |       1578 |       0 |    0 |  1653 |      0 |      0 |    0 |          0 |
|           u_core                |   sha256_core_iterative__21 |       1578 |       1578 |       0 |    0 |  1653 |      0 |      0 |    0 |          0 |
|     g_engines[21].u_engine      |     bitcoin_hash_engine__22 |       2508 |       2508 |       0 |    0 |  2632 |      0 |      0 |    0 |          0 |
|       (g_engines[21].u_engine)  |     bitcoin_hash_engine__22 |        673 |        673 |       0 |    0 |   979 |      0 |      0 |    0 |          0 |
|       u_core                    |     bitcoin_sha256_core__22 |       1835 |       1835 |       0 |    0 |  1653 |      0 |      0 |    0 |          0 |
|         (u_core)                |     bitcoin_sha256_core__22 |        257 |        257 |       0 |    0 |     0 |      0 |      0 |    0 |          0 |
|         u_core                  |         sha256_core_dsp__22 |       1578 |       1578 |       0 |    0 |  1653 |      0 |      0 |    0 |          0 |
|           u_core                |   sha256_core_iterative__22 |       1578 |       1578 |       0 |    0 |  1653 |      0 |      0 |    0 |          0 |
|     g_engines[22].u_engine      |     bitcoin_hash_engine__23 |       2508 |       2508 |       0 |    0 |  2632 |      0 |      0 |    0 |          0 |
|       (g_engines[22].u_engine)  |     bitcoin_hash_engine__23 |        673 |        673 |       0 |    0 |   979 |      0 |      0 |    0 |          0 |
|       u_core                    |     bitcoin_sha256_core__23 |       1835 |       1835 |       0 |    0 |  1653 |      0 |      0 |    0 |          0 |
|         (u_core)                |     bitcoin_sha256_core__23 |        257 |        257 |       0 |    0 |     0 |      0 |      0 |    0 |          0 |
|         u_core                  |         sha256_core_dsp__23 |       1578 |       1578 |       0 |    0 |  1653 |      0 |      0 |    0 |          0 |
|           u_core                |   sha256_core_iterative__23 |       1578 |       1578 |       0 |    0 |  1653 |      0 |      0 |    0 |          0 |
|     g_engines[23].u_engine      |     bitcoin_hash_engine__24 |       2508 |       2508 |       0 |    0 |  2632 |      0 |      0 |    0 |          0 |
|       (g_engines[23].u_engine)  |     bitcoin_hash_engine__24 |        673 |        673 |       0 |    0 |   979 |      0 |      0 |    0 |          0 |
|       u_core                    |     bitcoin_sha256_core__24 |       1835 |       1835 |       0 |    0 |  1653 |      0 |      0 |    0 |          0 |
|         (u_core)                |     bitcoin_sha256_core__24 |        257 |        257 |       0 |    0 |     0 |      0 |      0 |    0 |          0 |
|         u_core                  |         sha256_core_dsp__24 |       1578 |       1578 |       0 |    0 |  1653 |      0 |      0 |    0 |          0 |
|           u_core                |   sha256_core_iterative__24 |       1578 |       1578 |       0 |    0 |  1653 |      0 |      0 |    0 |          0 |
|     g_engines[24].u_engine      |     bitcoin_hash_engine__25 |       2508 |       2508 |       0 |    0 |  2632 |      0 |      0 |    0 |          0 |
|       (g_engines[24].u_engine)  |     bitcoin_hash_engine__25 |        673 |        673 |       0 |    0 |   979 |      0 |      0 |    0 |          0 |
|       u_core                    |     bitcoin_sha256_core__25 |       1835 |       1835 |       0 |    0 |  1653 |      0 |      0 |    0 |          0 |
|         (u_core)                |     bitcoin_sha256_core__25 |        257 |        257 |       0 |    0 |     0 |      0 |      0 |    0 |          0 |
|         u_core                  |         sha256_core_dsp__25 |       1578 |       1578 |       0 |    0 |  1653 |      0 |      0 |    0 |          0 |
|           u_core                |   sha256_core_iterative__25 |       1578 |       1578 |       0 |    0 |  1653 |      0 |      0 |    0 |          0 |
|     g_engines[25].u_engine      |     bitcoin_hash_engine__26 |       2508 |       2508 |       0 |    0 |  2632 |      0 |      0 |    0 |          0 |
|       (g_engines[25].u_engine)  |     bitcoin_hash_engine__26 |        673 |        673 |       0 |    0 |   979 |      0 |      0 |    0 |          0 |
|       u_core                    |     bitcoin_sha256_core__26 |       1835 |       1835 |       0 |    0 |  1653 |      0 |      0 |    0 |          0 |
|         (u_core)                |     bitcoin_sha256_core__26 |        257 |        257 |       0 |    0 |     0 |      0 |      0 |    0 |          0 |
|         u_core                  |         sha256_core_dsp__26 |       1578 |       1578 |       0 |    0 |  1653 |      0 |      0 |    0 |          0 |
|           u_core                |   sha256_core_iterative__26 |       1578 |       1578 |       0 |    0 |  1653 |      0 |      0 |    0 |          0 |
|     g_engines[26].u_engine      |     bitcoin_hash_engine__27 |       2508 |       2508 |       0 |    0 |  2632 |      0 |      0 |    0 |          0 |
|       (g_engines[26].u_engine)  |     bitcoin_hash_engine__27 |        673 |        673 |       0 |    0 |   979 |      0 |      0 |    0 |          0 |
|       u_core                    |     bitcoin_sha256_core__27 |       1835 |       1835 |       0 |    0 |  1653 |      0 |      0 |    0 |          0 |
|         (u_core)                |     bitcoin_sha256_core__27 |        257 |        257 |       0 |    0 |     0 |      0 |      0 |    0 |          0 |
|         u_core                  |         sha256_core_dsp__27 |       1578 |       1578 |       0 |    0 |  1653 |      0 |      0 |    0 |          0 |
|           u_core                |   sha256_core_iterative__27 |       1578 |       1578 |       0 |    0 |  1653 |      0 |      0 |    0 |          0 |
|     g_engines[27].u_engine      |     bitcoin_hash_engine__28 |       2508 |       2508 |       0 |    0 |  2632 |      0 |      0 |    0 |          0 |
|       (g_engines[27].u_engine)  |     bitcoin_hash_engine__28 |        673 |        673 |       0 |    0 |   979 |      0 |      0 |    0 |          0 |
|       u_core                    |     bitcoin_sha256_core__28 |       1835 |       1835 |       0 |    0 |  1653 |      0 |      0 |    0 |          0 |
|         (u_core)                |     bitcoin_sha256_core__28 |        257 |        257 |       0 |    0 |     0 |      0 |      0 |    0 |          0 |
|         u_core                  |         sha256_core_dsp__28 |       1578 |       1578 |       0 |    0 |  1653 |      0 |      0 |    0 |          0 |
|           u_core                |   sha256_core_iterative__28 |       1578 |       1578 |       0 |    0 |  1653 |      0 |      0 |    0 |          0 |
|     g_engines[28].u_engine      |     bitcoin_hash_engine__29 |       2508 |       2508 |       0 |    0 |  2632 |      0 |      0 |    0 |          0 |
|       (g_engines[28].u_engine)  |     bitcoin_hash_engine__29 |        673 |        673 |       0 |    0 |   979 |      0 |      0 |    0 |          0 |
|       u_core                    |     bitcoin_sha256_core__29 |       1835 |       1835 |       0 |    0 |  1653 |      0 |      0 |    0 |          0 |
|         (u_core)                |     bitcoin_sha256_core__29 |        257 |        257 |       0 |    0 |     0 |      0 |      0 |    0 |          0 |
|         u_core                  |         sha256_core_dsp__29 |       1578 |       1578 |       0 |    0 |  1653 |      0 |      0 |    0 |          0 |
|           u_core                |   sha256_core_iterative__29 |       1578 |       1578 |       0 |    0 |  1653 |      0 |      0 |    0 |          0 |
|     g_engines[29].u_engine      |     bitcoin_hash_engine__30 |       2508 |       2508 |       0 |    0 |  2632 |      0 |      0 |    0 |          0 |
|       (g_engines[29].u_engine)  |     bitcoin_hash_engine__30 |        673 |        673 |       0 |    0 |   979 |      0 |      0 |    0 |          0 |
|       u_core                    |     bitcoin_sha256_core__30 |       1835 |       1835 |       0 |    0 |  1653 |      0 |      0 |    0 |          0 |
|         (u_core)                |     bitcoin_sha256_core__30 |        257 |        257 |       0 |    0 |     0 |      0 |      0 |    0 |          0 |
|         u_core                  |         sha256_core_dsp__30 |       1578 |       1578 |       0 |    0 |  1653 |      0 |      0 |    0 |          0 |
|           u_core                |   sha256_core_iterative__30 |       1578 |       1578 |       0 |    0 |  1653 |      0 |      0 |    0 |          0 |
|     g_engines[2].u_engine       |      bitcoin_hash_engine__3 |       2508 |       2508 |       0 |    0 |  2632 |      0 |      0 |    0 |          0 |
|       (g_engines[2].u_engine)   |      bitcoin_hash_engine__3 |        673 |        673 |       0 |    0 |   979 |      0 |      0 |    0 |          0 |
|       u_core                    |      bitcoin_sha256_core__3 |       1835 |       1835 |       0 |    0 |  1653 |      0 |      0 |    0 |          0 |
|         (u_core)                |      bitcoin_sha256_core__3 |        257 |        257 |       0 |    0 |     0 |      0 |      0 |    0 |          0 |
|         u_core                  |          sha256_core_dsp__3 |       1578 |       1578 |       0 |    0 |  1653 |      0 |      0 |    0 |          0 |
|           u_core                |    sha256_core_iterative__3 |       1578 |       1578 |       0 |    0 |  1653 |      0 |      0 |    0 |          0 |
|     g_engines[30].u_engine      |     bitcoin_hash_engine__31 |       2508 |       2508 |       0 |    0 |  2632 |      0 |      0 |    0 |          0 |
|       (g_engines[30].u_engine)  |     bitcoin_hash_engine__31 |        673 |        673 |       0 |    0 |   979 |      0 |      0 |    0 |          0 |
|       u_core                    |     bitcoin_sha256_core__31 |       1835 |       1835 |       0 |    0 |  1653 |      0 |      0 |    0 |          0 |
|         (u_core)                |     bitcoin_sha256_core__31 |        257 |        257 |       0 |    0 |     0 |      0 |      0 |    0 |          0 |
|         u_core                  |         sha256_core_dsp__31 |       1578 |       1578 |       0 |    0 |  1653 |      0 |      0 |    0 |          0 |
|           u_core                |   sha256_core_iterative__31 |       1578 |       1578 |       0 |    0 |  1653 |      0 |      0 |    0 |          0 |
|     g_engines[31].u_engine      |         bitcoin_hash_engine |       2508 |       2508 |       0 |    0 |  2632 |      0 |      0 |    0 |          0 |
|       (g_engines[31].u_engine)  |         bitcoin_hash_engine |        673 |        673 |       0 |    0 |   979 |      0 |      0 |    0 |          0 |
|       u_core                    |         bitcoin_sha256_core |       1835 |       1835 |       0 |    0 |  1653 |      0 |      0 |    0 |          0 |
|         (u_core)                |         bitcoin_sha256_core |        257 |        257 |       0 |    0 |     0 |      0 |      0 |    0 |          0 |
|         u_core                  |             sha256_core_dsp |       1578 |       1578 |       0 |    0 |  1653 |      0 |      0 |    0 |          0 |
|           u_core                |       sha256_core_iterative |       1578 |       1578 |       0 |    0 |  1653 |      0 |      0 |    0 |          0 |
|     g_engines[3].u_engine       |      bitcoin_hash_engine__4 |       2508 |       2508 |       0 |    0 |  2632 |      0 |      0 |    0 |          0 |
|       (g_engines[3].u_engine)   |      bitcoin_hash_engine__4 |        673 |        673 |       0 |    0 |   979 |      0 |      0 |    0 |          0 |
|       u_core                    |      bitcoin_sha256_core__4 |       1835 |       1835 |       0 |    0 |  1653 |      0 |      0 |    0 |          0 |
|         (u_core)                |      bitcoin_sha256_core__4 |        257 |        257 |       0 |    0 |     0 |      0 |      0 |    0 |          0 |
|         u_core                  |          sha256_core_dsp__4 |       1578 |       1578 |       0 |    0 |  1653 |      0 |      0 |    0 |          0 |
|           u_core                |    sha256_core_iterative__4 |       1578 |       1578 |       0 |    0 |  1653 |      0 |      0 |    0 |          0 |
|     g_engines[4].u_engine       |      bitcoin_hash_engine__5 |       2508 |       2508 |       0 |    0 |  2632 |      0 |      0 |    0 |          0 |
|       (g_engines[4].u_engine)   |      bitcoin_hash_engine__5 |        673 |        673 |       0 |    0 |   979 |      0 |      0 |    0 |          0 |
|       u_core                    |      bitcoin_sha256_core__5 |       1835 |       1835 |       0 |    0 |  1653 |      0 |      0 |    0 |          0 |
|         (u_core)                |      bitcoin_sha256_core__5 |        257 |        257 |       0 |    0 |     0 |      0 |      0 |    0 |          0 |
|         u_core                  |          sha256_core_dsp__5 |       1578 |       1578 |       0 |    0 |  1653 |      0 |      0 |    0 |          0 |
|           u_core                |    sha256_core_iterative__5 |       1578 |       1578 |       0 |    0 |  1653 |      0 |      0 |    0 |          0 |
|     g_engines[5].u_engine       |      bitcoin_hash_engine__6 |       2508 |       2508 |       0 |    0 |  2632 |      0 |      0 |    0 |          0 |
|       (g_engines[5].u_engine)   |      bitcoin_hash_engine__6 |        673 |        673 |       0 |    0 |   979 |      0 |      0 |    0 |          0 |
|       u_core                    |      bitcoin_sha256_core__6 |       1835 |       1835 |       0 |    0 |  1653 |      0 |      0 |    0 |          0 |
|         (u_core)                |      bitcoin_sha256_core__6 |        257 |        257 |       0 |    0 |     0 |      0 |      0 |    0 |          0 |
|         u_core                  |          sha256_core_dsp__6 |       1578 |       1578 |       0 |    0 |  1653 |      0 |      0 |    0 |          0 |
|           u_core                |    sha256_core_iterative__6 |       1578 |       1578 |       0 |    0 |  1653 |      0 |      0 |    0 |          0 |
|     g_engines[6].u_engine       |      bitcoin_hash_engine__7 |       2508 |       2508 |       0 |    0 |  2632 |      0 |      0 |    0 |          0 |
|       (g_engines[6].u_engine)   |      bitcoin_hash_engine__7 |        673 |        673 |       0 |    0 |   979 |      0 |      0 |    0 |          0 |
|       u_core                    |      bitcoin_sha256_core__7 |       1835 |       1835 |       0 |    0 |  1653 |      0 |      0 |    0 |          0 |
|         (u_core)                |      bitcoin_sha256_core__7 |        257 |        257 |       0 |    0 |     0 |      0 |      0 |    0 |          0 |
|         u_core                  |          sha256_core_dsp__7 |       1578 |       1578 |       0 |    0 |  1653 |      0 |      0 |    0 |          0 |
|           u_core                |    sha256_core_iterative__7 |       1578 |       1578 |       0 |    0 |  1653 |      0 |      0 |    0 |          0 |
|     g_engines[7].u_engine       |      bitcoin_hash_engine__8 |       2508 |       2508 |       0 |    0 |  2632 |      0 |      0 |    0 |          0 |
|       (g_engines[7].u_engine)   |      bitcoin_hash_engine__8 |        673 |        673 |       0 |    0 |   979 |      0 |      0 |    0 |          0 |
|       u_core                    |      bitcoin_sha256_core__8 |       1835 |       1835 |       0 |    0 |  1653 |      0 |      0 |    0 |          0 |
|         (u_core)                |      bitcoin_sha256_core__8 |        257 |        257 |       0 |    0 |     0 |      0 |      0 |    0 |          0 |
|         u_core                  |          sha256_core_dsp__8 |       1578 |       1578 |       0 |    0 |  1653 |      0 |      0 |    0 |          0 |
|           u_core                |    sha256_core_iterative__8 |       1578 |       1578 |       0 |    0 |  1653 |      0 |      0 |    0 |          0 |
|     g_engines[8].u_engine       |      bitcoin_hash_engine__9 |       2508 |       2508 |       0 |    0 |  2632 |      0 |      0 |    0 |          0 |
|       (g_engines[8].u_engine)   |      bitcoin_hash_engine__9 |        673 |        673 |       0 |    0 |   979 |      0 |      0 |    0 |          0 |
|       u_core                    |      bitcoin_sha256_core__9 |       1835 |       1835 |       0 |    0 |  1653 |      0 |      0 |    0 |          0 |
|         (u_core)                |      bitcoin_sha256_core__9 |        257 |        257 |       0 |    0 |     0 |      0 |      0 |    0 |          0 |
|         u_core                  |          sha256_core_dsp__9 |       1578 |       1578 |       0 |    0 |  1653 |      0 |      0 |    0 |          0 |
|           u_core                |    sha256_core_iterative__9 |       1578 |       1578 |       0 |    0 |  1653 |      0 |      0 |    0 |          0 |
|     g_engines[9].u_engine       |     bitcoin_hash_engine__10 |       2508 |       2508 |       0 |    0 |  2632 |      0 |      0 |    0 |          0 |
|       (g_engines[9].u_engine)   |     bitcoin_hash_engine__10 |        673 |        673 |       0 |    0 |   979 |      0 |      0 |    0 |          0 |
|       u_core                    |     bitcoin_sha256_core__10 |       1835 |       1835 |       0 |    0 |  1653 |      0 |      0 |    0 |          0 |
|         (u_core)                |     bitcoin_sha256_core__10 |        257 |        257 |       0 |    0 |     0 |      0 |      0 |    0 |          0 |
|         u_core                  |         sha256_core_dsp__10 |       1578 |       1578 |       0 |    0 |  1653 |      0 |      0 |    0 |          0 |
|           u_core                |   sha256_core_iterative__10 |       1578 |       1578 |       0 |    0 |  1653 |      0 |      0 |    0 |          0 |
+---------------------------------+-----------------------------+------------+------------+---------+------+-------+--------+--------+------+------------+


