Copyright 1986-2022 Xilinx, Inc. All Rights Reserved. Copyright 2022-2026 Advanced Micro Devices, Inc. All Rights Reserved.
----------------------------------------------------------------------------------------------------------------------------------------------
| Tool Version : Vivado v.2026.1 (lin64) Build 6511674 Tue Jun 16 11:01:26 MDT 2026
| Date         : Tue Aug 11 18:54:27 2026
| Host         : NiuBi running 64-bit Ubuntu 24.04.4 LTS
| Command      : report_utilization -file /raid/work/vek280_bitcoin_miner/reports/synth_miner32_ooc/utilization_miner32_ooc.rpt -hierarchical
| Design       : bitcoin_miner_axi_32
| Device       : xcve2802-vsvh1760-2MP-e-S
| Speed File   : -2MP
| Design State : Synthesized
----------------------------------------------------------------------------------------------------------------------------------------------

Utilization Design Information

Table of Contents
-----------------
1. Utilization by Hierarchy

1. Utilization by Hierarchy
---------------------------

+---------------------------------+-----------------------------+------------+------------+---------+------+--------+--------+--------+------+------------+
|             Instance            |            Module           | Total LUTs | Logic LUTs | LUTRAMs | SRLs |   FFs  | RAMB36 | RAMB18 | URAM | DSP Blocks |
+---------------------------------+-----------------------------+------------+------------+---------+------+--------+--------+--------+------+------------+
| bitcoin_miner_axi_32            |                       (top) |      91476 |      91476 |       0 |    0 | 123595 |      0 |      0 |    0 |          0 |
|   (bitcoin_miner_axi_32)        |                       (top) |          0 |          0 |       0 |    0 |      0 |      0 |      0 |    0 |          0 |
|   u_miner                       |           bitcoin_miner_axi |      91476 |      91476 |       0 |    0 | 123595 |      0 |      0 |    0 |          0 |
|     (u_miner)                   |           bitcoin_miner_axi |       1035 |       1035 |       0 |    0 |   3255 |      0 |      0 |    0 |          0 |
|     g_clusters[0].u_result_fifo | bitcoin_result_cluster_fifo |       4137 |       4137 |       0 |    0 |  10868 |      0 |      0 |    0 |          0 |
|     g_engines[0].u_engine       |      bitcoin_hash_engine__1 |       2697 |       2697 |       0 |    0 |   3421 |      0 |      0 |    0 |          0 |
|       (g_engines[0].u_engine)   |      bitcoin_hash_engine__1 |       1094 |       1094 |       0 |    0 |   1768 |      0 |      0 |    0 |          0 |
|       u_core                    |       sha256_core_fabric__1 |       1603 |       1603 |       0 |    0 |   1653 |      0 |      0 |    0 |          0 |
|         u_core                  |    sha256_core_iterative__1 |       1603 |       1603 |       0 |    0 |   1653 |      0 |      0 |    0 |          0 |
|     g_engines[10].u_engine      |     bitcoin_hash_engine__11 |       2697 |       2697 |       0 |    0 |   3421 |      0 |      0 |    0 |          0 |
|       (g_engines[10].u_engine)  |     bitcoin_hash_engine__11 |       1094 |       1094 |       0 |    0 |   1768 |      0 |      0 |    0 |          0 |
|       u_core                    |      sha256_core_fabric__11 |       1603 |       1603 |       0 |    0 |   1653 |      0 |      0 |    0 |          0 |
|         u_core                  |   sha256_core_iterative__11 |       1603 |       1603 |       0 |    0 |   1653 |      0 |      0 |    0 |          0 |
|     g_engines[11].u_engine      |     bitcoin_hash_engine__12 |       2697 |       2697 |       0 |    0 |   3421 |      0 |      0 |    0 |          0 |
|       (g_engines[11].u_engine)  |     bitcoin_hash_engine__12 |       1094 |       1094 |       0 |    0 |   1768 |      0 |      0 |    0 |          0 |
|       u_core                    |      sha256_core_fabric__12 |       1603 |       1603 |       0 |    0 |   1653 |      0 |      0 |    0 |          0 |
|         u_core                  |   sha256_core_iterative__12 |       1603 |       1603 |       0 |    0 |   1653 |      0 |      0 |    0 |          0 |
|     g_engines[12].u_engine      |     bitcoin_hash_engine__13 |       2697 |       2697 |       0 |    0 |   3421 |      0 |      0 |    0 |          0 |
|       (g_engines[12].u_engine)  |     bitcoin_hash_engine__13 |       1094 |       1094 |       0 |    0 |   1768 |      0 |      0 |    0 |          0 |
|       u_core                    |      sha256_core_fabric__13 |       1603 |       1603 |       0 |    0 |   1653 |      0 |      0 |    0 |          0 |
|         u_core                  |   sha256_core_iterative__13 |       1603 |       1603 |       0 |    0 |   1653 |      0 |      0 |    0 |          0 |
|     g_engines[13].u_engine      |     bitcoin_hash_engine__14 |       2697 |       2697 |       0 |    0 |   3421 |      0 |      0 |    0 |          0 |
|       (g_engines[13].u_engine)  |     bitcoin_hash_engine__14 |       1094 |       1094 |       0 |    0 |   1768 |      0 |      0 |    0 |          0 |
|       u_core                    |      sha256_core_fabric__14 |       1603 |       1603 |       0 |    0 |   1653 |      0 |      0 |    0 |          0 |
|         u_core                  |   sha256_core_iterative__14 |       1603 |       1603 |       0 |    0 |   1653 |      0 |      0 |    0 |          0 |
|     g_engines[14].u_engine      |     bitcoin_hash_engine__15 |       2697 |       2697 |       0 |    0 |   3421 |      0 |      0 |    0 |          0 |
|       (g_engines[14].u_engine)  |     bitcoin_hash_engine__15 |       1094 |       1094 |       0 |    0 |   1768 |      0 |      0 |    0 |          0 |
|       u_core                    |      sha256_core_fabric__15 |       1603 |       1603 |       0 |    0 |   1653 |      0 |      0 |    0 |          0 |
|         u_core                  |   sha256_core_iterative__15 |       1603 |       1603 |       0 |    0 |   1653 |      0 |      0 |    0 |          0 |
|     g_engines[15].u_engine      |     bitcoin_hash_engine__16 |       2697 |       2697 |       0 |    0 |   3421 |      0 |      0 |    0 |          0 |
|       (g_engines[15].u_engine)  |     bitcoin_hash_engine__16 |       1094 |       1094 |       0 |    0 |   1768 |      0 |      0 |    0 |          0 |
|       u_core                    |      sha256_core_fabric__16 |       1603 |       1603 |       0 |    0 |   1653 |      0 |      0 |    0 |          0 |
|         u_core                  |   sha256_core_iterative__16 |       1603 |       1603 |       0 |    0 |   1653 |      0 |      0 |    0 |          0 |
|     g_engines[16].u_engine      |     bitcoin_hash_engine__17 |       2697 |       2697 |       0 |    0 |   3421 |      0 |      0 |    0 |          0 |
|       (g_engines[16].u_engine)  |     bitcoin_hash_engine__17 |       1094 |       1094 |       0 |    0 |   1768 |      0 |      0 |    0 |          0 |
|       u_core                    |      sha256_core_fabric__17 |       1603 |       1603 |       0 |    0 |   1653 |      0 |      0 |    0 |          0 |
|         u_core                  |   sha256_core_iterative__17 |       1603 |       1603 |       0 |    0 |   1653 |      0 |      0 |    0 |          0 |
|     g_engines[17].u_engine      |     bitcoin_hash_engine__18 |       2697 |       2697 |       0 |    0 |   3421 |      0 |      0 |    0 |          0 |
|       (g_engines[17].u_engine)  |     bitcoin_hash_engine__18 |       1094 |       1094 |       0 |    0 |   1768 |      0 |      0 |    0 |          0 |
|       u_core                    |      sha256_core_fabric__18 |       1603 |       1603 |       0 |    0 |   1653 |      0 |      0 |    0 |          0 |
|         u_core                  |   sha256_core_iterative__18 |       1603 |       1603 |       0 |    0 |   1653 |      0 |      0 |    0 |          0 |
|     g_engines[18].u_engine      |     bitcoin_hash_engine__19 |       2697 |       2697 |       0 |    0 |   3421 |      0 |      0 |    0 |          0 |
|       (g_engines[18].u_engine)  |     bitcoin_hash_engine__19 |       1094 |       1094 |       0 |    0 |   1768 |      0 |      0 |    0 |          0 |
|       u_core                    |      sha256_core_fabric__19 |       1603 |       1603 |       0 |    0 |   1653 |      0 |      0 |    0 |          0 |
|         u_core                  |   sha256_core_iterative__19 |       1603 |       1603 |       0 |    0 |   1653 |      0 |      0 |    0 |          0 |
|     g_engines[19].u_engine      |     bitcoin_hash_engine__20 |       2697 |       2697 |       0 |    0 |   3421 |      0 |      0 |    0 |          0 |
|       (g_engines[19].u_engine)  |     bitcoin_hash_engine__20 |       1094 |       1094 |       0 |    0 |   1768 |      0 |      0 |    0 |          0 |
|       u_core                    |      sha256_core_fabric__20 |       1603 |       1603 |       0 |    0 |   1653 |      0 |      0 |    0 |          0 |
|         u_core                  |   sha256_core_iterative__20 |       1603 |       1603 |       0 |    0 |   1653 |      0 |      0 |    0 |          0 |
|     g_engines[1].u_engine       |      bitcoin_hash_engine__2 |       2697 |       2697 |       0 |    0 |   3421 |      0 |      0 |    0 |          0 |
|       (g_engines[1].u_engine)   |      bitcoin_hash_engine__2 |       1094 |       1094 |       0 |    0 |   1768 |      0 |      0 |    0 |          0 |
|       u_core                    |       sha256_core_fabric__2 |       1603 |       1603 |       0 |    0 |   1653 |      0 |      0 |    0 |          0 |
|         u_core                  |    sha256_core_iterative__2 |       1603 |       1603 |       0 |    0 |   1653 |      0 |      0 |    0 |          0 |
|     g_engines[20].u_engine      |     bitcoin_hash_engine__21 |       2697 |       2697 |       0 |    0 |   3421 |      0 |      0 |    0 |          0 |
|       (g_engines[20].u_engine)  |     bitcoin_hash_engine__21 |       1094 |       1094 |       0 |    0 |   1768 |      0 |      0 |    0 |          0 |
|       u_core                    |      sha256_core_fabric__21 |       1603 |       1603 |       0 |    0 |   1653 |      0 |      0 |    0 |          0 |
|         u_core                  |   sha256_core_iterative__21 |       1603 |       1603 |       0 |    0 |   1653 |      0 |      0 |    0 |          0 |
|     g_engines[21].u_engine      |     bitcoin_hash_engine__22 |       2697 |       2697 |       0 |    0 |   3421 |      0 |      0 |    0 |          0 |
|       (g_engines[21].u_engine)  |     bitcoin_hash_engine__22 |       1094 |       1094 |       0 |    0 |   1768 |      0 |      0 |    0 |          0 |
|       u_core                    |      sha256_core_fabric__22 |       1603 |       1603 |       0 |    0 |   1653 |      0 |      0 |    0 |          0 |
|         u_core                  |   sha256_core_iterative__22 |       1603 |       1603 |       0 |    0 |   1653 |      0 |      0 |    0 |          0 |
|     g_engines[22].u_engine      |     bitcoin_hash_engine__23 |       2697 |       2697 |       0 |    0 |   3421 |      0 |      0 |    0 |          0 |
|       (g_engines[22].u_engine)  |     bitcoin_hash_engine__23 |       1094 |       1094 |       0 |    0 |   1768 |      0 |      0 |    0 |          0 |
|       u_core                    |      sha256_core_fabric__23 |       1603 |       1603 |       0 |    0 |   1653 |      0 |      0 |    0 |          0 |
|         u_core                  |   sha256_core_iterative__23 |       1603 |       1603 |       0 |    0 |   1653 |      0 |      0 |    0 |          0 |
|     g_engines[23].u_engine      |     bitcoin_hash_engine__24 |       2697 |       2697 |       0 |    0 |   3421 |      0 |      0 |    0 |          0 |
|       (g_engines[23].u_engine)  |     bitcoin_hash_engine__24 |       1094 |       1094 |       0 |    0 |   1768 |      0 |      0 |    0 |          0 |
|       u_core                    |      sha256_core_fabric__24 |       1603 |       1603 |       0 |    0 |   1653 |      0 |      0 |    0 |          0 |
|         u_core                  |   sha256_core_iterative__24 |       1603 |       1603 |       0 |    0 |   1653 |      0 |      0 |    0 |          0 |
|     g_engines[24].u_engine      |     bitcoin_hash_engine__25 |       2697 |       2697 |       0 |    0 |   3421 |      0 |      0 |    0 |          0 |
|       (g_engines[24].u_engine)  |     bitcoin_hash_engine__25 |       1094 |       1094 |       0 |    0 |   1768 |      0 |      0 |    0 |          0 |
|       u_core                    |      sha256_core_fabric__25 |       1603 |       1603 |       0 |    0 |   1653 |      0 |      0 |    0 |          0 |
|         u_core                  |   sha256_core_iterative__25 |       1603 |       1603 |       0 |    0 |   1653 |      0 |      0 |    0 |          0 |
|     g_engines[25].u_engine      |     bitcoin_hash_engine__26 |       2697 |       2697 |       0 |    0 |   3421 |      0 |      0 |    0 |          0 |
|       (g_engines[25].u_engine)  |     bitcoin_hash_engine__26 |       1094 |       1094 |       0 |    0 |   1768 |      0 |      0 |    0 |          0 |
|       u_core                    |      sha256_core_fabric__26 |       1603 |       1603 |       0 |    0 |   1653 |      0 |      0 |    0 |          0 |
|         u_core                  |   sha256_core_iterative__26 |       1603 |       1603 |       0 |    0 |   1653 |      0 |      0 |    0 |          0 |
|     g_engines[26].u_engine      |     bitcoin_hash_engine__27 |       2697 |       2697 |       0 |    0 |   3421 |      0 |      0 |    0 |          0 |
|       (g_engines[26].u_engine)  |     bitcoin_hash_engine__27 |       1094 |       1094 |       0 |    0 |   1768 |      0 |      0 |    0 |          0 |
|       u_core                    |      sha256_core_fabric__27 |       1603 |       1603 |       0 |    0 |   1653 |      0 |      0 |    0 |          0 |
|         u_core                  |   sha256_core_iterative__27 |       1603 |       1603 |       0 |    0 |   1653 |      0 |      0 |    0 |          0 |
|     g_engines[27].u_engine      |     bitcoin_hash_engine__28 |       2697 |       2697 |       0 |    0 |   3421 |      0 |      0 |    0 |          0 |
|       (g_engines[27].u_engine)  |     bitcoin_hash_engine__28 |       1094 |       1094 |       0 |    0 |   1768 |      0 |      0 |    0 |          0 |
|       u_core                    |      sha256_core_fabric__28 |       1603 |       1603 |       0 |    0 |   1653 |      0 |      0 |    0 |          0 |
|         u_core                  |   sha256_core_iterative__28 |       1603 |       1603 |       0 |    0 |   1653 |      0 |      0 |    0 |          0 |
|     g_engines[28].u_engine      |     bitcoin_hash_engine__29 |       2697 |       2697 |       0 |    0 |   3421 |      0 |      0 |    0 |          0 |
|       (g_engines[28].u_engine)  |     bitcoin_hash_engine__29 |       1094 |       1094 |       0 |    0 |   1768 |      0 |      0 |    0 |          0 |
|       u_core                    |      sha256_core_fabric__29 |       1603 |       1603 |       0 |    0 |   1653 |      0 |      0 |    0 |          0 |
|         u_core                  |   sha256_core_iterative__29 |       1603 |       1603 |       0 |    0 |   1653 |      0 |      0 |    0 |          0 |
|     g_engines[29].u_engine      |     bitcoin_hash_engine__30 |       2697 |       2697 |       0 |    0 |   3421 |      0 |      0 |    0 |          0 |
|       (g_engines[29].u_engine)  |     bitcoin_hash_engine__30 |       1094 |       1094 |       0 |    0 |   1768 |      0 |      0 |    0 |          0 |
|       u_core                    |      sha256_core_fabric__30 |       1603 |       1603 |       0 |    0 |   1653 |      0 |      0 |    0 |          0 |
|         u_core                  |   sha256_core_iterative__30 |       1603 |       1603 |       0 |    0 |   1653 |      0 |      0 |    0 |          0 |
|     g_engines[2].u_engine       |      bitcoin_hash_engine__3 |       2697 |       2697 |       0 |    0 |   3421 |      0 |      0 |    0 |          0 |
|       (g_engines[2].u_engine)   |      bitcoin_hash_engine__3 |       1094 |       1094 |       0 |    0 |   1768 |      0 |      0 |    0 |          0 |
|       u_core                    |       sha256_core_fabric__3 |       1603 |       1603 |       0 |    0 |   1653 |      0 |      0 |    0 |          0 |
|         u_core                  |    sha256_core_iterative__3 |       1603 |       1603 |       0 |    0 |   1653 |      0 |      0 |    0 |          0 |
|     g_engines[30].u_engine      |     bitcoin_hash_engine__31 |       2697 |       2697 |       0 |    0 |   3421 |      0 |      0 |    0 |          0 |
|       (g_engines[30].u_engine)  |     bitcoin_hash_engine__31 |       1094 |       1094 |       0 |    0 |   1768 |      0 |      0 |    0 |          0 |
|       u_core                    |      sha256_core_fabric__31 |       1603 |       1603 |       0 |    0 |   1653 |      0 |      0 |    0 |          0 |
|         u_core                  |   sha256_core_iterative__31 |       1603 |       1603 |       0 |    0 |   1653 |      0 |      0 |    0 |          0 |
|     g_engines[31].u_engine      |         bitcoin_hash_engine |       2697 |       2697 |       0 |    0 |   3421 |      0 |      0 |    0 |          0 |
|       (g_engines[31].u_engine)  |         bitcoin_hash_engine |       1094 |       1094 |       0 |    0 |   1768 |      0 |      0 |    0 |          0 |
|       u_core                    |          sha256_core_fabric |       1603 |       1603 |       0 |    0 |   1653 |      0 |      0 |    0 |          0 |
|         u_core                  |       sha256_core_iterative |       1603 |       1603 |       0 |    0 |   1653 |      0 |      0 |    0 |          0 |
|     g_engines[3].u_engine       |      bitcoin_hash_engine__4 |       2697 |       2697 |       0 |    0 |   3421 |      0 |      0 |    0 |          0 |
|       (g_engines[3].u_engine)   |      bitcoin_hash_engine__4 |       1094 |       1094 |       0 |    0 |   1768 |      0 |      0 |    0 |          0 |
|       u_core                    |       sha256_core_fabric__4 |       1603 |       1603 |       0 |    0 |   1653 |      0 |      0 |    0 |          0 |
|         u_core                  |    sha256_core_iterative__4 |       1603 |       1603 |       0 |    0 |   1653 |      0 |      0 |    0 |          0 |
|     g_engines[4].u_engine       |      bitcoin_hash_engine__5 |       2697 |       2697 |       0 |    0 |   3421 |      0 |      0 |    0 |          0 |
|       (g_engines[4].u_engine)   |      bitcoin_hash_engine__5 |       1094 |       1094 |       0 |    0 |   1768 |      0 |      0 |    0 |          0 |
|       u_core                    |       sha256_core_fabric__5 |       1603 |       1603 |       0 |    0 |   1653 |      0 |      0 |    0 |          0 |
|         u_core                  |    sha256_core_iterative__5 |       1603 |       1603 |       0 |    0 |   1653 |      0 |      0 |    0 |          0 |
|     g_engines[5].u_engine       |      bitcoin_hash_engine__6 |       2697 |       2697 |       0 |    0 |   3421 |      0 |      0 |    0 |          0 |
|       (g_engines[5].u_engine)   |      bitcoin_hash_engine__6 |       1094 |       1094 |       0 |    0 |   1768 |      0 |      0 |    0 |          0 |
|       u_core                    |       sha256_core_fabric__6 |       1603 |       1603 |       0 |    0 |   1653 |      0 |      0 |    0 |          0 |
|         u_core                  |    sha256_core_iterative__6 |       1603 |       1603 |       0 |    0 |   1653 |      0 |      0 |    0 |          0 |
|     g_engines[6].u_engine       |      bitcoin_hash_engine__7 |       2697 |       2697 |       0 |    0 |   3421 |      0 |      0 |    0 |          0 |
|       (g_engines[6].u_engine)   |      bitcoin_hash_engine__7 |       1094 |       1094 |       0 |    0 |   1768 |      0 |      0 |    0 |          0 |
|       u_core                    |       sha256_core_fabric__7 |       1603 |       1603 |       0 |    0 |   1653 |      0 |      0 |    0 |          0 |
|         u_core                  |    sha256_core_iterative__7 |       1603 |       1603 |       0 |    0 |   1653 |      0 |      0 |    0 |          0 |
|     g_engines[7].u_engine       |      bitcoin_hash_engine__8 |       2697 |       2697 |       0 |    0 |   3421 |      0 |      0 |    0 |          0 |
|       (g_engines[7].u_engine)   |      bitcoin_hash_engine__8 |       1094 |       1094 |       0 |    0 |   1768 |      0 |      0 |    0 |          0 |
|       u_core                    |       sha256_core_fabric__8 |       1603 |       1603 |       0 |    0 |   1653 |      0 |      0 |    0 |          0 |
|         u_core                  |    sha256_core_iterative__8 |       1603 |       1603 |       0 |    0 |   1653 |      0 |      0 |    0 |          0 |
|     g_engines[8].u_engine       |      bitcoin_hash_engine__9 |       2697 |       2697 |       0 |    0 |   3421 |      0 |      0 |    0 |          0 |
|       (g_engines[8].u_engine)   |      bitcoin_hash_engine__9 |       1094 |       1094 |       0 |    0 |   1768 |      0 |      0 |    0 |          0 |
|       u_core                    |       sha256_core_fabric__9 |       1603 |       1603 |       0 |    0 |   1653 |      0 |      0 |    0 |          0 |
|         u_core                  |    sha256_core_iterative__9 |       1603 |       1603 |       0 |    0 |   1653 |      0 |      0 |    0 |          0 |
|     g_engines[9].u_engine       |     bitcoin_hash_engine__10 |       2697 |       2697 |       0 |    0 |   3421 |      0 |      0 |    0 |          0 |
|       (g_engines[9].u_engine)   |     bitcoin_hash_engine__10 |       1094 |       1094 |       0 |    0 |   1768 |      0 |      0 |    0 |          0 |
|       u_core                    |      sha256_core_fabric__10 |       1603 |       1603 |       0 |    0 |   1653 |      0 |      0 |    0 |          0 |
|         u_core                  |   sha256_core_iterative__10 |       1603 |       1603 |       0 |    0 |   1653 |      0 |      0 |    0 |          0 |
+---------------------------------+-----------------------------+------------+------------+---------+------+--------+--------+--------+------+------------+


