Copyright 1986-2022 Xilinx, Inc. All Rights Reserved. Copyright 2022-2026 Advanced Micro Devices, Inc. All Rights Reserved.
--------------------------------------------------------------------------------------------------------------------------------------------------
| Tool Version      : Vivado v.2026.1 (lin64) Build 6511674 Tue Jun 16 11:01:26 MDT 2026
| Date              : Wed Aug 12 06:12:07 2026
| Host              : NiuBi running 64-bit Ubuntu 24.04.4 LTS
| Command           : report_timing_summary -file /raid/work/vek280_bitcoin_miner/reports/synth_miner32_ooc_dsp/timing_miner32_ooc.rpt
| Design            : bitcoin_miner_axi_32
| Device            : xcve2802-vsvh1760
| Speed File        : -2MP  PRODUCTION 2.04 2026-03-17
| Design State      : Synthesized
| Temperature Grade : E
--------------------------------------------------------------------------------------------------------------------------------------------------

Timing Summary Report

------------------------------------------------------------------------------------------------
| Timer Settings
| --------------
------------------------------------------------------------------------------------------------

  Enable Multi Corner Analysis               :  Yes
  Enable Pessimism Removal                   :  Yes
  Pessimism Removal Resolution               :  Nearest Common Node
  Enable Input Delay Default Clock           :  No
  Enable Preset / Clear Arcs                 :  No
  Disable Flight Delays                      :  No
  Ignore I/O Paths                           :  No
  Timing Early Launch at Borrowing Latches   :  No
  Borrow Time for Max Delay Exceptions       :  Yes
  Merge Timing Exceptions                    :  Yes
  Inter-SLR Compensation                     :  Conservative

  Corner  Analyze    Analyze    
  Name    Max Paths  Min Paths  
  ------  ---------  ---------  
  Slow    Yes        Yes        
  Fast    Yes        Yes        


------------------------------------------------------------------------------------------------
| Report Methodology
| ------------------
------------------------------------------------------------------------------------------------

No report available as report_methodology has not been run prior. Run report_methodology on the current design for the summary of methodology violations.



check_timing report

Table of Contents
-----------------
1. checking no_clock (0)
2. checking constant_clock (0)
3. checking pulse_width_clock (0)
4. checking unconstrained_internal_endpoints (0)
5. checking no_input_delay (62)
6. checking no_output_delay (38)
7. checking multiple_clock (0)
8. checking generated_clocks (0)
9. checking loops (0)
10. checking partial_input_delay (0)
11. checking partial_output_delay (0)
12. checking latch_loops (0)

1. checking no_clock (0)
------------------------
 There are 0 register/latch pins with no clock.


2. checking constant_clock (0)
------------------------------
 There are 0 register/latch pins with constant_clock.


3. checking pulse_width_clock (0)
---------------------------------
 There are 0 register/latch pins which need pulse_width check


4. checking unconstrained_internal_endpoints (0)
------------------------------------------------
 There are 0 pins that are not constrained for maximum delay.

 There are 0 pins that are not constrained for maximum delay due to constant clock.


5. checking no_input_delay (62)
-------------------------------
 There are 62 input ports with no input delay specified. (HIGH)

 There are 0 input ports with no input delay but user has a false path constraint.


6. checking no_output_delay (38)
--------------------------------
 There are 38 ports with no output delay specified. (HIGH)

 There are 0 ports with no output delay but user has a false path constraint

 There are 0 ports with no output delay but with a timing clock defined on it or propagating through it


7. checking multiple_clock (0)
------------------------------
 There are 0 register/latch pins with multiple clocks.


8. checking generated_clocks (0)
--------------------------------
 There are 0 generated clocks that are not connected to a clock source.


9. checking loops (0)
---------------------
 There are 0 combinational loops in the design.


10. checking partial_input_delay (0)
------------------------------------
 There are 0 input ports with partial input delay specified.


11. checking partial_output_delay (0)
-------------------------------------
 There are 0 ports with partial output delay specified.


12. checking latch_loops (0)
----------------------------
 There are 0 combinational latch loops in the design through latch input



------------------------------------------------------------------------------------------------
| Design Timing Summary
| ---------------------
------------------------------------------------------------------------------------------------

    WNS(ns)      TNS(ns)  TNS Failing Endpoints  TNS Total Endpoints      WHS(ns)      THS(ns)  THS Failing Endpoints  THS Total Endpoints     WPWS(ns)     TPWS(ns)  TPWS Failing Endpoints  TPWS Total Endpoints  
    -------      -------  ---------------------  -------------------      -------      -------  ---------------------  -------------------     --------     --------  ----------------------  --------------------  
      1.566        0.000                      0               184255        0.058        0.000                      0               184255        1.725        0.000                       0                 88480  


All user specified timing constraints are met.


------------------------------------------------------------------------------------------------
| Clock Summary
| -------------
------------------------------------------------------------------------------------------------

Clock       Waveform(ns)         Period(ns)      Frequency(MHz)
-----       ------------         ----------      --------------
s_axi_aclk  {0.000 2.000}        4.000           250.000         


------------------------------------------------------------------------------------------------
| Intra Clock Table
| -----------------
------------------------------------------------------------------------------------------------

Clock             WNS(ns)      TNS(ns)  TNS Failing Endpoints  TNS Total Endpoints      WHS(ns)      THS(ns)  THS Failing Endpoints  THS Total Endpoints     WPWS(ns)     TPWS(ns)  TPWS Failing Endpoints  TPWS Total Endpoints  
-----             -------      -------  ---------------------  -------------------      -------      -------  ---------------------  -------------------     --------     --------  ----------------------  --------------------  
s_axi_aclk          1.566        0.000                      0               184255        0.058        0.000                      0               184255        1.725        0.000                       0                 88480  


------------------------------------------------------------------------------------------------
| Inter Clock Table
| -----------------
------------------------------------------------------------------------------------------------

From Clock    To Clock          WNS(ns)      TNS(ns)  TNS Failing Endpoints  TNS Total Endpoints      WHS(ns)      THS(ns)  THS Failing Endpoints  THS Total Endpoints  
----------    --------          -------      -------  ---------------------  -------------------      -------      -------  ---------------------  -------------------  


------------------------------------------------------------------------------------------------
| Other Path Groups Table
| -----------------------
------------------------------------------------------------------------------------------------

Path Group    From Clock    To Clock          WNS(ns)      TNS(ns)  TNS Failing Endpoints  TNS Total Endpoints      WHS(ns)      THS(ns)  THS Failing Endpoints  THS Total Endpoints  
----------    ----------    --------          -------      -------  ---------------------  -------------------      -------      -------  ---------------------  -------------------  


------------------------------------------------------------------------------------------------
| Timing Details
| --------------
------------------------------------------------------------------------------------------------


---------------------------------------------------------------------------------------------------
From Clock:  s_axi_aclk
  To Clock:  s_axi_aclk

Setup :            0  Failing Endpoints,  Worst Slack        1.566ns,  Total Violation        0.000ns
Hold  :            0  Failing Endpoints,  Worst Slack        0.058ns,  Total Violation        0.000ns
PW    :            0  Failing Endpoints,  Worst Slack        1.725ns,  Total Violation        0.000ns
---------------------------------------------------------------------------------------------------


Max Delay Paths
--------------------------------------------------------------------------------------
Slack (MET) :             1.566ns  (required time - arrival time)
  Source:                 u_miner/g_engines[0].u_engine/cmp_idx_q_reg[0]/C
                            (rising edge-triggered cell FDCE clocked by s_axi_aclk  {rise@0.000ns fall@2.000ns period=4.000ns})
  Destination:            u_miner/g_engines[0].u_engine/cmp_gt_q_reg/D
                            (rising edge-triggered cell FDCE clocked by s_axi_aclk  {rise@0.000ns fall@2.000ns period=4.000ns})
  Path Group:             s_axi_aclk
  Path Type:              Setup (Max at Slow Process Corner)
  Requirement:            4.000ns  (s_axi_aclk rise@4.000ns - s_axi_aclk rise@0.000ns)
  Data Path Delay:        2.101ns  (logic 0.827ns (39.362%)  route 1.274ns (60.638%))
  Logic Levels:           9  (LOOKAHEAD8=4 LUT3=1 LUT6=3 LUTCY2=1)
  Clock Path Skew:        -0.040ns (DCD - SCD + CPR)
    Destination Clock Delay (DCD):    0.080ns = ( 4.080 - 4.000 ) 
    Source Clock Delay      (SCD):    0.120ns
    Clock Pessimism Removal (CPR):    0.000ns
  Clock Uncertainty:      0.300ns  (CJ)/2 + PE + PJ
    Clock Jitter             (CJ):    0.600ns
    Phase Error              (PE):    0.000ns
    Phase Jitter             (PJ):    0.000ns

    Location             Delay type                Incr(ns)  Path(ns)    Netlist Resource(s)
  -------------------------------------------------------------------    -------------------
                         (clock s_axi_aclk rise edge)
                                                      0.000     0.000 r  <hidden>
                                                      0.000     0.000 r  s_axi_aclk
                         net (fo=88479, unset)        0.120     0.120    u_miner/g_engines[0].u_engine/clk_i
                         FDCE                                         r  u_miner/g_engines[0].u_engine/cmp_idx_q_reg[0]/C
  -------------------------------------------------------------------    -------------------
                         FDCE (Prop_FDCE_C_Q)         0.090     0.210 r  u_miner/g_engines[0].u_engine/cmp_idx_q_reg[0]/Q
                         net (fo=261, unplaced)       0.272     0.482    u_miner/g_engines[0].u_engine/cmp_idx_q_reg_n_0_[0]
                         LUT3 (Prop_LUT3_I2_O)        0.051     0.533 r  u_miner/g_engines[0].u_engine/cmp_gt_q_i_65/O
                         net (fo=64, unplaced)        0.280     0.813    u_miner/g_engines[0].u_engine/cmp_gt_q_i_65_n_0
                         LUT6 (Prop_LUT6_I2_O)        0.088     0.901 r  u_miner/g_engines[0].u_engine/cmp_gt_q_i_216/O
                         net (fo=4, unplaced)         0.217     1.118    u_miner/g_engines[0].u_engine/cmp_gt_q_reg_i_128/I2
                         LUTCY2 (Prop_LUTCY2_I2_GE)
                                                      0.088     1.206 f  u_miner/g_engines[0].u_engine/cmp_gt_q_reg_i_128/LUTCY2_INST/GE
                         net (fo=1, unplaced)         0.036     1.242    u_miner/g_engines[0].u_engine/cmp_gt_q_reg_i_128_n_0
                         LOOKAHEAD8 (Prop_LOOKAHEAD8_GEA_COUTH)
                                                      0.242     1.484 f  u_miner/g_engines[0].u_engine/cmp_gt_q_reg_i_38/COUTH
                         net (fo=3, unplaced)         0.002     1.486    u_miner/g_engines[0].u_engine/cmp_gt_q_reg_i_38_n_3
                         LOOKAHEAD8 (Prop_LOOKAHEAD8_CIN_COUTH)
                                                      0.040     1.526 f  u_miner/g_engines[0].u_engine/cmp_gt_q_reg_i_13/COUTH
                         net (fo=3, unplaced)         0.002     1.528    u_miner/g_engines[0].u_engine/cmp_gt_q_reg_i_13_n_3
                         LOOKAHEAD8 (Prop_LOOKAHEAD8_CIN_COUTH)
                                                      0.040     1.568 f  u_miner/g_engines[0].u_engine/cmp_gt_q_reg_i_4/COUTH
                         net (fo=3, unplaced)         0.002     1.570    u_miner/g_engines[0].u_engine/cmp_gt_q_reg_i_4_n_3
                         LOOKAHEAD8 (Prop_LOOKAHEAD8_CIN_COUTH)
                                                      0.040     1.610 f  u_miner/g_engines[0].u_engine/cmp_gt_q_reg_i_2/COUTH
                         net (fo=2, unplaced)         0.271     1.881    u_miner/g_engines[0].u_engine/cmp_gt_q0
                         LUT6 (Prop_LUT6_I3_O)        0.074     1.955 r  u_miner/g_engines[0].u_engine/cmp_gt_q_i_3/O
                         net (fo=1, unplaced)         0.130     2.085    u_miner/g_engines[0].u_engine/cmp_gt_q_i_3_n_0
                         LUT6 (Prop_LUT6_I3_O)        0.074     2.159 r  u_miner/g_engines[0].u_engine/cmp_gt_q_i_1/O
                         net (fo=1, unplaced)         0.062     2.221    u_miner/g_engines[0].u_engine/cmp_gt_q_i_1_n_0
                         FDCE                                         r  u_miner/g_engines[0].u_engine/cmp_gt_q_reg/D
  -------------------------------------------------------------------    -------------------

                         (clock s_axi_aclk rise edge)
                                                      4.000     4.000 r  <hidden>
                                                      0.000     4.000 r  s_axi_aclk
                         net (fo=88479, unset)        0.080     4.080    u_miner/g_engines[0].u_engine/clk_i
                         FDCE                                         r  u_miner/g_engines[0].u_engine/cmp_gt_q_reg/C
                         clock pessimism              0.000     4.080    <hidden>
                         clock uncertainty           -0.300     3.780    <hidden>
                         FDCE (Setup_FDCE_C_D)        0.007     3.787    u_miner/g_engines[0].u_engine/cmp_gt_q_reg
  -------------------------------------------------------------------
                         required time                          3.787    <hidden>
                         arrival time                          -2.221    <hidden>
  -------------------------------------------------------------------
                         slack                                  1.566    <hidden>





Min Delay Paths
--------------------------------------------------------------------------------------
Slack (MET) :             0.058ns  (arrival time - required time)
  Source:                 u_miner/wr_stage2_data_q_reg[4]/C
                            (rising edge-triggered cell FDCE clocked by s_axi_aclk  {rise@0.000ns fall@2.000ns period=4.000ns})
  Destination:            u_miner/target_q_reg[100]/D
                            (rising edge-triggered cell FDPE clocked by s_axi_aclk  {rise@0.000ns fall@2.000ns period=4.000ns})
  Path Group:             s_axi_aclk
  Path Type:              Hold (Min at Fast Process Corner)
  Requirement:            0.000ns  (s_axi_aclk rise@0.000ns - s_axi_aclk rise@0.000ns)
  Data Path Delay:        0.184ns  (logic 0.049ns (26.630%)  route 0.135ns (73.370%))
  Logic Levels:           0  
  Clock Path Skew:        0.091ns (DCD - SCD - CPR)
    Destination Clock Delay (DCD):    0.143ns
    Source Clock Delay      (SCD):    0.052ns
    Clock Pessimism Removal (CPR):    -0.000ns

    Location             Delay type                Incr(ns)  Path(ns)    Netlist Resource(s)
  -------------------------------------------------------------------    -------------------
                         (clock s_axi_aclk rise edge)
                                                      0.000     0.000 r  <hidden>
                                                      0.000     0.000 r  s_axi_aclk
                         net (fo=88479, unset)        0.052     0.052    u_miner/s_axi_aclk
                         FDCE                                         r  u_miner/wr_stage2_data_q_reg[4]/C
  -------------------------------------------------------------------    -------------------
                         FDCE (Prop_FDCE_C_Q)         0.049     0.101 r  u_miner/wr_stage2_data_q_reg[4]/Q
                         net (fo=22, unplaced)        0.135     0.236    u_miner/wr_stage2_data_q_reg_n_0_[4]
                         FDPE                                         r  u_miner/target_q_reg[100]/D
  -------------------------------------------------------------------    -------------------

                         (clock s_axi_aclk rise edge)
                                                      0.000     0.000 r  <hidden>
                                                      0.000     0.000 r  s_axi_aclk
                         net (fo=88479, unset)        0.143     0.143    u_miner/s_axi_aclk
                         FDPE                                         r  u_miner/target_q_reg[100]/C
                         clock pessimism              0.000     0.143    <hidden>
                         FDPE (Hold_FDPE_C_D)         0.035     0.178    u_miner/target_q_reg[100]
  -------------------------------------------------------------------
                         required time                         -0.178    <hidden>
                         arrival time                           0.236    <hidden>
  -------------------------------------------------------------------
                         slack                                  0.058    <hidden>





Pulse Width Checks
--------------------------------------------------------------------------------------
Clock Name:         s_axi_aclk
Waveform(ns):       { 0.000 2.000 }
Period(ns):         4.000
Sources:            { s_axi_aclk }

Check Type        Corner  Lib Pin  Reference Pin  Required(ns)  Actual(ns)  Slack(ns)  Location  Pin
Min Period        n/a     FDPE/C   n/a            0.550         4.000       3.450                u_miner/FSM_onehot_load_state_q_reg[0]/C
Low Pulse Width   Slow    FDPE/C   n/a            0.275         2.000       1.725                u_miner/FSM_onehot_load_state_q_reg[0]/C
High Pulse Width  Slow    FDPE/C   n/a            0.275         2.000       1.725                u_miner/FSM_onehot_load_state_q_reg[0]/C



