Copyright 1986-2022 Xilinx, Inc. All Rights Reserved. Copyright 2022-2026 Advanced Micro Devices, Inc. All Rights Reserved.
------------------------------------------------------------------------------------------------------------------------------------------------------
| Tool Version : Vivado v.2026.1 (lin64) Build 6511674 Tue Jun 16 11:01:26 MDT 2026
| Date         : Tue Aug 11 18:48:20 2026
| Host         : NiuBi running 64-bit Ubuntu 24.04.4 LTS
| Command      : report_high_fanout_nets -max_nets 220 -timing -file /raid/work/vek280_bitcoin_miner/reports/impl_vek280_4x32_ooc/high_fanout_220.rpt
| Design       : miner_system_wrapper
| Device       : xcve2802
| Design State : Routed
------------------------------------------------------------------------------------------------------------------------------------------------------

High Fan-out Nets Information

1. Summary
----------

+---------------------------------------------------------------------------------------+--------+-------------+-----------------+-----------------+
| Net Name                                                                              | Fanout | Driver Type | Worst Slack(ns) | Worst Delay(ns) |
+---------------------------------------------------------------------------------------+--------+-------------+-----------------+-----------------+
| miner_system_i/rst_pl0/U0/peripheral_aresetn_BUFG[0]                                  | 489049 | BUFG_FABRIC |           1.275 |           2.102 |
| miner_system_i/miner_0/inst/u_miner/clear_i0                                          |   9264 | LUT3        |          -8.681 |          11.824 |
| miner_system_i/miner_1/inst/u_miner/clear_i0                                          |   9264 | LUT3        |          -8.305 |          11.699 |
| miner_system_i/miner_2/inst/u_miner/clear_i0                                          |   9264 | LUT3        |          -5.480 |           8.538 |
| miner_system_i/miner_3/inst/u_miner/clear_i0                                          |   9264 | LUT3        |          -2.740 |           5.826 |
| miner_system_i/miner_0/inst/u_miner/g_engines[0].u_engine/u_core/u_core/h0_q0         |    783 | LUT2        |           0.620 |           1.511 |
| miner_system_i/miner_0/inst/u_miner/g_engines[10].u_engine/u_core/u_core/h0_q0        |    783 | LUT2        |          -0.103 |           2.541 |
| miner_system_i/miner_0/inst/u_miner/g_engines[11].u_engine/u_core/u_core/h0_q0        |    783 | LUT2        |           0.731 |           2.133 |
| miner_system_i/miner_0/inst/u_miner/g_engines[12].u_engine/u_core/u_core/h0_q0        |    783 | LUT2        |           0.425 |           2.030 |
| miner_system_i/miner_0/inst/u_miner/g_engines[13].u_engine/u_core/u_core/h0_q0        |    783 | LUT2        |           0.942 |           1.634 |
| miner_system_i/miner_0/inst/u_miner/g_engines[14].u_engine/u_core/u_core/h0_q0        |    783 | LUT2        |           0.216 |           2.250 |
| miner_system_i/miner_0/inst/u_miner/g_engines[15].u_engine/u_core/u_core/h0_q0        |    783 | LUT2        |          -0.079 |           2.075 |
| miner_system_i/miner_0/inst/u_miner/g_engines[16].u_engine/u_core/u_core/h0_q0        |    783 | LUT2        |          -0.123 |           2.872 |
| miner_system_i/miner_0/inst/u_miner/g_engines[17].u_engine/u_core/u_core/h0_q0        |    783 | LUT2        |          -0.119 |           2.555 |
| miner_system_i/miner_0/inst/u_miner/g_engines[18].u_engine/u_core/u_core/h0_q0        |    783 | LUT2        |           0.544 |           1.931 |
| miner_system_i/miner_0/inst/u_miner/g_engines[19].u_engine/u_core/u_core/h0_q0        |    783 | LUT2        |           0.440 |           2.125 |
| miner_system_i/miner_0/inst/u_miner/g_engines[1].u_engine/u_core/u_core/h0_q0         |    783 | LUT2        |           0.801 |           1.558 |
| miner_system_i/miner_0/inst/u_miner/g_engines[20].u_engine/u_core/u_core/h0_q0        |    783 | LUT2        |           0.378 |           1.863 |
| miner_system_i/miner_0/inst/u_miner/g_engines[21].u_engine/u_core/u_core/h0_q0        |    783 | LUT2        |           0.813 |           1.941 |
| miner_system_i/miner_0/inst/u_miner/g_engines[22].u_engine/u_core/u_core/h0_q0        |    783 | LUT2        |           0.819 |           1.928 |
| miner_system_i/miner_0/inst/u_miner/g_engines[23].u_engine/u_core/u_core/h0_q0        |    783 | LUT2        |           0.555 |           1.975 |
| miner_system_i/miner_0/inst/u_miner/g_engines[24].u_engine/u_core/u_core/h0_q0        |    783 | LUT2        |           0.177 |           1.989 |
| miner_system_i/miner_0/inst/u_miner/g_engines[25].u_engine/u_core/u_core/h0_q0        |    783 | LUT2        |           0.235 |           2.102 |
| miner_system_i/miner_0/inst/u_miner/g_engines[26].u_engine/u_core/u_core/h0_q0        |    783 | LUT2        |           0.555 |           1.868 |
| miner_system_i/miner_0/inst/u_miner/g_engines[27].u_engine/u_core/u_core/h0_q0        |    783 | LUT2        |           1.137 |           1.936 |
| miner_system_i/miner_0/inst/u_miner/g_engines[28].u_engine/u_core/u_core/h0_q0        |    783 | LUT2        |           0.651 |           1.769 |
| miner_system_i/miner_0/inst/u_miner/g_engines[29].u_engine/u_core/u_core/h0_q0        |    783 | LUT2        |           0.823 |           1.426 |
| miner_system_i/miner_0/inst/u_miner/g_engines[2].u_engine/u_core/u_core/h0_q0         |    783 | LUT2        |           1.198 |           1.531 |
| miner_system_i/miner_0/inst/u_miner/g_engines[30].u_engine/u_core/u_core/h0_q0        |    783 | LUT2        |           1.132 |           1.762 |
| miner_system_i/miner_0/inst/u_miner/g_engines[31].u_engine/u_core/u_core/h0_q0        |    783 | LUT2        |           1.023 |           1.534 |
| miner_system_i/miner_0/inst/u_miner/g_engines[3].u_engine/u_core/u_core/h0_q0         |    783 | LUT2        |           0.727 |           1.949 |
| miner_system_i/miner_0/inst/u_miner/g_engines[4].u_engine/u_core/u_core/h0_q0         |    783 | LUT2        |           1.218 |           1.861 |
| miner_system_i/miner_0/inst/u_miner/g_engines[5].u_engine/u_core/u_core/h0_q0         |    783 | LUT2        |           0.285 |           2.347 |
| miner_system_i/miner_0/inst/u_miner/g_engines[6].u_engine/u_core/u_core/h0_q0         |    783 | LUT2        |           0.328 |           2.569 |
| miner_system_i/miner_0/inst/u_miner/g_engines[7].u_engine/u_core/u_core/h0_q0         |    783 | LUT2        |           0.983 |           2.013 |
| miner_system_i/miner_0/inst/u_miner/g_engines[8].u_engine/u_core/u_core/h0_q0         |    783 | LUT2        |           0.558 |           1.840 |
| miner_system_i/miner_0/inst/u_miner/g_engines[9].u_engine/u_core/u_core/h0_q0         |    783 | LUT2        |           0.580 |           1.927 |
| miner_system_i/miner_1/inst/u_miner/g_engines[0].u_engine/u_core/u_core/h0_q0         |    783 | LUT2        |           0.931 |           1.566 |
| miner_system_i/miner_1/inst/u_miner/g_engines[10].u_engine/u_core/u_core/h0_q0        |    783 | LUT2        |           0.883 |           1.920 |
| miner_system_i/miner_1/inst/u_miner/g_engines[11].u_engine/u_core/u_core/h0_q0        |    783 | LUT2        |           0.480 |           2.243 |
| miner_system_i/miner_1/inst/u_miner/g_engines[12].u_engine/u_core/u_core/h0_q0        |    783 | LUT2        |           1.139 |           1.343 |
| miner_system_i/miner_1/inst/u_miner/g_engines[13].u_engine/u_core/u_core/h0_q0        |    783 | LUT2        |           1.046 |           1.780 |
| miner_system_i/miner_1/inst/u_miner/g_engines[14].u_engine/u_core/u_core/h0_q0        |    783 | LUT2        |           0.375 |           1.857 |
| miner_system_i/miner_1/inst/u_miner/g_engines[15].u_engine/u_core/u_core/h0_q0        |    783 | LUT2        |           0.915 |           1.806 |
| miner_system_i/miner_1/inst/u_miner/g_engines[16].u_engine/u_core/u_core/h0_q0        |    783 | LUT2        |           0.058 |           2.516 |
| miner_system_i/miner_1/inst/u_miner/g_engines[17].u_engine/u_core/u_core/h0_q0        |    783 | LUT2        |           1.147 |           1.519 |
| miner_system_i/miner_1/inst/u_miner/g_engines[18].u_engine/u_core/u_core/h0_q0        |    783 | LUT2        |           0.316 |           2.128 |
| miner_system_i/miner_1/inst/u_miner/g_engines[19].u_engine/u_core/u_core/h0_q0        |    783 | LUT2        |           0.607 |           1.727 |
| miner_system_i/miner_1/inst/u_miner/g_engines[1].u_engine/u_core/u_core/h0_q0         |    783 | LUT2        |           0.931 |           1.703 |
| miner_system_i/miner_1/inst/u_miner/g_engines[20].u_engine/u_core/u_core/h0_q0        |    783 | LUT2        |           0.919 |           1.537 |
| miner_system_i/miner_1/inst/u_miner/g_engines[21].u_engine/u_core/u_core/h0_q0        |    783 | LUT2        |           0.755 |           1.459 |
| miner_system_i/miner_1/inst/u_miner/g_engines[22].u_engine/u_core/u_core/h0_q0        |    783 | LUT2        |           0.224 |           1.766 |
| miner_system_i/miner_1/inst/u_miner/g_engines[23].u_engine/u_core/u_core/h0_q0        |    783 | LUT2        |           0.305 |           2.132 |
| miner_system_i/miner_1/inst/u_miner/g_engines[24].u_engine/u_core/u_core/h0_q0        |    783 | LUT2        |           0.641 |           1.678 |
| miner_system_i/miner_1/inst/u_miner/g_engines[25].u_engine/u_core/u_core/h0_q0        |    783 | LUT2        |           0.872 |           1.909 |
| miner_system_i/miner_1/inst/u_miner/g_engines[26].u_engine/u_core/u_core/h0_q0        |    783 | LUT2        |           0.096 |           2.361 |
| miner_system_i/miner_1/inst/u_miner/g_engines[27].u_engine/u_core/u_core/h0_q0        |    783 | LUT2        |           0.823 |           1.823 |
| miner_system_i/miner_1/inst/u_miner/g_engines[28].u_engine/u_core/u_core/h0_q0        |    783 | LUT2        |           1.139 |           1.668 |
| miner_system_i/miner_1/inst/u_miner/g_engines[29].u_engine/u_core/u_core/h0_q0        |    783 | LUT2        |           0.352 |           1.676 |
| miner_system_i/miner_1/inst/u_miner/g_engines[2].u_engine/u_core/u_core/h0_q0         |    783 | LUT2        |           0.173 |           1.780 |
| miner_system_i/miner_1/inst/u_miner/g_engines[30].u_engine/u_core/u_core/h0_q0        |    783 | LUT2        |           1.038 |           1.906 |
| miner_system_i/miner_1/inst/u_miner/g_engines[31].u_engine/u_core/u_core/h0_q0        |    783 | LUT2        |           0.178 |           2.380 |
| miner_system_i/miner_1/inst/u_miner/g_engines[3].u_engine/u_core/u_core/h0_q0         |    783 | LUT2        |           0.967 |           1.601 |
| miner_system_i/miner_1/inst/u_miner/g_engines[4].u_engine/u_core/u_core/h0_q0         |    783 | LUT2        |           0.749 |           1.691 |
| miner_system_i/miner_1/inst/u_miner/g_engines[5].u_engine/u_core/u_core/h0_q0         |    783 | LUT2        |           0.589 |           1.830 |
| miner_system_i/miner_1/inst/u_miner/g_engines[6].u_engine/u_core/u_core/h0_q0         |    783 | LUT2        |           0.794 |           1.863 |
| miner_system_i/miner_1/inst/u_miner/g_engines[7].u_engine/u_core/u_core/h0_q0         |    783 | LUT2        |           0.640 |           1.623 |
| miner_system_i/miner_1/inst/u_miner/g_engines[8].u_engine/u_core/u_core/h0_q0         |    783 | LUT2        |           0.941 |           1.848 |
| miner_system_i/miner_1/inst/u_miner/g_engines[9].u_engine/u_core/u_core/h0_q0         |    783 | LUT2        |          -0.079 |           2.166 |
| miner_system_i/miner_2/inst/u_miner/g_engines[0].u_engine/u_core/u_core/h0_q0         |    783 | LUT2        |           0.799 |           2.018 |
| miner_system_i/miner_2/inst/u_miner/g_engines[10].u_engine/u_core/u_core/h0_q0        |    783 | LUT2        |           0.428 |           1.929 |
| miner_system_i/miner_2/inst/u_miner/g_engines[11].u_engine/u_core/u_core/h0_q0        |    783 | LUT2        |           0.386 |           1.708 |
| miner_system_i/miner_2/inst/u_miner/g_engines[12].u_engine/u_core/u_core/h0_q0        |    783 | LUT2        |           0.159 |           2.007 |
| miner_system_i/miner_2/inst/u_miner/g_engines[13].u_engine/u_core/u_core/h0_q0        |    783 | LUT2        |          -0.405 |           1.965 |
| miner_system_i/miner_2/inst/u_miner/g_engines[14].u_engine/u_core/u_core/h0_q0        |    783 | LUT2        |           0.978 |           1.693 |
| miner_system_i/miner_2/inst/u_miner/g_engines[15].u_engine/u_core/u_core/h0_q0        |    783 | LUT2        |           0.538 |           2.089 |
| miner_system_i/miner_2/inst/u_miner/g_engines[16].u_engine/u_core/u_core/h0_q0        |    783 | LUT2        |           0.394 |           1.926 |
| miner_system_i/miner_2/inst/u_miner/g_engines[17].u_engine/u_core/u_core/h0_q0        |    783 | LUT2        |           0.421 |           2.133 |
| miner_system_i/miner_2/inst/u_miner/g_engines[18].u_engine/u_core/u_core/h0_q0        |    783 | LUT2        |           0.468 |           1.994 |
| miner_system_i/miner_2/inst/u_miner/g_engines[19].u_engine/u_core/u_core/h0_q0        |    783 | LUT2        |           0.175 |           1.846 |
| miner_system_i/miner_2/inst/u_miner/g_engines[1].u_engine/u_core/u_core/h0_q0         |    783 | LUT2        |           0.901 |           1.828 |
| miner_system_i/miner_2/inst/u_miner/g_engines[20].u_engine/u_core/u_core/h0_q0        |    783 | LUT2        |           0.926 |           2.019 |
| miner_system_i/miner_2/inst/u_miner/g_engines[21].u_engine/u_core/u_core/h0_q0        |    783 | LUT2        |           0.330 |           2.383 |
| miner_system_i/miner_2/inst/u_miner/g_engines[22].u_engine/u_core/u_core/h0_q0        |    783 | LUT2        |           1.009 |           1.947 |
| miner_system_i/miner_2/inst/u_miner/g_engines[23].u_engine/u_core/u_core/h0_q0        |    783 | LUT2        |           0.557 |           1.821 |
| miner_system_i/miner_2/inst/u_miner/g_engines[24].u_engine/u_core/u_core/h0_q0        |    783 | LUT2        |           0.939 |           2.019 |
| miner_system_i/miner_2/inst/u_miner/g_engines[25].u_engine/u_core/u_core/h0_q0        |    783 | LUT2        |           0.414 |           2.277 |
| miner_system_i/miner_2/inst/u_miner/g_engines[26].u_engine/u_core/u_core/h0_q0        |    783 | LUT2        |           0.115 |           2.293 |
| miner_system_i/miner_2/inst/u_miner/g_engines[27].u_engine/u_core/u_core/h0_q0        |    783 | LUT2        |           0.804 |           1.648 |
| miner_system_i/miner_2/inst/u_miner/g_engines[28].u_engine/u_core/u_core/h0_q0        |    783 | LUT2        |           0.929 |           1.724 |
| miner_system_i/miner_2/inst/u_miner/g_engines[29].u_engine/u_core/u_core/h0_q0        |    783 | LUT2        |           0.830 |           1.429 |
| miner_system_i/miner_2/inst/u_miner/g_engines[2].u_engine/u_core/u_core/h0_q0         |    783 | LUT2        |          -0.148 |           2.808 |
| miner_system_i/miner_2/inst/u_miner/g_engines[30].u_engine/u_core/u_core/h0_q0        |    783 | LUT2        |           0.804 |           1.629 |
| miner_system_i/miner_2/inst/u_miner/g_engines[31].u_engine/u_core/u_core/h0_q0        |    783 | LUT2        |           0.598 |           1.859 |
| miner_system_i/miner_2/inst/u_miner/g_engines[3].u_engine/u_core/u_core/h0_q0         |    783 | LUT2        |           0.465 |           1.720 |
| miner_system_i/miner_2/inst/u_miner/g_engines[4].u_engine/u_core/u_core/h0_q0         |    783 | LUT2        |           0.553 |           1.942 |
| miner_system_i/miner_2/inst/u_miner/g_engines[5].u_engine/u_core/u_core/h0_q0         |    783 | LUT2        |           1.214 |           1.493 |
| miner_system_i/miner_2/inst/u_miner/g_engines[6].u_engine/u_core/u_core/h0_q0         |    783 | LUT2        |           0.760 |           1.865 |
| miner_system_i/miner_2/inst/u_miner/g_engines[7].u_engine/u_core/u_core/h0_q0         |    783 | LUT2        |           0.367 |           2.027 |
| miner_system_i/miner_2/inst/u_miner/g_engines[8].u_engine/u_core/u_core/h0_q0         |    783 | LUT2        |           0.902 |           1.808 |
| miner_system_i/miner_2/inst/u_miner/g_engines[9].u_engine/u_core/u_core/h0_q0         |    783 | LUT2        |           0.955 |           2.009 |
| miner_system_i/miner_3/inst/u_miner/g_engines[0].u_engine/u_core/u_core/h0_q0         |    783 | LUT2        |           1.238 |           1.746 |
| miner_system_i/miner_3/inst/u_miner/g_engines[10].u_engine/u_core/u_core/h0_q0        |    783 | LUT2        |           1.009 |           2.164 |
| miner_system_i/miner_3/inst/u_miner/g_engines[11].u_engine/u_core/u_core/h0_q0        |    783 | LUT2        |           1.485 |           1.418 |
| miner_system_i/miner_3/inst/u_miner/g_engines[12].u_engine/u_core/u_core/h0_q0        |    783 | LUT2        |          -0.077 |           2.167 |
| miner_system_i/miner_3/inst/u_miner/g_engines[13].u_engine/u_core/u_core/h0_q0        |    783 | LUT2        |           1.368 |           1.515 |
| miner_system_i/miner_3/inst/u_miner/g_engines[14].u_engine/u_core/u_core/h0_q0        |    783 | LUT2        |          -0.186 |           2.354 |
| miner_system_i/miner_3/inst/u_miner/g_engines[15].u_engine/u_core/u_core/h0_q0        |    783 | LUT2        |           0.592 |           2.041 |
| miner_system_i/miner_3/inst/u_miner/g_engines[16].u_engine/u_core/u_core/h0_q0        |    783 | LUT2        |           0.597 |           2.168 |
| miner_system_i/miner_3/inst/u_miner/g_engines[17].u_engine/u_core/u_core/h0_q0        |    783 | LUT2        |           0.444 |           1.826 |
| miner_system_i/miner_3/inst/u_miner/g_engines[18].u_engine/u_core/u_core/h0_q0        |    783 | LUT2        |           0.691 |           1.527 |
| miner_system_i/miner_3/inst/u_miner/g_engines[19].u_engine/u_core/u_core/h0_q0        |    783 | LUT2        |           1.286 |           1.829 |
| miner_system_i/miner_3/inst/u_miner/g_engines[1].u_engine/u_core/u_core/h0_q0         |    783 | LUT2        |           0.701 |           2.016 |
| miner_system_i/miner_3/inst/u_miner/g_engines[20].u_engine/u_core/u_core/h0_q0        |    783 | LUT2        |           0.704 |           1.771 |
| miner_system_i/miner_3/inst/u_miner/g_engines[21].u_engine/u_core/u_core/h0_q0        |    783 | LUT2        |           0.109 |           2.380 |
| miner_system_i/miner_3/inst/u_miner/g_engines[22].u_engine/u_core/u_core/h0_q0        |    783 | LUT2        |           0.839 |           1.616 |
| miner_system_i/miner_3/inst/u_miner/g_engines[23].u_engine/u_core/u_core/h0_q0        |    783 | LUT2        |           1.436 |           1.537 |
| miner_system_i/miner_3/inst/u_miner/g_engines[24].u_engine/u_core/u_core/h0_q0        |    783 | LUT2        |           0.926 |           1.575 |
| miner_system_i/miner_3/inst/u_miner/g_engines[25].u_engine/u_core/u_core/h0_q0        |    783 | LUT2        |           0.654 |           1.731 |
| miner_system_i/miner_3/inst/u_miner/g_engines[26].u_engine/u_core/u_core/h0_q0        |    783 | LUT2        |           0.278 |           1.579 |
| miner_system_i/miner_3/inst/u_miner/g_engines[27].u_engine/u_core/u_core/h0_q0        |    783 | LUT2        |           0.781 |           1.671 |
| miner_system_i/miner_3/inst/u_miner/g_engines[28].u_engine/u_core/u_core/h0_q0        |    783 | LUT2        |           1.143 |           1.705 |
| miner_system_i/miner_3/inst/u_miner/g_engines[29].u_engine/u_core/u_core/h0_q0        |    783 | LUT2        |           0.351 |           2.093 |
| miner_system_i/miner_3/inst/u_miner/g_engines[2].u_engine/u_core/u_core/h0_q0         |    783 | LUT2        |           1.238 |           1.740 |
| miner_system_i/miner_3/inst/u_miner/g_engines[30].u_engine/u_core/u_core/h0_q0        |    783 | LUT2        |           0.565 |           2.092 |
| miner_system_i/miner_3/inst/u_miner/g_engines[31].u_engine/u_core/u_core/h0_q0        |    783 | LUT2        |          -0.012 |           1.955 |
| miner_system_i/miner_3/inst/u_miner/g_engines[3].u_engine/u_core/u_core/h0_q0         |    783 | LUT2        |           0.120 |           2.506 |
| miner_system_i/miner_3/inst/u_miner/g_engines[4].u_engine/u_core/u_core/h0_q0         |    783 | LUT2        |           0.684 |           2.048 |
| miner_system_i/miner_3/inst/u_miner/g_engines[5].u_engine/u_core/u_core/h0_q0         |    783 | LUT2        |           1.662 |           1.324 |
| miner_system_i/miner_3/inst/u_miner/g_engines[6].u_engine/u_core/u_core/h0_q0         |    783 | LUT2        |           1.265 |           1.307 |
| miner_system_i/miner_3/inst/u_miner/g_engines[7].u_engine/u_core/u_core/h0_q0         |    783 | LUT2        |           0.470 |           1.867 |
| miner_system_i/miner_3/inst/u_miner/g_engines[8].u_engine/u_core/u_core/h0_q0         |    783 | LUT2        |           0.627 |           2.101 |
| miner_system_i/miner_3/inst/u_miner/g_engines[9].u_engine/u_core/u_core/h0_q0         |    783 | LUT2        |           0.843 |           1.419 |
| miner_system_i/miner_0/inst/u_miner/g_engines[0].u_engine/header_tail_q[127]_i_1_n_0  |    609 | LUT6        |          -1.088 |           1.859 |
| miner_system_i/miner_0/inst/u_miner/g_engines[10].u_engine/header_tail_q[127]_i_1_n_0 |    609 | LUT6        |          -0.513 |           1.948 |
| miner_system_i/miner_0/inst/u_miner/g_engines[11].u_engine/header_tail_q[127]_i_1_n_0 |    609 | LUT6        |          -0.619 |           1.885 |
| miner_system_i/miner_0/inst/u_miner/g_engines[12].u_engine/header_tail_q[127]_i_1_n_0 |    609 | LUT6        |          -2.277 |           2.843 |
| miner_system_i/miner_0/inst/u_miner/g_engines[13].u_engine/header_tail_q[127]_i_1_n_0 |    609 | LUT6        |          -1.077 |           2.089 |
| miner_system_i/miner_0/inst/u_miner/g_engines[14].u_engine/header_tail_q[127]_i_1_n_0 |    609 | LUT6        |          -1.330 |           1.953 |
| miner_system_i/miner_0/inst/u_miner/g_engines[15].u_engine/header_tail_q[127]_i_1_n_0 |    609 | LUT6        |          -1.547 |           1.945 |
| miner_system_i/miner_0/inst/u_miner/g_engines[16].u_engine/header_tail_q[127]_i_1_n_0 |    609 | LUT6        |          -1.985 |           2.505 |
| miner_system_i/miner_0/inst/u_miner/g_engines[17].u_engine/header_tail_q[127]_i_1_n_0 |    609 | LUT6        |          -0.881 |           2.101 |
| miner_system_i/miner_0/inst/u_miner/g_engines[18].u_engine/header_tail_q[127]_i_1_n_0 |    609 | LUT6        |          -1.848 |           2.975 |
| miner_system_i/miner_0/inst/u_miner/g_engines[19].u_engine/header_tail_q[127]_i_1_n_0 |    609 | LUT6        |          -1.970 |           2.208 |
| miner_system_i/miner_0/inst/u_miner/g_engines[1].u_engine/header_tail_q[127]_i_1_n_0  |    609 | LUT6        |          -2.347 |           1.869 |
| miner_system_i/miner_0/inst/u_miner/g_engines[20].u_engine/header_tail_q[127]_i_1_n_0 |    609 | LUT6        |          -0.836 |           2.003 |
| miner_system_i/miner_0/inst/u_miner/g_engines[21].u_engine/header_tail_q[127]_i_1_n_0 |    609 | LUT6        |          -0.778 |           2.111 |
| miner_system_i/miner_0/inst/u_miner/g_engines[22].u_engine/header_tail_q[127]_i_1_n_0 |    609 | LUT6        |          -0.787 |           1.446 |
| miner_system_i/miner_0/inst/u_miner/g_engines[23].u_engine/header_tail_q[127]_i_1_n_0 |    609 | LUT6        |          -0.951 |           2.470 |
| miner_system_i/miner_0/inst/u_miner/g_engines[24].u_engine/header_tail_q[127]_i_1_n_0 |    609 | LUT6        |          -0.999 |           1.634 |
| miner_system_i/miner_0/inst/u_miner/g_engines[25].u_engine/header_tail_q[127]_i_1_n_0 |    609 | LUT6        |          -0.529 |           2.035 |
| miner_system_i/miner_0/inst/u_miner/g_engines[26].u_engine/header_tail_q[127]_i_1_n_0 |    609 | LUT6        |          -3.059 |           2.603 |
| miner_system_i/miner_0/inst/u_miner/g_engines[27].u_engine/header_tail_q[127]_i_1_n_0 |    609 | LUT6        |          -2.430 |           2.287 |
| miner_system_i/miner_0/inst/u_miner/g_engines[28].u_engine/header_tail_q[127]_i_1_n_0 |    609 | LUT6        |          -1.038 |           2.196 |
| miner_system_i/miner_0/inst/u_miner/g_engines[29].u_engine/header_tail_q[127]_i_1_n_0 |    609 | LUT6        |          -0.979 |           2.187 |
| miner_system_i/miner_0/inst/u_miner/g_engines[2].u_engine/header_tail_q[127]_i_1_n_0  |    609 | LUT6        |          -1.217 |           2.683 |
| miner_system_i/miner_0/inst/u_miner/g_engines[30].u_engine/header_tail_q[127]_i_1_n_0 |    609 | LUT6        |          -1.207 |           1.689 |
| miner_system_i/miner_0/inst/u_miner/g_engines[31].u_engine/header_tail_q[127]_i_1_n_0 |    609 | LUT6        |          -0.368 |           1.539 |
| miner_system_i/miner_0/inst/u_miner/g_engines[3].u_engine/header_tail_q[127]_i_1_n_0  |    609 | LUT6        |          -1.416 |           2.189 |
| miner_system_i/miner_0/inst/u_miner/g_engines[4].u_engine/header_tail_q[127]_i_1_n_0  |    609 | LUT6        |          -2.028 |           2.367 |
| miner_system_i/miner_0/inst/u_miner/g_engines[5].u_engine/header_tail_q[127]_i_1_n_0  |    609 | LUT6        |          -2.100 |           3.176 |
| miner_system_i/miner_0/inst/u_miner/g_engines[6].u_engine/header_tail_q[127]_i_1_n_0  |    609 | LUT6        |          -1.686 |           1.896 |
| miner_system_i/miner_0/inst/u_miner/g_engines[7].u_engine/header_tail_q[127]_i_1_n_0  |    609 | LUT6        |          -0.961 |           2.176 |
| miner_system_i/miner_0/inst/u_miner/g_engines[8].u_engine/header_tail_q[127]_i_1_n_0  |    609 | LUT6        |          -1.725 |           1.767 |
| miner_system_i/miner_0/inst/u_miner/g_engines[9].u_engine/header_tail_q[127]_i_1_n_0  |    609 | LUT6        |          -1.682 |           2.066 |
| miner_system_i/miner_1/inst/u_miner/g_engines[0].u_engine/header_tail_q[127]_i_1_n_0  |    609 | LUT6        |          -4.554 |           2.793 |
| miner_system_i/miner_1/inst/u_miner/g_engines[10].u_engine/header_tail_q[127]_i_1_n_0 |    609 | LUT6        |          -4.830 |           1.808 |
| miner_system_i/miner_1/inst/u_miner/g_engines[11].u_engine/header_tail_q[127]_i_1_n_0 |    609 | LUT6        |          -6.034 |           2.238 |
| miner_system_i/miner_1/inst/u_miner/g_engines[12].u_engine/header_tail_q[127]_i_1_n_0 |    609 | LUT6        |          -3.240 |           1.997 |
| miner_system_i/miner_1/inst/u_miner/g_engines[13].u_engine/header_tail_q[127]_i_1_n_0 |    609 | LUT6        |          -3.125 |           2.284 |
| miner_system_i/miner_1/inst/u_miner/g_engines[14].u_engine/header_tail_q[127]_i_1_n_0 |    609 | LUT6        |          -2.932 |           2.120 |
| miner_system_i/miner_1/inst/u_miner/g_engines[15].u_engine/header_tail_q[127]_i_1_n_0 |    609 | LUT6        |          -3.116 |           2.181 |
| miner_system_i/miner_1/inst/u_miner/g_engines[16].u_engine/header_tail_q[127]_i_1_n_0 |    609 | LUT6        |          -5.650 |           3.428 |
| miner_system_i/miner_1/inst/u_miner/g_engines[17].u_engine/header_tail_q[127]_i_1_n_0 |    609 | LUT6        |          -5.041 |           3.093 |
| miner_system_i/miner_1/inst/u_miner/g_engines[18].u_engine/header_tail_q[127]_i_1_n_0 |    609 | LUT6        |          -4.899 |           3.151 |
| miner_system_i/miner_1/inst/u_miner/g_engines[19].u_engine/header_tail_q[127]_i_1_n_0 |    609 | LUT6        |          -5.862 |           3.956 |
| miner_system_i/miner_1/inst/u_miner/g_engines[1].u_engine/header_tail_q[127]_i_1_n_0  |    609 | LUT6        |          -2.542 |           2.602 |
| miner_system_i/miner_1/inst/u_miner/g_engines[20].u_engine/header_tail_q[127]_i_1_n_0 |    609 | LUT6        |          -6.036 |           2.236 |
| miner_system_i/miner_1/inst/u_miner/g_engines[21].u_engine/header_tail_q[127]_i_1_n_0 |    609 | LUT6        |          -5.169 |           2.464 |
| miner_system_i/miner_1/inst/u_miner/g_engines[22].u_engine/header_tail_q[127]_i_1_n_0 |    609 | LUT6        |          -5.830 |           2.053 |
| miner_system_i/miner_1/inst/u_miner/g_engines[23].u_engine/header_tail_q[127]_i_1_n_0 |    609 | LUT6        |          -4.966 |           2.987 |
| miner_system_i/miner_1/inst/u_miner/g_engines[24].u_engine/header_tail_q[127]_i_1_n_0 |    609 | LUT6        |          -3.692 |           2.179 |
| miner_system_i/miner_1/inst/u_miner/g_engines[25].u_engine/header_tail_q[127]_i_1_n_0 |    609 | LUT6        |          -4.626 |           1.949 |
| miner_system_i/miner_1/inst/u_miner/g_engines[26].u_engine/header_tail_q[127]_i_1_n_0 |    609 | LUT6        |          -4.138 |           2.121 |
| miner_system_i/miner_1/inst/u_miner/g_engines[27].u_engine/header_tail_q[127]_i_1_n_0 |    609 | LUT6        |          -4.040 |           2.162 |
| miner_system_i/miner_1/inst/u_miner/g_engines[28].u_engine/header_tail_q[127]_i_1_n_0 |    609 | LUT6        |          -3.916 |           1.804 |
| miner_system_i/miner_1/inst/u_miner/g_engines[29].u_engine/header_tail_q[127]_i_1_n_0 |    609 | LUT6        |          -4.109 |           2.065 |
| miner_system_i/miner_1/inst/u_miner/g_engines[2].u_engine/header_tail_q[127]_i_1_n_0  |    609 | LUT6        |          -5.430 |           2.701 |
| miner_system_i/miner_1/inst/u_miner/g_engines[30].u_engine/header_tail_q[127]_i_1_n_0 |    609 | LUT6        |          -3.611 |           2.436 |
| miner_system_i/miner_1/inst/u_miner/g_engines[31].u_engine/header_tail_q[127]_i_1_n_0 |    609 | LUT6        |          -4.294 |           2.590 |
| miner_system_i/miner_1/inst/u_miner/g_engines[3].u_engine/header_tail_q[127]_i_1_n_0  |    609 | LUT6        |          -4.691 |           2.766 |
| miner_system_i/miner_1/inst/u_miner/g_engines[4].u_engine/header_tail_q[127]_i_1_n_0  |    609 | LUT6        |          -1.571 |           2.209 |
| miner_system_i/miner_1/inst/u_miner/g_engines[5].u_engine/header_tail_q[127]_i_1_n_0  |    609 | LUT6        |          -3.254 |           2.757 |
| miner_system_i/miner_1/inst/u_miner/g_engines[6].u_engine/header_tail_q[127]_i_1_n_0  |    609 | LUT6        |          -4.328 |           2.655 |
| miner_system_i/miner_1/inst/u_miner/g_engines[7].u_engine/header_tail_q[127]_i_1_n_0  |    609 | LUT6        |          -1.448 |           2.754 |
| miner_system_i/miner_1/inst/u_miner/g_engines[8].u_engine/header_tail_q[127]_i_1_n_0  |    609 | LUT6        |          -5.048 |           1.869 |
| miner_system_i/miner_1/inst/u_miner/g_engines[9].u_engine/header_tail_q[127]_i_1_n_0  |    609 | LUT6        |          -5.368 |           2.066 |
| miner_system_i/miner_2/inst/u_miner/g_engines[0].u_engine/header_tail_q[127]_i_1_n_0  |    609 | LUT6        |          -4.795 |           2.238 |
| miner_system_i/miner_2/inst/u_miner/g_engines[10].u_engine/header_tail_q[127]_i_1_n_0 |    609 | LUT6        |          -5.161 |           2.688 |
| miner_system_i/miner_2/inst/u_miner/g_engines[11].u_engine/header_tail_q[127]_i_1_n_0 |    609 | LUT6        |          -4.404 |           2.131 |
| miner_system_i/miner_2/inst/u_miner/g_engines[12].u_engine/header_tail_q[127]_i_1_n_0 |    609 | LUT6        |          -0.214 |           1.662 |
| miner_system_i/miner_2/inst/u_miner/g_engines[13].u_engine/header_tail_q[127]_i_1_n_0 |    609 | LUT6        |          -1.231 |           3.036 |
| miner_system_i/miner_2/inst/u_miner/g_engines[14].u_engine/header_tail_q[127]_i_1_n_0 |    609 | LUT6        |          -0.389 |           1.391 |
| miner_system_i/miner_2/inst/u_miner/g_engines[15].u_engine/header_tail_q[127]_i_1_n_0 |    609 | LUT6        |          -0.727 |           2.949 |
| miner_system_i/miner_2/inst/u_miner/g_engines[16].u_engine/header_tail_q[127]_i_1_n_0 |    609 | LUT6        |          -2.211 |           1.723 |
| miner_system_i/miner_2/inst/u_miner/g_engines[17].u_engine/header_tail_q[127]_i_1_n_0 |    609 | LUT6        |          -2.131 |           2.051 |
| miner_system_i/miner_2/inst/u_miner/g_engines[18].u_engine/header_tail_q[127]_i_1_n_0 |    609 | LUT6        |          -2.102 |           1.867 |
| miner_system_i/miner_2/inst/u_miner/g_engines[19].u_engine/header_tail_q[127]_i_1_n_0 |    609 | LUT6        |          -3.664 |           1.966 |
| miner_system_i/miner_2/inst/u_miner/g_engines[1].u_engine/header_tail_q[127]_i_1_n_0  |    609 | LUT6        |          -3.373 |           1.840 |
| miner_system_i/miner_2/inst/u_miner/g_engines[20].u_engine/header_tail_q[127]_i_1_n_0 |    609 | LUT6        |          -1.169 |           2.024 |
| miner_system_i/miner_2/inst/u_miner/g_engines[21].u_engine/header_tail_q[127]_i_1_n_0 |    609 | LUT6        |          -0.933 |           2.002 |
| miner_system_i/miner_2/inst/u_miner/g_engines[22].u_engine/header_tail_q[127]_i_1_n_0 |    609 | LUT6        |          -2.110 |           1.753 |
| miner_system_i/miner_2/inst/u_miner/g_engines[23].u_engine/header_tail_q[127]_i_1_n_0 |    609 | LUT6        |          -0.159 |           1.825 |
| miner_system_i/miner_2/inst/u_miner/g_engines[24].u_engine/header_tail_q[127]_i_1_n_0 |    609 | LUT6        |          -2.212 |           2.521 |
| miner_system_i/miner_2/inst/u_miner/g_engines[25].u_engine/header_tail_q[127]_i_1_n_0 |    609 | LUT6        |          -1.102 |           2.321 |
| miner_system_i/miner_2/inst/u_miner/g_engines[26].u_engine/header_tail_q[127]_i_1_n_0 |    609 | LUT6        |          -1.181 |           1.624 |
| miner_system_i/miner_2/inst/u_miner/g_engines[27].u_engine/header_tail_q[127]_i_1_n_0 |    609 | LUT6        |          -2.268 |           1.653 |
| miner_system_i/miner_2/inst/u_miner/g_engines[28].u_engine/header_tail_q[127]_i_1_n_0 |    609 | LUT6        |           0.075 |           2.017 |
| miner_system_i/miner_2/inst/u_miner/g_engines[29].u_engine/header_tail_q[127]_i_1_n_0 |    609 | LUT6        |          -1.887 |           1.683 |
| miner_system_i/miner_2/inst/u_miner/g_engines[2].u_engine/header_tail_q[127]_i_1_n_0  |    609 | LUT6        |          -3.381 |           2.179 |
+---------------------------------------------------------------------------------------+--------+-------------+-----------------+-----------------+


