Copyright 1986-2022 Xilinx, Inc. All Rights Reserved. Copyright 2022-2026 Advanced Micro Devices, Inc. All Rights Reserved.
---------------------------------------------------------------------------------------------------------------------------------------------
| Tool Version : Vivado v.2026.1 (lin64) Build 6511674 Tue Jun 16 11:01:26 MDT 2026
| Date         : Tue Aug 11 20:16:31 2026
| Host         : NiuBi running 64-bit Ubuntu 24.04.4 LTS
| Command      : report_high_fanout_nets -max_nets 250 -timing -load_types -file reports/impl_vek280_4x32_ooc/high_fanout_after.rpt
| Design       : miner_system_wrapper
| Device       : xcve2802
| Design State : Physopt postRoute
---------------------------------------------------------------------------------------------------------------------------------------------

High Fan-out Nets Information

1. Fanout Summary
-----------------

+-----------------------------------------------------------------------------------------------+--------+-------------+-----------------+-----------------+-----------------------------+------------------------------+-----------------------------+-----------------------------+
|                                                                                               |        |             |                 |                 |         Clock Enable        |           Set/Reset          |         Data & Other        |            Clock            |
+-----------------------------------------------------------------------------------------------+--------+-------------+-----------------+-----------------+-------+----+----------------+--------+----+----------------+-------+----+----------------+-------+----+----------------+
| Net Name                                                                                      | Fanout | Driver Type | Worst Slack(ns) | Worst Delay(ns) | Slice | IO | BRAM/DSP/OTHER |  Slice | IO | BRAM/DSP/OTHER | Slice | IO | BRAM/DSP/OTHER | Slice | IO | BRAM/DSP/OTHER |
+-----------------------------------------------------------------------------------------------+--------+-------------+-----------------+-----------------+-------+----+----------------+--------+----+----------------+-------+----+----------------+-------+----+----------------+
| miner_system_i/rst_pl0/U0/peripheral_aresetn_BUFG[0]                                          | 494562 | BUFG_FABRIC |           1.276 |           2.088 |     0 |  0 |              0 | 494561 |  0 |              0 |     1 |  0 |              0 |     0 |  0 |              0 |
| miner_system_i/miner_1/inst/u_miner/g_clusters[0].u_result_fifo/p_1_in[1]                     |   1368 | LUT6        |           0.565 |           0.961 |     0 |  0 |              0 |      0 |  0 |              0 |  1368 |  0 |              0 |     0 |  0 |              0 |
| miner_system_i/miner_0/inst/u_miner/g_engines[0].u_engine/u_core/u_core/h0_q0                 |    783 | LUT2        |           0.730 |           2.091 |   256 |  0 |              0 |      0 |  0 |              0 |   527 |  0 |              0 |     0 |  0 |              0 |
| miner_system_i/miner_0/inst/u_miner/g_engines[10].u_engine/u_core/u_core/h0_q0                |    783 | LUT2        |           0.908 |           2.439 |   256 |  0 |              0 |      0 |  0 |              0 |   527 |  0 |              0 |     0 |  0 |              0 |
| miner_system_i/miner_0/inst/u_miner/g_engines[11].u_engine/u_core/u_core/h0_q0                |    783 | LUT2        |           1.407 |           1.834 |   256 |  0 |              0 |      0 |  0 |              0 |   527 |  0 |              0 |     0 |  0 |              0 |
| miner_system_i/miner_0/inst/u_miner/g_engines[12].u_engine/u_core/u_core/h0_q0                |    783 | LUT2        |           1.093 |           1.756 |   256 |  0 |              0 |      0 |  0 |              0 |   527 |  0 |              0 |     0 |  0 |              0 |
| miner_system_i/miner_0/inst/u_miner/g_engines[13].u_engine/u_core/u_core/h0_q0                |    783 | LUT2        |           0.836 |           1.671 |   256 |  0 |              0 |      0 |  0 |              0 |   527 |  0 |              0 |     0 |  0 |              0 |
| miner_system_i/miner_0/inst/u_miner/g_engines[14].u_engine/u_core/u_core/h0_q0                |    783 | LUT2        |           1.214 |           1.351 |   256 |  0 |              0 |      0 |  0 |              0 |   527 |  0 |              0 |     0 |  0 |              0 |
| miner_system_i/miner_0/inst/u_miner/g_engines[15].u_engine/u_core/u_core/h0_q0                |    783 | LUT2        |           0.586 |           1.687 |   256 |  0 |              0 |      0 |  0 |              0 |   527 |  0 |              0 |     0 |  0 |              0 |
| miner_system_i/miner_0/inst/u_miner/g_engines[16].u_engine/u_core/u_core/h0_q0                |    783 | LUT2        |           1.445 |           1.642 |   256 |  0 |              0 |      0 |  0 |              0 |   527 |  0 |              0 |     0 |  0 |              0 |
| miner_system_i/miner_0/inst/u_miner/g_engines[17].u_engine/u_core/u_core/h0_q0                |    783 | LUT2        |           1.055 |           1.657 |   256 |  0 |              0 |      0 |  0 |              0 |   527 |  0 |              0 |     0 |  0 |              0 |
| miner_system_i/miner_0/inst/u_miner/g_engines[18].u_engine/u_core/u_core/h0_q0                |    783 | LUT2        |           0.749 |           1.634 |   256 |  0 |              0 |      0 |  0 |              0 |   527 |  0 |              0 |     0 |  0 |              0 |
| miner_system_i/miner_0/inst/u_miner/g_engines[19].u_engine/u_core/u_core/h0_q0                |    783 | LUT2        |           1.263 |           1.596 |   256 |  0 |              0 |      0 |  0 |              0 |   527 |  0 |              0 |     0 |  0 |              0 |
| miner_system_i/miner_0/inst/u_miner/g_engines[1].u_engine/u_core/u_core/h0_q0                 |    783 | LUT2        |           1.181 |           1.488 |   256 |  0 |              0 |      0 |  0 |              0 |   527 |  0 |              0 |     0 |  0 |              0 |
| miner_system_i/miner_0/inst/u_miner/g_engines[20].u_engine/u_core/u_core/h0_q0                |    783 | LUT2        |           1.029 |           1.508 |   256 |  0 |              0 |      0 |  0 |              0 |   527 |  0 |              0 |     0 |  0 |              0 |
| miner_system_i/miner_0/inst/u_miner/g_engines[21].u_engine/u_core/u_core/h0_q0                |    783 | LUT2        |           1.059 |           1.584 |   256 |  0 |              0 |      0 |  0 |              0 |   527 |  0 |              0 |     0 |  0 |              0 |
| miner_system_i/miner_0/inst/u_miner/g_engines[22].u_engine/u_core/u_core/h0_q0                |    783 | LUT2        |           1.286 |           1.247 |   256 |  0 |              0 |      0 |  0 |              0 |   527 |  0 |              0 |     0 |  0 |              0 |
| miner_system_i/miner_0/inst/u_miner/g_engines[23].u_engine/u_core/u_core/h0_q0                |    783 | LUT2        |           1.079 |           1.783 |   256 |  0 |              0 |      0 |  0 |              0 |   527 |  0 |              0 |     0 |  0 |              0 |
| miner_system_i/miner_0/inst/u_miner/g_engines[24].u_engine/u_core/u_core/h0_q0                |    783 | LUT2        |           0.823 |           1.922 |   256 |  0 |              0 |      0 |  0 |              0 |   527 |  0 |              0 |     0 |  0 |              0 |
| miner_system_i/miner_0/inst/u_miner/g_engines[25].u_engine/u_core/u_core/h0_q0                |    783 | LUT2        |           1.158 |           1.502 |   256 |  0 |              0 |      0 |  0 |              0 |   527 |  0 |              0 |     0 |  0 |              0 |
| miner_system_i/miner_0/inst/u_miner/g_engines[26].u_engine/u_core/u_core/h0_q0                |    783 | LUT2        |           1.128 |           1.966 |   256 |  0 |              0 |      0 |  0 |              0 |   527 |  0 |              0 |     0 |  0 |              0 |
| miner_system_i/miner_0/inst/u_miner/g_engines[27].u_engine/u_core/u_core/h0_q0                |    783 | LUT2        |           1.003 |           1.585 |   256 |  0 |              0 |      0 |  0 |              0 |   527 |  0 |              0 |     0 |  0 |              0 |
| miner_system_i/miner_0/inst/u_miner/g_engines[28].u_engine/u_core/u_core/h0_q0                |    783 | LUT2        |           1.015 |           1.800 |   256 |  0 |              0 |      0 |  0 |              0 |   527 |  0 |              0 |     0 |  0 |              0 |
| miner_system_i/miner_0/inst/u_miner/g_engines[29].u_engine/u_core/u_core/h0_q0                |    783 | LUT2        |           0.781 |           2.197 |   256 |  0 |              0 |      0 |  0 |              0 |   527 |  0 |              0 |     0 |  0 |              0 |
| miner_system_i/miner_0/inst/u_miner/g_engines[2].u_engine/u_core/u_core/h0_q0                 |    783 | LUT2        |           0.939 |           1.918 |   256 |  0 |              0 |      0 |  0 |              0 |   527 |  0 |              0 |     0 |  0 |              0 |
| miner_system_i/miner_0/inst/u_miner/g_engines[30].u_engine/u_core/u_core/h0_q0                |    783 | LUT2        |           1.264 |           1.260 |   256 |  0 |              0 |      0 |  0 |              0 |   527 |  0 |              0 |     0 |  0 |              0 |
| miner_system_i/miner_0/inst/u_miner/g_engines[31].u_engine/u_core/u_core/h0_q0                |    783 | LUT2        |           0.870 |           1.881 |   256 |  0 |              0 |      0 |  0 |              0 |   527 |  0 |              0 |     0 |  0 |              0 |
| miner_system_i/miner_0/inst/u_miner/g_engines[3].u_engine/u_core/u_core/h0_q0                 |    783 | LUT2        |           1.128 |           1.439 |   256 |  0 |              0 |      0 |  0 |              0 |   527 |  0 |              0 |     0 |  0 |              0 |
| miner_system_i/miner_0/inst/u_miner/g_engines[4].u_engine/u_core/u_core/h0_q0                 |    783 | LUT2        |           1.635 |           1.300 |   256 |  0 |              0 |      0 |  0 |              0 |   527 |  0 |              0 |     0 |  0 |              0 |
| miner_system_i/miner_0/inst/u_miner/g_engines[5].u_engine/u_core/u_core/h0_q0                 |    783 | LUT2        |           1.350 |           1.744 |   256 |  0 |              0 |      0 |  0 |              0 |   527 |  0 |              0 |     0 |  0 |              0 |
| miner_system_i/miner_0/inst/u_miner/g_engines[6].u_engine/u_core/u_core/h0_q0                 |    783 | LUT2        |           1.383 |           1.464 |   256 |  0 |              0 |      0 |  0 |              0 |   527 |  0 |              0 |     0 |  0 |              0 |
| miner_system_i/miner_0/inst/u_miner/g_engines[7].u_engine/u_core/u_core/h0_q0                 |    783 | LUT2        |           1.088 |           1.742 |   256 |  0 |              0 |      0 |  0 |              0 |   527 |  0 |              0 |     0 |  0 |              0 |
| miner_system_i/miner_0/inst/u_miner/g_engines[8].u_engine/u_core/u_core/h0_q0                 |    783 | LUT2        |           1.244 |           1.741 |   256 |  0 |              0 |      0 |  0 |              0 |   527 |  0 |              0 |     0 |  0 |              0 |
| miner_system_i/miner_0/inst/u_miner/g_engines[9].u_engine/u_core/u_core/h0_q0                 |    783 | LUT2        |           1.111 |           1.866 |   256 |  0 |              0 |      0 |  0 |              0 |   527 |  0 |              0 |     0 |  0 |              0 |
| miner_system_i/miner_1/inst/u_miner/g_engines[0].u_engine/u_core/u_core/h0_q0                 |    783 | LUT2        |           1.134 |           1.346 |   256 |  0 |              0 |      0 |  0 |              0 |   527 |  0 |              0 |     0 |  0 |              0 |
| miner_system_i/miner_1/inst/u_miner/g_engines[10].u_engine/u_core/u_core/h0_q0                |    783 | LUT2        |           0.986 |           1.937 |   256 |  0 |              0 |      0 |  0 |              0 |   527 |  0 |              0 |     0 |  0 |              0 |
| miner_system_i/miner_1/inst/u_miner/g_engines[11].u_engine/u_core/u_core/h0_q0                |    783 | LUT2        |           0.894 |           2.330 |   256 |  0 |              0 |      0 |  0 |              0 |   527 |  0 |              0 |     0 |  0 |              0 |
| miner_system_i/miner_1/inst/u_miner/g_engines[12].u_engine/u_core/u_core/h0_q0                |    783 | LUT2        |           1.171 |           1.542 |   256 |  0 |              0 |      0 |  0 |              0 |   527 |  0 |              0 |     0 |  0 |              0 |
| miner_system_i/miner_1/inst/u_miner/g_engines[13].u_engine/u_core/u_core/h0_q0                |    783 | LUT2        |           1.183 |           1.902 |   256 |  0 |              0 |      0 |  0 |              0 |   527 |  0 |              0 |     0 |  0 |              0 |
| miner_system_i/miner_1/inst/u_miner/g_engines[14].u_engine/u_core/u_core/h0_q0                |    783 | LUT2        |           1.065 |           1.703 |   256 |  0 |              0 |      0 |  0 |              0 |   527 |  0 |              0 |     0 |  0 |              0 |
| miner_system_i/miner_1/inst/u_miner/g_engines[15].u_engine/u_core/u_core/h0_q0                |    783 | LUT2        |           1.441 |           1.401 |   256 |  0 |              0 |      0 |  0 |              0 |   527 |  0 |              0 |     0 |  0 |              0 |
| miner_system_i/miner_1/inst/u_miner/g_engines[16].u_engine/u_core/u_core/h0_q0                |    783 | LUT2        |           0.892 |           2.173 |   256 |  0 |              0 |      0 |  0 |              0 |   527 |  0 |              0 |     0 |  0 |              0 |
| miner_system_i/miner_1/inst/u_miner/g_engines[17].u_engine/u_core/u_core/h0_q0                |    783 | LUT2        |           0.960 |           1.413 |   256 |  0 |              0 |      0 |  0 |              0 |   527 |  0 |              0 |     0 |  0 |              0 |
| miner_system_i/miner_1/inst/u_miner/g_engines[18].u_engine/u_core/u_core/h0_q0                |    783 | LUT2        |           1.231 |           1.399 |   256 |  0 |              0 |      0 |  0 |              0 |   527 |  0 |              0 |     0 |  0 |              0 |
| miner_system_i/miner_1/inst/u_miner/g_engines[19].u_engine/u_core/u_core/h0_q0                |    783 | LUT2        |           1.404 |           1.619 |   256 |  0 |              0 |      0 |  0 |              0 |   527 |  0 |              0 |     0 |  0 |              0 |
| miner_system_i/miner_1/inst/u_miner/g_engines[1].u_engine/u_core/u_core/h0_q0                 |    783 | LUT2        |           0.999 |           1.747 |   256 |  0 |              0 |      0 |  0 |              0 |   527 |  0 |              0 |     0 |  0 |              0 |
| miner_system_i/miner_1/inst/u_miner/g_engines[20].u_engine/u_core/u_core/h0_q0                |    783 | LUT2        |           1.245 |           1.727 |   256 |  0 |              0 |      0 |  0 |              0 |   527 |  0 |              0 |     0 |  0 |              0 |
| miner_system_i/miner_1/inst/u_miner/g_engines[21].u_engine/u_core/u_core/h0_q0                |    783 | LUT2        |           1.414 |           1.496 |   256 |  0 |              0 |      0 |  0 |              0 |   527 |  0 |              0 |     0 |  0 |              0 |
| miner_system_i/miner_1/inst/u_miner/g_engines[22].u_engine/u_core/u_core/h0_q0                |    783 | LUT2        |           0.899 |           1.351 |   256 |  0 |              0 |      0 |  0 |              0 |   527 |  0 |              0 |     0 |  0 |              0 |
| miner_system_i/miner_1/inst/u_miner/g_engines[23].u_engine/u_core/u_core/h0_q0                |    783 | LUT2        |           1.093 |           1.483 |   256 |  0 |              0 |      0 |  0 |              0 |   527 |  0 |              0 |     0 |  0 |              0 |
| miner_system_i/miner_1/inst/u_miner/g_engines[24].u_engine/u_core/u_core/h0_q0                |    783 | LUT2        |           0.818 |           1.537 |   256 |  0 |              0 |      0 |  0 |              0 |   527 |  0 |              0 |     0 |  0 |              0 |
| miner_system_i/miner_1/inst/u_miner/g_engines[25].u_engine/u_core/u_core/h0_q0                |    783 | LUT2        |           1.230 |           1.365 |   256 |  0 |              0 |      0 |  0 |              0 |   527 |  0 |              0 |     0 |  0 |              0 |
| miner_system_i/miner_1/inst/u_miner/g_engines[26].u_engine/u_core/u_core/h0_q0                |    783 | LUT2        |           1.153 |           1.592 |   256 |  0 |              0 |      0 |  0 |              0 |   527 |  0 |              0 |     0 |  0 |              0 |
| miner_system_i/miner_1/inst/u_miner/g_engines[27].u_engine/u_core/u_core/h0_q0                |    783 | LUT2        |           1.151 |           1.750 |   256 |  0 |              0 |      0 |  0 |              0 |   527 |  0 |              0 |     0 |  0 |              0 |
| miner_system_i/miner_1/inst/u_miner/g_engines[28].u_engine/u_core/u_core/h0_q0                |    783 | LUT2        |           0.917 |           2.099 |   256 |  0 |              0 |      0 |  0 |              0 |   527 |  0 |              0 |     0 |  0 |              0 |
| miner_system_i/miner_1/inst/u_miner/g_engines[29].u_engine/u_core/u_core/h0_q0                |    783 | LUT2        |           0.974 |           2.340 |   256 |  0 |              0 |      0 |  0 |              0 |   527 |  0 |              0 |     0 |  0 |              0 |
| miner_system_i/miner_1/inst/u_miner/g_engines[2].u_engine/u_core/u_core/h0_q0                 |    783 | LUT2        |           1.156 |           1.317 |   256 |  0 |              0 |      0 |  0 |              0 |   527 |  0 |              0 |     0 |  0 |              0 |
| miner_system_i/miner_1/inst/u_miner/g_engines[30].u_engine/u_core/u_core/h0_q0                |    783 | LUT2        |           1.262 |           1.526 |   256 |  0 |              0 |      0 |  0 |              0 |   527 |  0 |              0 |     0 |  0 |              0 |
| miner_system_i/miner_1/inst/u_miner/g_engines[31].u_engine/u_core/u_core/h0_q0                |    783 | LUT2        |           1.068 |           1.595 |   256 |  0 |              0 |      0 |  0 |              0 |   527 |  0 |              0 |     0 |  0 |              0 |
| miner_system_i/miner_1/inst/u_miner/g_engines[3].u_engine/u_core/u_core/h0_q0                 |    783 | LUT2        |           0.930 |           1.879 |   256 |  0 |              0 |      0 |  0 |              0 |   527 |  0 |              0 |     0 |  0 |              0 |
| miner_system_i/miner_1/inst/u_miner/g_engines[4].u_engine/u_core/u_core/h0_q0                 |    783 | LUT2        |           0.896 |           1.898 |   256 |  0 |              0 |      0 |  0 |              0 |   527 |  0 |              0 |     0 |  0 |              0 |
| miner_system_i/miner_1/inst/u_miner/g_engines[5].u_engine/u_core/u_core/h0_q0                 |    783 | LUT2        |           0.702 |           1.616 |   256 |  0 |              0 |      0 |  0 |              0 |   527 |  0 |              0 |     0 |  0 |              0 |
| miner_system_i/miner_1/inst/u_miner/g_engines[6].u_engine/u_core/u_core/h0_q0                 |    783 | LUT2        |           0.658 |           1.860 |   256 |  0 |              0 |      0 |  0 |              0 |   527 |  0 |              0 |     0 |  0 |              0 |
| miner_system_i/miner_1/inst/u_miner/g_engines[7].u_engine/u_core/u_core/h0_q0                 |    783 | LUT2        |           0.784 |           1.035 |   256 |  0 |              0 |      0 |  0 |              0 |   527 |  0 |              0 |     0 |  0 |              0 |
| miner_system_i/miner_1/inst/u_miner/g_engines[8].u_engine/u_core/u_core/h0_q0                 |    783 | LUT2        |           1.030 |           1.527 |   256 |  0 |              0 |      0 |  0 |              0 |   527 |  0 |              0 |     0 |  0 |              0 |
| miner_system_i/miner_1/inst/u_miner/g_engines[9].u_engine/u_core/u_core/h0_q0                 |    783 | LUT2        |           1.235 |           1.355 |   256 |  0 |              0 |      0 |  0 |              0 |   527 |  0 |              0 |     0 |  0 |              0 |
| miner_system_i/miner_2/inst/u_miner/g_engines[0].u_engine/u_core/u_core/h0_q0                 |    783 | LUT2        |           1.048 |           1.596 |   256 |  0 |              0 |      0 |  0 |              0 |   527 |  0 |              0 |     0 |  0 |              0 |
| miner_system_i/miner_2/inst/u_miner/g_engines[10].u_engine/u_core/u_core/h0_q0                |    783 | LUT2        |           1.215 |           1.685 |   256 |  0 |              0 |      0 |  0 |              0 |   527 |  0 |              0 |     0 |  0 |              0 |
| miner_system_i/miner_2/inst/u_miner/g_engines[11].u_engine/u_core/u_core/h0_q0                |    783 | LUT2        |           0.956 |           1.577 |   256 |  0 |              0 |      0 |  0 |              0 |   527 |  0 |              0 |     0 |  0 |              0 |
| miner_system_i/miner_2/inst/u_miner/g_engines[12].u_engine/u_core/u_core/h0_q0                |    783 | LUT2        |           0.948 |           1.384 |   256 |  0 |              0 |      0 |  0 |              0 |   527 |  0 |              0 |     0 |  0 |              0 |
| miner_system_i/miner_2/inst/u_miner/g_engines[13].u_engine/u_core/u_core/h0_q0                |    783 | LUT2        |           0.828 |           1.638 |   256 |  0 |              0 |      0 |  0 |              0 |   527 |  0 |              0 |     0 |  0 |              0 |
| miner_system_i/miner_2/inst/u_miner/g_engines[14].u_engine/u_core/u_core/h0_q0                |    783 | LUT2        |           0.659 |           2.251 |   256 |  0 |              0 |      0 |  0 |              0 |   527 |  0 |              0 |     0 |  0 |              0 |
| miner_system_i/miner_2/inst/u_miner/g_engines[15].u_engine/u_core/u_core/h0_q0                |    783 | LUT2        |           0.804 |           1.710 |   256 |  0 |              0 |      0 |  0 |              0 |   527 |  0 |              0 |     0 |  0 |              0 |
| miner_system_i/miner_2/inst/u_miner/g_engines[16].u_engine/u_core/u_core/h0_q0                |    783 | LUT2        |           1.508 |           1.552 |   256 |  0 |              0 |      0 |  0 |              0 |   527 |  0 |              0 |     0 |  0 |              0 |
| miner_system_i/miner_2/inst/u_miner/g_engines[17].u_engine/u_core/u_core/h0_q0                |    783 | LUT2        |           1.014 |           2.205 |   256 |  0 |              0 |      0 |  0 |              0 |   527 |  0 |              0 |     0 |  0 |              0 |
| miner_system_i/miner_2/inst/u_miner/g_engines[18].u_engine/u_core/u_core/h0_q0                |    783 | LUT2        |           1.229 |           1.853 |   256 |  0 |              0 |      0 |  0 |              0 |   527 |  0 |              0 |     0 |  0 |              0 |
| miner_system_i/miner_2/inst/u_miner/g_engines[19].u_engine/u_core/u_core/h0_q0                |    783 | LUT2        |           1.255 |           1.202 |   256 |  0 |              0 |      0 |  0 |              0 |   527 |  0 |              0 |     0 |  0 |              0 |
| miner_system_i/miner_2/inst/u_miner/g_engines[1].u_engine/u_core/u_core/h0_q0                 |    783 | LUT2        |           1.168 |           1.677 |   256 |  0 |              0 |      0 |  0 |              0 |   527 |  0 |              0 |     0 |  0 |              0 |
| miner_system_i/miner_2/inst/u_miner/g_engines[20].u_engine/u_core/u_core/h0_q0                |    783 | LUT2        |           1.089 |           1.364 |   256 |  0 |              0 |      0 |  0 |              0 |   527 |  0 |              0 |     0 |  0 |              0 |
| miner_system_i/miner_2/inst/u_miner/g_engines[21].u_engine/u_core/u_core/h0_q0                |    783 | LUT2        |           0.947 |           1.208 |   256 |  0 |              0 |      0 |  0 |              0 |   527 |  0 |              0 |     0 |  0 |              0 |
| miner_system_i/miner_2/inst/u_miner/g_engines[22].u_engine/u_core/u_core/h0_q0                |    783 | LUT2        |           1.222 |           1.192 |   256 |  0 |              0 |      0 |  0 |              0 |   527 |  0 |              0 |     0 |  0 |              0 |
| miner_system_i/miner_2/inst/u_miner/g_engines[23].u_engine/u_core/u_core/h0_q0                |    783 | LUT2        |           1.463 |           1.484 |   256 |  0 |              0 |      0 |  0 |              0 |   527 |  0 |              0 |     0 |  0 |              0 |
| miner_system_i/miner_2/inst/u_miner/g_engines[24].u_engine/u_core/u_core/h0_q0                |    783 | LUT2        |           0.845 |           1.449 |   256 |  0 |              0 |      0 |  0 |              0 |   527 |  0 |              0 |     0 |  0 |              0 |
| miner_system_i/miner_2/inst/u_miner/g_engines[25].u_engine/u_core/u_core/h0_q0                |    783 | LUT2        |           1.175 |           1.877 |   256 |  0 |              0 |      0 |  0 |              0 |   527 |  0 |              0 |     0 |  0 |              0 |
| miner_system_i/miner_2/inst/u_miner/g_engines[26].u_engine/u_core/u_core/h0_q0                |    783 | LUT2        |           1.193 |           1.490 |   256 |  0 |              0 |      0 |  0 |              0 |   527 |  0 |              0 |     0 |  0 |              0 |
| miner_system_i/miner_2/inst/u_miner/g_engines[27].u_engine/u_core/u_core/h0_q0                |    783 | LUT2        |           0.861 |           1.365 |   256 |  0 |              0 |      0 |  0 |              0 |   527 |  0 |              0 |     0 |  0 |              0 |
| miner_system_i/miner_2/inst/u_miner/g_engines[28].u_engine/u_core/u_core/h0_q0                |    783 | LUT2        |           0.871 |           1.898 |   256 |  0 |              0 |      0 |  0 |              0 |   527 |  0 |              0 |     0 |  0 |              0 |
| miner_system_i/miner_2/inst/u_miner/g_engines[29].u_engine/u_core/u_core/h0_q0                |    783 | LUT2        |           0.911 |           1.695 |   256 |  0 |              0 |      0 |  0 |              0 |   527 |  0 |              0 |     0 |  0 |              0 |
| miner_system_i/miner_2/inst/u_miner/g_engines[2].u_engine/u_core/u_core/h0_q0                 |    783 | LUT2        |           1.222 |           1.808 |   256 |  0 |              0 |      0 |  0 |              0 |   527 |  0 |              0 |     0 |  0 |              0 |
| miner_system_i/miner_2/inst/u_miner/g_engines[30].u_engine/u_core/u_core/h0_q0                |    783 | LUT2        |           1.476 |           1.303 |   256 |  0 |              0 |      0 |  0 |              0 |   527 |  0 |              0 |     0 |  0 |              0 |
| miner_system_i/miner_2/inst/u_miner/g_engines[31].u_engine/u_core/u_core/h0_q0                |    783 | LUT2        |           1.184 |           1.696 |   256 |  0 |              0 |      0 |  0 |              0 |   527 |  0 |              0 |     0 |  0 |              0 |
| miner_system_i/miner_2/inst/u_miner/g_engines[3].u_engine/u_core/u_core/h0_q0                 |    783 | LUT2        |           1.182 |           1.765 |   256 |  0 |              0 |      0 |  0 |              0 |   527 |  0 |              0 |     0 |  0 |              0 |
| miner_system_i/miner_2/inst/u_miner/g_engines[4].u_engine/u_core/u_core/h0_q0                 |    783 | LUT2        |           1.189 |           1.494 |   256 |  0 |              0 |      0 |  0 |              0 |   527 |  0 |              0 |     0 |  0 |              0 |
| miner_system_i/miner_2/inst/u_miner/g_engines[5].u_engine/u_core/u_core/h0_q0                 |    783 | LUT2        |           0.762 |           1.941 |   256 |  0 |              0 |      0 |  0 |              0 |   527 |  0 |              0 |     0 |  0 |              0 |
| miner_system_i/miner_2/inst/u_miner/g_engines[6].u_engine/u_core/u_core/h0_q0                 |    783 | LUT2        |           0.915 |           1.668 |   256 |  0 |              0 |      0 |  0 |              0 |   527 |  0 |              0 |     0 |  0 |              0 |
| miner_system_i/miner_2/inst/u_miner/g_engines[7].u_engine/u_core/u_core/h0_q0                 |    783 | LUT2        |           1.130 |           1.822 |   256 |  0 |              0 |      0 |  0 |              0 |   527 |  0 |              0 |     0 |  0 |              0 |
| miner_system_i/miner_2/inst/u_miner/g_engines[8].u_engine/u_core/u_core/h0_q0                 |    783 | LUT2        |           0.889 |           1.384 |   256 |  0 |              0 |      0 |  0 |              0 |   527 |  0 |              0 |     0 |  0 |              0 |
| miner_system_i/miner_2/inst/u_miner/g_engines[9].u_engine/u_core/u_core/h0_q0                 |    783 | LUT2        |           0.864 |           1.897 |   256 |  0 |              0 |      0 |  0 |              0 |   527 |  0 |              0 |     0 |  0 |              0 |
| miner_system_i/miner_3/inst/u_miner/g_engines[0].u_engine/u_core/u_core/h0_q0                 |    783 | LUT2        |           0.908 |           1.516 |   256 |  0 |              0 |      0 |  0 |              0 |   527 |  0 |              0 |     0 |  0 |              0 |
| miner_system_i/miner_3/inst/u_miner/g_engines[10].u_engine/u_core/u_core/h0_q0                |    783 | LUT2        |           1.360 |           1.649 |   256 |  0 |              0 |      0 |  0 |              0 |   527 |  0 |              0 |     0 |  0 |              0 |
| miner_system_i/miner_3/inst/u_miner/g_engines[11].u_engine/u_core/u_core/h0_q0                |    783 | LUT2        |           1.065 |           1.550 |   256 |  0 |              0 |      0 |  0 |              0 |   527 |  0 |              0 |     0 |  0 |              0 |
| miner_system_i/miner_3/inst/u_miner/g_engines[12].u_engine/u_core/u_core/h0_q0                |    783 | LUT2        |           1.391 |           1.552 |   256 |  0 |              0 |      0 |  0 |              0 |   527 |  0 |              0 |     0 |  0 |              0 |
| miner_system_i/miner_3/inst/u_miner/g_engines[13].u_engine/u_core/u_core/h0_q0                |    783 | LUT2        |           1.139 |           2.033 |   256 |  0 |              0 |      0 |  0 |              0 |   527 |  0 |              0 |     0 |  0 |              0 |
| miner_system_i/miner_3/inst/u_miner/g_engines[14].u_engine/u_core/u_core/h0_q0                |    783 | LUT2        |           1.366 |           1.716 |   256 |  0 |              0 |      0 |  0 |              0 |   527 |  0 |              0 |     0 |  0 |              0 |
| miner_system_i/miner_3/inst/u_miner/g_engines[15].u_engine/u_core/u_core/h0_q0                |    783 | LUT2        |           1.250 |           1.540 |   256 |  0 |              0 |      0 |  0 |              0 |   527 |  0 |              0 |     0 |  0 |              0 |
| miner_system_i/miner_3/inst/u_miner/g_engines[16].u_engine/u_core/u_core/h0_q0                |    783 | LUT2        |           1.040 |           1.752 |   256 |  0 |              0 |      0 |  0 |              0 |   527 |  0 |              0 |     0 |  0 |              0 |
| miner_system_i/miner_3/inst/u_miner/g_engines[17].u_engine/u_core/u_core/h0_q0                |    783 | LUT2        |           1.008 |           1.464 |   256 |  0 |              0 |      0 |  0 |              0 |   527 |  0 |              0 |     0 |  0 |              0 |
| miner_system_i/miner_3/inst/u_miner/g_engines[18].u_engine/u_core/u_core/h0_q0                |    783 | LUT2        |           1.033 |           1.740 |   256 |  0 |              0 |      0 |  0 |              0 |   527 |  0 |              0 |     0 |  0 |              0 |
| miner_system_i/miner_3/inst/u_miner/g_engines[19].u_engine/u_core/u_core/h0_q0                |    783 | LUT2        |           0.920 |           1.716 |   256 |  0 |              0 |      0 |  0 |              0 |   527 |  0 |              0 |     0 |  0 |              0 |
| miner_system_i/miner_3/inst/u_miner/g_engines[1].u_engine/u_core/u_core/h0_q0                 |    783 | LUT2        |           1.426 |           1.462 |   256 |  0 |              0 |      0 |  0 |              0 |   527 |  0 |              0 |     0 |  0 |              0 |
| miner_system_i/miner_3/inst/u_miner/g_engines[20].u_engine/u_core/u_core/h0_q0                |    783 | LUT2        |           0.948 |           1.562 |   256 |  0 |              0 |      0 |  0 |              0 |   527 |  0 |              0 |     0 |  0 |              0 |
| miner_system_i/miner_3/inst/u_miner/g_engines[21].u_engine/u_core/u_core/h0_q0                |    783 | LUT2        |           1.001 |           1.672 |   256 |  0 |              0 |      0 |  0 |              0 |   527 |  0 |              0 |     0 |  0 |              0 |
| miner_system_i/miner_3/inst/u_miner/g_engines[22].u_engine/u_core/u_core/h0_q0                |    783 | LUT2        |           0.993 |           1.624 |   256 |  0 |              0 |      0 |  0 |              0 |   527 |  0 |              0 |     0 |  0 |              0 |
| miner_system_i/miner_3/inst/u_miner/g_engines[23].u_engine/u_core/u_core/h0_q0                |    783 | LUT2        |           1.221 |           1.567 |   256 |  0 |              0 |      0 |  0 |              0 |   527 |  0 |              0 |     0 |  0 |              0 |
| miner_system_i/miner_3/inst/u_miner/g_engines[24].u_engine/u_core/u_core/h0_q0                |    783 | LUT2        |           1.152 |           1.587 |   256 |  0 |              0 |      0 |  0 |              0 |   527 |  0 |              0 |     0 |  0 |              0 |
| miner_system_i/miner_3/inst/u_miner/g_engines[25].u_engine/u_core/u_core/h0_q0                |    783 | LUT2        |           0.776 |           1.557 |   256 |  0 |              0 |      0 |  0 |              0 |   527 |  0 |              0 |     0 |  0 |              0 |
| miner_system_i/miner_3/inst/u_miner/g_engines[26].u_engine/u_core/u_core/h0_q0                |    783 | LUT2        |           1.158 |           1.469 |   256 |  0 |              0 |      0 |  0 |              0 |   527 |  0 |              0 |     0 |  0 |              0 |
| miner_system_i/miner_3/inst/u_miner/g_engines[27].u_engine/u_core/u_core/h0_q0                |    783 | LUT2        |           0.745 |           1.718 |   256 |  0 |              0 |      0 |  0 |              0 |   527 |  0 |              0 |     0 |  0 |              0 |
| miner_system_i/miner_3/inst/u_miner/g_engines[28].u_engine/u_core/u_core/h0_q0                |    783 | LUT2        |           0.942 |           1.577 |   256 |  0 |              0 |      0 |  0 |              0 |   527 |  0 |              0 |     0 |  0 |              0 |
| miner_system_i/miner_3/inst/u_miner/g_engines[29].u_engine/u_core/u_core/h0_q0                |    783 | LUT2        |           1.284 |           1.289 |   256 |  0 |              0 |      0 |  0 |              0 |   527 |  0 |              0 |     0 |  0 |              0 |
| miner_system_i/miner_3/inst/u_miner/g_engines[2].u_engine/u_core/u_core/h0_q0                 |    783 | LUT2        |           0.840 |           1.678 |   256 |  0 |              0 |      0 |  0 |              0 |   527 |  0 |              0 |     0 |  0 |              0 |
| miner_system_i/miner_3/inst/u_miner/g_engines[30].u_engine/u_core/u_core/h0_q0                |    783 | LUT2        |           0.745 |           1.985 |   256 |  0 |              0 |      0 |  0 |              0 |   527 |  0 |              0 |     0 |  0 |              0 |
| miner_system_i/miner_3/inst/u_miner/g_engines[31].u_engine/u_core/u_core/h0_q0                |    783 | LUT2        |           1.300 |           1.541 |   256 |  0 |              0 |      0 |  0 |              0 |   527 |  0 |              0 |     0 |  0 |              0 |
| miner_system_i/miner_3/inst/u_miner/g_engines[3].u_engine/u_core/u_core/h0_q0                 |    783 | LUT2        |           0.963 |           1.431 |   256 |  0 |              0 |      0 |  0 |              0 |   527 |  0 |              0 |     0 |  0 |              0 |
| miner_system_i/miner_3/inst/u_miner/g_engines[4].u_engine/u_core/u_core/h0_q0                 |    783 | LUT2        |           0.937 |           1.846 |   256 |  0 |              0 |      0 |  0 |              0 |   527 |  0 |              0 |     0 |  0 |              0 |
| miner_system_i/miner_3/inst/u_miner/g_engines[5].u_engine/u_core/u_core/h0_q0                 |    783 | LUT2        |           1.046 |           1.529 |   256 |  0 |              0 |      0 |  0 |              0 |   527 |  0 |              0 |     0 |  0 |              0 |
| miner_system_i/miner_3/inst/u_miner/g_engines[6].u_engine/u_core/u_core/h0_q0                 |    783 | LUT2        |           1.516 |           1.669 |   256 |  0 |              0 |      0 |  0 |              0 |   527 |  0 |              0 |     0 |  0 |              0 |
| miner_system_i/miner_3/inst/u_miner/g_engines[7].u_engine/u_core/u_core/h0_q0                 |    783 | LUT2        |           0.893 |           1.458 |   256 |  0 |              0 |      0 |  0 |              0 |   527 |  0 |              0 |     0 |  0 |              0 |
| miner_system_i/miner_3/inst/u_miner/g_engines[8].u_engine/u_core/u_core/h0_q0                 |    783 | LUT2        |           1.315 |           1.301 |   256 |  0 |              0 |      0 |  0 |              0 |   527 |  0 |              0 |     0 |  0 |              0 |
| miner_system_i/miner_3/inst/u_miner/g_engines[9].u_engine/u_core/u_core/h0_q0                 |    783 | LUT2        |           0.990 |           1.554 |   256 |  0 |              0 |      0 |  0 |              0 |   527 |  0 |              0 |     0 |  0 |              0 |
| miner_system_i/miner_1/inst/u_miner/g_clusters[0].u_result_fifo/stage2_engine_id_q[2]_i_2_n_0 |    705 | LUT4        |           0.634 |           1.215 |     0 |  0 |              0 |      0 |  0 |              0 |   705 |  0 |              0 |     0 |  0 |              0 |
| miner_system_i/miner_0/inst/u_miner/g_engines[0].u_engine/midstate_q[0]                       |    611 | LUT6        |           0.817 |           1.458 |   608 |  0 |              0 |      0 |  0 |              0 |     3 |  0 |              0 |     0 |  0 |              0 |
| miner_system_i/miner_0/inst/u_miner/g_engines[10].u_engine/midstate_q[0]                      |    611 | LUT6        |           0.847 |           1.438 |   608 |  0 |              0 |      0 |  0 |              0 |     3 |  0 |              0 |     0 |  0 |              0 |
| miner_system_i/miner_0/inst/u_miner/g_engines[11].u_engine/midstate_q[0]                      |    611 | LUT6        |           1.014 |           1.281 |   608 |  0 |              0 |      0 |  0 |              0 |     3 |  0 |              0 |     0 |  0 |              0 |
| miner_system_i/miner_0/inst/u_miner/g_engines[12].u_engine/midstate_q[0]                      |    611 | LUT6        |           0.904 |           1.659 |   608 |  0 |              0 |      0 |  0 |              0 |     3 |  0 |              0 |     0 |  0 |              0 |
| miner_system_i/miner_0/inst/u_miner/g_engines[13].u_engine/midstate_q[0]                      |    611 | LUT6        |           1.114 |           1.411 |   608 |  0 |              0 |      0 |  0 |              0 |     3 |  0 |              0 |     0 |  0 |              0 |
| miner_system_i/miner_0/inst/u_miner/g_engines[14].u_engine/midstate_q[0]                      |    611 | LUT6        |           0.776 |           1.541 |   608 |  0 |              0 |      0 |  0 |              0 |     3 |  0 |              0 |     0 |  0 |              0 |
| miner_system_i/miner_0/inst/u_miner/g_engines[15].u_engine/midstate_q[0]                      |    611 | LUT6        |           0.813 |           1.456 |   608 |  0 |              0 |      0 |  0 |              0 |     3 |  0 |              0 |     0 |  0 |              0 |
| miner_system_i/miner_0/inst/u_miner/g_engines[16].u_engine/midstate_q[0]                      |    611 | LUT6        |           1.214 |           1.292 |   608 |  0 |              0 |      0 |  0 |              0 |     3 |  0 |              0 |     0 |  0 |              0 |
| miner_system_i/miner_0/inst/u_miner/g_engines[17].u_engine/midstate_q[0]                      |    611 | LUT6        |           0.975 |           1.527 |   608 |  0 |              0 |      0 |  0 |              0 |     3 |  0 |              0 |     0 |  0 |              0 |
| miner_system_i/miner_0/inst/u_miner/g_engines[18].u_engine/midstate_q[0]                      |    611 | LUT6        |           0.880 |           1.435 |   608 |  0 |              0 |      0 |  0 |              0 |     3 |  0 |              0 |     0 |  0 |              0 |
| miner_system_i/miner_0/inst/u_miner/g_engines[19].u_engine/midstate_q[0]                      |    611 | LUT6        |           0.748 |           1.653 |   608 |  0 |              0 |      0 |  0 |              0 |     3 |  0 |              0 |     0 |  0 |              0 |
| miner_system_i/miner_0/inst/u_miner/g_engines[1].u_engine/midstate_q[0]                       |    611 | LUT6        |           1.027 |           1.409 |   608 |  0 |              0 |      0 |  0 |              0 |     3 |  0 |              0 |     0 |  0 |              0 |
| miner_system_i/miner_0/inst/u_miner/g_engines[20].u_engine/midstate_q[0]                      |    611 | LUT6        |           1.127 |           1.548 |   608 |  0 |              0 |      0 |  0 |              0 |     3 |  0 |              0 |     0 |  0 |              0 |
| miner_system_i/miner_0/inst/u_miner/g_engines[21].u_engine/midstate_q[0]                      |    611 | LUT6        |           1.068 |           1.530 |   608 |  0 |              0 |      0 |  0 |              0 |     3 |  0 |              0 |     0 |  0 |              0 |
| miner_system_i/miner_0/inst/u_miner/g_engines[22].u_engine/midstate_q[0]                      |    611 | LUT6        |           0.957 |           1.594 |   608 |  0 |              0 |      0 |  0 |              0 |     3 |  0 |              0 |     0 |  0 |              0 |
| miner_system_i/miner_0/inst/u_miner/g_engines[23].u_engine/midstate_q[0]                      |    611 | LUT6        |           1.080 |           1.291 |   608 |  0 |              0 |      0 |  0 |              0 |     3 |  0 |              0 |     0 |  0 |              0 |
| miner_system_i/miner_0/inst/u_miner/g_engines[24].u_engine/midstate_q[0]                      |    611 | LUT6        |           0.919 |           1.598 |   608 |  0 |              0 |      0 |  0 |              0 |     3 |  0 |              0 |     0 |  0 |              0 |
| miner_system_i/miner_0/inst/u_miner/g_engines[25].u_engine/midstate_q[0]                      |    611 | LUT6        |           0.932 |           1.407 |   608 |  0 |              0 |      0 |  0 |              0 |     3 |  0 |              0 |     0 |  0 |              0 |
| miner_system_i/miner_0/inst/u_miner/g_engines[26].u_engine/midstate_q[0]                      |    611 | LUT6        |           0.827 |           1.436 |   608 |  0 |              0 |      0 |  0 |              0 |     3 |  0 |              0 |     0 |  0 |              0 |
| miner_system_i/miner_0/inst/u_miner/g_engines[27].u_engine/midstate_q[0]                      |    611 | LUT6        |           1.018 |           1.578 |   608 |  0 |              0 |      0 |  0 |              0 |     3 |  0 |              0 |     0 |  0 |              0 |
| miner_system_i/miner_0/inst/u_miner/g_engines[28].u_engine/midstate_q[0]                      |    611 | LUT6        |           1.005 |           1.525 |   608 |  0 |              0 |      0 |  0 |              0 |     3 |  0 |              0 |     0 |  0 |              0 |
| miner_system_i/miner_0/inst/u_miner/g_engines[29].u_engine/midstate_q[0]                      |    611 | LUT6        |           0.973 |           1.745 |   608 |  0 |              0 |      0 |  0 |              0 |     3 |  0 |              0 |     0 |  0 |              0 |
| miner_system_i/miner_0/inst/u_miner/g_engines[2].u_engine/midstate_q[0]                       |    611 | LUT6        |           0.939 |           1.437 |   608 |  0 |              0 |      0 |  0 |              0 |     3 |  0 |              0 |     0 |  0 |              0 |
| miner_system_i/miner_0/inst/u_miner/g_engines[30].u_engine/midstate_q[0]                      |    611 | LUT6        |           1.054 |           1.425 |   608 |  0 |              0 |      0 |  0 |              0 |     3 |  0 |              0 |     0 |  0 |              0 |
| miner_system_i/miner_0/inst/u_miner/g_engines[31].u_engine/midstate_q[0]                      |    611 | LUT6        |           1.039 |           1.420 |   608 |  0 |              0 |      0 |  0 |              0 |     3 |  0 |              0 |     0 |  0 |              0 |
| miner_system_i/miner_0/inst/u_miner/g_engines[3].u_engine/midstate_q[0]                       |    611 | LUT6        |           0.935 |           1.261 |   608 |  0 |              0 |      0 |  0 |              0 |     3 |  0 |              0 |     0 |  0 |              0 |
| miner_system_i/miner_0/inst/u_miner/g_engines[4].u_engine/midstate_q[0]                       |    611 | LUT6        |           0.786 |           1.603 |   608 |  0 |              0 |      0 |  0 |              0 |     3 |  0 |              0 |     0 |  0 |              0 |
| miner_system_i/miner_0/inst/u_miner/g_engines[5].u_engine/midstate_q[0]                       |    611 | LUT6        |           0.950 |           1.473 |   608 |  0 |              0 |      0 |  0 |              0 |     3 |  0 |              0 |     0 |  0 |              0 |
| miner_system_i/miner_0/inst/u_miner/g_engines[6].u_engine/midstate_q[0]                       |    611 | LUT6        |           1.019 |           1.536 |   608 |  0 |              0 |      0 |  0 |              0 |     3 |  0 |              0 |     0 |  0 |              0 |
| miner_system_i/miner_0/inst/u_miner/g_engines[7].u_engine/midstate_q[0]                       |    611 | LUT6        |           0.966 |           1.585 |   608 |  0 |              0 |      0 |  0 |              0 |     3 |  0 |              0 |     0 |  0 |              0 |
| miner_system_i/miner_0/inst/u_miner/g_engines[8].u_engine/midstate_q[0]                       |    611 | LUT6        |           0.979 |           1.358 |   608 |  0 |              0 |      0 |  0 |              0 |     3 |  0 |              0 |     0 |  0 |              0 |
| miner_system_i/miner_0/inst/u_miner/g_engines[9].u_engine/midstate_q[0]                       |    611 | LUT6        |           0.961 |           1.353 |   608 |  0 |              0 |      0 |  0 |              0 |     3 |  0 |              0 |     0 |  0 |              0 |
| miner_system_i/miner_1/inst/u_miner/g_engines[0].u_engine/midstate_q[0]                       |    611 | LUT6        |           0.856 |           1.473 |   608 |  0 |              0 |      0 |  0 |              0 |     3 |  0 |              0 |     0 |  0 |              0 |
| miner_system_i/miner_1/inst/u_miner/g_engines[10].u_engine/midstate_q[0]                      |    611 | LUT6        |           1.135 |           1.517 |   608 |  0 |              0 |      0 |  0 |              0 |     3 |  0 |              0 |     0 |  0 |              0 |
| miner_system_i/miner_1/inst/u_miner/g_engines[11].u_engine/midstate_q[0]                      |    611 | LUT6        |           0.705 |           1.506 |   608 |  0 |              0 |      0 |  0 |              0 |     3 |  0 |              0 |     0 |  0 |              0 |
| miner_system_i/miner_1/inst/u_miner/g_engines[12].u_engine/midstate_q[0]                      |    611 | LUT6        |           0.989 |           1.341 |   608 |  0 |              0 |      0 |  0 |              0 |     3 |  0 |              0 |     0 |  0 |              0 |
| miner_system_i/miner_1/inst/u_miner/g_engines[13].u_engine/midstate_q[0]                      |    611 | LUT6        |           1.123 |           1.043 |   608 |  0 |              0 |      0 |  0 |              0 |     3 |  0 |              0 |     0 |  0 |              0 |
| miner_system_i/miner_1/inst/u_miner/g_engines[14].u_engine/midstate_q[0]                      |    611 | LUT6        |           0.967 |           1.534 |   608 |  0 |              0 |      0 |  0 |              0 |     3 |  0 |              0 |     0 |  0 |              0 |
| miner_system_i/miner_1/inst/u_miner/g_engines[15].u_engine/midstate_q[0]                      |    611 | LUT6        |           1.025 |           1.113 |   608 |  0 |              0 |      0 |  0 |              0 |     3 |  0 |              0 |     0 |  0 |              0 |
| miner_system_i/miner_1/inst/u_miner/g_engines[16].u_engine/midstate_q[0]                      |    611 | LUT6        |           0.848 |           1.542 |   608 |  0 |              0 |      0 |  0 |              0 |     3 |  0 |              0 |     0 |  0 |              0 |
| miner_system_i/miner_1/inst/u_miner/g_engines[17].u_engine/midstate_q[0]                      |    611 | LUT6        |           0.854 |           1.690 |   608 |  0 |              0 |      0 |  0 |              0 |     3 |  0 |              0 |     0 |  0 |              0 |
| miner_system_i/miner_1/inst/u_miner/g_engines[18].u_engine/midstate_q[0]                      |    611 | LUT6        |           0.856 |           1.473 |   608 |  0 |              0 |      0 |  0 |              0 |     3 |  0 |              0 |     0 |  0 |              0 |
| miner_system_i/miner_1/inst/u_miner/g_engines[19].u_engine/midstate_q[0]                      |    611 | LUT6        |           1.159 |           1.265 |   608 |  0 |              0 |      0 |  0 |              0 |     3 |  0 |              0 |     0 |  0 |              0 |
| miner_system_i/miner_1/inst/u_miner/g_engines[1].u_engine/midstate_q[0]                       |    611 | LUT6        |           1.045 |           1.561 |   608 |  0 |              0 |      0 |  0 |              0 |     3 |  0 |              0 |     0 |  0 |              0 |
| miner_system_i/miner_1/inst/u_miner/g_engines[20].u_engine/midstate_q[0]                      |    611 | LUT6        |           1.144 |           1.430 |   608 |  0 |              0 |      0 |  0 |              0 |     3 |  0 |              0 |     0 |  0 |              0 |
| miner_system_i/miner_1/inst/u_miner/g_engines[21].u_engine/midstate_q[0]                      |    611 | LUT6        |           1.143 |           1.526 |   608 |  0 |              0 |      0 |  0 |              0 |     3 |  0 |              0 |     0 |  0 |              0 |
| miner_system_i/miner_1/inst/u_miner/g_engines[22].u_engine/midstate_q[0]                      |    611 | LUT6        |           0.859 |           1.648 |   608 |  0 |              0 |      0 |  0 |              0 |     3 |  0 |              0 |     0 |  0 |              0 |
| miner_system_i/miner_1/inst/u_miner/g_engines[23].u_engine/midstate_q[0]                      |    611 | LUT6        |           1.011 |           1.571 |   608 |  0 |              0 |      0 |  0 |              0 |     3 |  0 |              0 |     0 |  0 |              0 |
| miner_system_i/miner_1/inst/u_miner/g_engines[24].u_engine/midstate_q[0]                      |    611 | LUT6        |           1.037 |           1.370 |   608 |  0 |              0 |      0 |  0 |              0 |     3 |  0 |              0 |     0 |  0 |              0 |
| miner_system_i/miner_1/inst/u_miner/g_engines[25].u_engine/midstate_q[0]                      |    611 | LUT6        |           1.159 |           1.391 |   608 |  0 |              0 |      0 |  0 |              0 |     3 |  0 |              0 |     0 |  0 |              0 |
| miner_system_i/miner_1/inst/u_miner/g_engines[26].u_engine/midstate_q[0]                      |    611 | LUT6        |           0.983 |           1.404 |   608 |  0 |              0 |      0 |  0 |              0 |     3 |  0 |              0 |     0 |  0 |              0 |
| miner_system_i/miner_1/inst/u_miner/g_engines[27].u_engine/midstate_q[0]                      |    611 | LUT6        |           1.010 |           1.428 |   608 |  0 |              0 |      0 |  0 |              0 |     3 |  0 |              0 |     0 |  0 |              0 |
| miner_system_i/miner_1/inst/u_miner/g_engines[28].u_engine/midstate_q[0]                      |    611 | LUT6        |           0.721 |           1.635 |   608 |  0 |              0 |      0 |  0 |              0 |     3 |  0 |              0 |     0 |  0 |              0 |
| miner_system_i/miner_1/inst/u_miner/g_engines[29].u_engine/midstate_q[0]                      |    611 | LUT6        |           0.757 |           1.608 |   608 |  0 |              0 |      0 |  0 |              0 |     3 |  0 |              0 |     0 |  0 |              0 |
| miner_system_i/miner_1/inst/u_miner/g_engines[2].u_engine/midstate_q[0]                       |    611 | LUT6        |           0.992 |           1.608 |   608 |  0 |              0 |      0 |  0 |              0 |     3 |  0 |              0 |     0 |  0 |              0 |
| miner_system_i/miner_1/inst/u_miner/g_engines[30].u_engine/midstate_q[0]                      |    611 | LUT6        |           0.736 |           1.808 |   608 |  0 |              0 |      0 |  0 |              0 |     3 |  0 |              0 |     0 |  0 |              0 |
| miner_system_i/miner_1/inst/u_miner/g_engines[31].u_engine/midstate_q[0]                      |    611 | LUT6        |           0.837 |           1.790 |   608 |  0 |              0 |      0 |  0 |              0 |     3 |  0 |              0 |     0 |  0 |              0 |
| miner_system_i/miner_1/inst/u_miner/g_engines[3].u_engine/midstate_q[0]                       |    611 | LUT6        |           0.790 |           1.106 |   608 |  0 |              0 |      0 |  0 |              0 |     3 |  0 |              0 |     0 |  0 |              0 |
| miner_system_i/miner_1/inst/u_miner/g_engines[4].u_engine/midstate_q[0]                       |    611 | LUT6        |           0.965 |           1.325 |   608 |  0 |              0 |      0 |  0 |              0 |     3 |  0 |              0 |     0 |  0 |              0 |
| miner_system_i/miner_1/inst/u_miner/g_engines[5].u_engine/midstate_q[0]                       |    611 | LUT6        |           1.039 |           1.278 |   608 |  0 |              0 |      0 |  0 |              0 |     3 |  0 |              0 |     0 |  0 |              0 |
| miner_system_i/miner_1/inst/u_miner/g_engines[6].u_engine/midstate_q[0]                       |    611 | LUT6        |           1.134 |           1.461 |   608 |  0 |              0 |      0 |  0 |              0 |     3 |  0 |              0 |     0 |  0 |              0 |
| miner_system_i/miner_1/inst/u_miner/g_engines[7].u_engine/midstate_q[0]                       |    611 | LUT6        |           0.707 |           1.736 |   608 |  0 |              0 |      0 |  0 |              0 |     3 |  0 |              0 |     0 |  0 |              0 |
| miner_system_i/miner_1/inst/u_miner/g_engines[8].u_engine/midstate_q[0]                       |    611 | LUT6        |           1.142 |           1.286 |   608 |  0 |              0 |      0 |  0 |              0 |     3 |  0 |              0 |     0 |  0 |              0 |
| miner_system_i/miner_1/inst/u_miner/g_engines[9].u_engine/midstate_q[0]                       |    611 | LUT6        |           0.774 |           1.365 |   608 |  0 |              0 |      0 |  0 |              0 |     3 |  0 |              0 |     0 |  0 |              0 |
| miner_system_i/miner_2/inst/u_miner/g_engines[0].u_engine/midstate_q[0]                       |    611 | LUT6        |           0.991 |           1.589 |   608 |  0 |              0 |      0 |  0 |              0 |     3 |  0 |              0 |     0 |  0 |              0 |
| miner_system_i/miner_2/inst/u_miner/g_engines[10].u_engine/midstate_q[0]                      |    611 | LUT6        |           0.777 |           1.642 |   608 |  0 |              0 |      0 |  0 |              0 |     3 |  0 |              0 |     0 |  0 |              0 |
| miner_system_i/miner_2/inst/u_miner/g_engines[11].u_engine/midstate_q[0]                      |    611 | LUT6        |           0.997 |           1.247 |   608 |  0 |              0 |      0 |  0 |              0 |     3 |  0 |              0 |     0 |  0 |              0 |
| miner_system_i/miner_2/inst/u_miner/g_engines[12].u_engine/midstate_q[0]                      |    611 | LUT6        |           0.805 |           1.609 |   608 |  0 |              0 |      0 |  0 |              0 |     3 |  0 |              0 |     0 |  0 |              0 |
| miner_system_i/miner_2/inst/u_miner/g_engines[13].u_engine/midstate_q[0]                      |    611 | LUT6        |           0.790 |           1.546 |   608 |  0 |              0 |      0 |  0 |              0 |     3 |  0 |              0 |     0 |  0 |              0 |
| miner_system_i/miner_2/inst/u_miner/g_engines[14].u_engine/midstate_q[0]                      |    611 | LUT6        |           0.727 |           1.721 |   608 |  0 |              0 |      0 |  0 |              0 |     3 |  0 |              0 |     0 |  0 |              0 |
| miner_system_i/miner_2/inst/u_miner/g_engines[15].u_engine/midstate_q[0]                      |    611 | LUT6        |           0.991 |           1.530 |   608 |  0 |              0 |      0 |  0 |              0 |     3 |  0 |              0 |     0 |  0 |              0 |
| miner_system_i/miner_2/inst/u_miner/g_engines[16].u_engine/midstate_q[0]                      |    611 | LUT6        |           1.103 |           1.125 |   608 |  0 |              0 |      0 |  0 |              0 |     3 |  0 |              0 |     0 |  0 |              0 |
| miner_system_i/miner_2/inst/u_miner/g_engines[17].u_engine/midstate_q[0]                      |    611 | LUT6        |           1.005 |           1.330 |   608 |  0 |              0 |      0 |  0 |              0 |     3 |  0 |              0 |     0 |  0 |              0 |
| miner_system_i/miner_2/inst/u_miner/g_engines[18].u_engine/midstate_q[0]                      |    611 | LUT6        |           0.871 |           1.187 |   608 |  0 |              0 |      0 |  0 |              0 |     3 |  0 |              0 |     0 |  0 |              0 |
| miner_system_i/miner_2/inst/u_miner/g_engines[19].u_engine/midstate_q[0]                      |    611 | LUT6        |           1.033 |           1.474 |   608 |  0 |              0 |      0 |  0 |              0 |     3 |  0 |              0 |     0 |  0 |              0 |
| miner_system_i/miner_2/inst/u_miner/g_engines[1].u_engine/midstate_q[0]                       |    611 | LUT6        |           0.890 |           1.346 |   608 |  0 |              0 |      0 |  0 |              0 |     3 |  0 |              0 |     0 |  0 |              0 |
| miner_system_i/miner_2/inst/u_miner/g_engines[20].u_engine/midstate_q[0]                      |    611 | LUT6        |           1.240 |           1.286 |   608 |  0 |              0 |      0 |  0 |              0 |     3 |  0 |              0 |     0 |  0 |              0 |
| miner_system_i/miner_2/inst/u_miner/g_engines[21].u_engine/midstate_q[0]                      |    611 | LUT6        |           0.917 |           1.633 |   608 |  0 |              0 |      0 |  0 |              0 |     3 |  0 |              0 |     0 |  0 |              0 |
| miner_system_i/miner_2/inst/u_miner/g_engines[22].u_engine/midstate_q[0]                      |    611 | LUT6        |           1.060 |           1.178 |   608 |  0 |              0 |      0 |  0 |              0 |     3 |  0 |              0 |     0 |  0 |              0 |
| miner_system_i/miner_2/inst/u_miner/g_engines[23].u_engine/midstate_q[0]                      |    611 | LUT6        |           0.985 |           1.088 |   608 |  0 |              0 |      0 |  0 |              0 |     3 |  0 |              0 |     0 |  0 |              0 |
| miner_system_i/miner_2/inst/u_miner/g_engines[24].u_engine/midstate_q[0]                      |    611 | LUT6        |           0.753 |           1.379 |   608 |  0 |              0 |      0 |  0 |              0 |     3 |  0 |              0 |     0 |  0 |              0 |
| miner_system_i/miner_2/inst/u_miner/g_engines[25].u_engine/midstate_q[0]                      |    611 | LUT6        |           0.938 |           1.481 |   608 |  0 |              0 |      0 |  0 |              0 |     3 |  0 |              0 |     0 |  0 |              0 |
| miner_system_i/miner_2/inst/u_miner/g_engines[26].u_engine/midstate_q[0]                      |    611 | LUT6        |           0.964 |           1.655 |   608 |  0 |              0 |      0 |  0 |              0 |     3 |  0 |              0 |     0 |  0 |              0 |
| miner_system_i/miner_2/inst/u_miner/g_engines[27].u_engine/midstate_q[0]                      |    611 | LUT6        |           0.582 |           1.222 |   608 |  0 |              0 |      0 |  0 |              0 |     3 |  0 |              0 |     0 |  0 |              0 |
| miner_system_i/miner_2/inst/u_miner/g_engines[28].u_engine/midstate_q[0]                      |    611 | LUT6        |           0.844 |           1.778 |   608 |  0 |              0 |      0 |  0 |              0 |     3 |  0 |              0 |     0 |  0 |              0 |
| miner_system_i/miner_2/inst/u_miner/g_engines[29].u_engine/midstate_q[0]                      |    611 | LUT6        |           0.725 |           1.478 |   608 |  0 |              0 |      0 |  0 |              0 |     3 |  0 |              0 |     0 |  0 |              0 |
| miner_system_i/miner_2/inst/u_miner/g_engines[2].u_engine/midstate_q[0]                       |    611 | LUT6        |           1.259 |           1.141 |   608 |  0 |              0 |      0 |  0 |              0 |     3 |  0 |              0 |     0 |  0 |              0 |
| miner_system_i/miner_2/inst/u_miner/g_engines[30].u_engine/midstate_q[0]                      |    611 | LUT6        |           0.980 |           1.285 |   608 |  0 |              0 |      0 |  0 |              0 |     3 |  0 |              0 |     0 |  0 |              0 |
| miner_system_i/miner_2/inst/u_miner/g_engines[31].u_engine/midstate_q[0]                      |    611 | LUT6        |           0.928 |           1.619 |   608 |  0 |              0 |      0 |  0 |              0 |     3 |  0 |              0 |     0 |  0 |              0 |
| miner_system_i/miner_2/inst/u_miner/g_engines[3].u_engine/midstate_q[0]                       |    611 | LUT6        |           0.934 |           1.664 |   608 |  0 |              0 |      0 |  0 |              0 |     3 |  0 |              0 |     0 |  0 |              0 |
| miner_system_i/miner_2/inst/u_miner/g_engines[4].u_engine/midstate_q[0]                       |    611 | LUT6        |           0.643 |           1.677 |   608 |  0 |              0 |      0 |  0 |              0 |     3 |  0 |              0 |     0 |  0 |              0 |
| miner_system_i/miner_2/inst/u_miner/g_engines[5].u_engine/midstate_q[0]                       |    611 | LUT6        |           0.623 |           1.603 |   608 |  0 |              0 |      0 |  0 |              0 |     3 |  0 |              0 |     0 |  0 |              0 |
| miner_system_i/miner_2/inst/u_miner/g_engines[6].u_engine/midstate_q[0]                       |    611 | LUT6        |           1.005 |           1.528 |   608 |  0 |              0 |      0 |  0 |              0 |     3 |  0 |              0 |     0 |  0 |              0 |
| miner_system_i/miner_2/inst/u_miner/g_engines[7].u_engine/midstate_q[0]                       |    611 | LUT6        |           0.430 |           1.393 |   608 |  0 |              0 |      0 |  0 |              0 |     3 |  0 |              0 |     0 |  0 |              0 |
| miner_system_i/miner_2/inst/u_miner/g_engines[8].u_engine/midstate_q[0]                       |    611 | LUT6        |           0.966 |           1.322 |   608 |  0 |              0 |      0 |  0 |              0 |     3 |  0 |              0 |     0 |  0 |              0 |
| miner_system_i/miner_2/inst/u_miner/g_engines[9].u_engine/midstate_q[0]                       |    611 | LUT6        |           0.960 |           1.670 |   608 |  0 |              0 |      0 |  0 |              0 |     3 |  0 |              0 |     0 |  0 |              0 |
| miner_system_i/miner_3/inst/u_miner/g_engines[0].u_engine/midstate_q[0]                       |    611 | LUT6        |           1.093 |           0.884 |   608 |  0 |              0 |      0 |  0 |              0 |     3 |  0 |              0 |     0 |  0 |              0 |
| miner_system_i/miner_3/inst/u_miner/g_engines[10].u_engine/midstate_q[0]                      |    611 | LUT6        |           1.038 |           1.072 |   608 |  0 |              0 |      0 |  0 |              0 |     3 |  0 |              0 |     0 |  0 |              0 |
| miner_system_i/miner_3/inst/u_miner/g_engines[11].u_engine/midstate_q[0]                      |    611 | LUT6        |           0.922 |           1.708 |   608 |  0 |              0 |      0 |  0 |              0 |     3 |  0 |              0 |     0 |  0 |              0 |
| miner_system_i/miner_3/inst/u_miner/g_engines[12].u_engine/midstate_q[0]                      |    611 | LUT6        |           1.128 |           1.243 |   608 |  0 |              0 |      0 |  0 |              0 |     3 |  0 |              0 |     0 |  0 |              0 |
| miner_system_i/miner_3/inst/u_miner/g_engines[13].u_engine/midstate_q[0]                      |    611 | LUT6        |           1.223 |           1.453 |   608 |  0 |              0 |      0 |  0 |              0 |     3 |  0 |              0 |     0 |  0 |              0 |
| miner_system_i/miner_3/inst/u_miner/g_engines[14].u_engine/midstate_q[0]                      |    611 | LUT6        |           0.924 |           1.639 |   608 |  0 |              0 |      0 |  0 |              0 |     3 |  0 |              0 |     0 |  0 |              0 |
| miner_system_i/miner_3/inst/u_miner/g_engines[15].u_engine/midstate_q[0]                      |    611 | LUT6        |           1.188 |           1.382 |   608 |  0 |              0 |      0 |  0 |              0 |     3 |  0 |              0 |     0 |  0 |              0 |
| miner_system_i/miner_3/inst/u_miner/g_engines[16].u_engine/midstate_q[0]                      |    611 | LUT6        |           1.038 |           1.470 |   608 |  0 |              0 |      0 |  0 |              0 |     3 |  0 |              0 |     0 |  0 |              0 |
| miner_system_i/miner_3/inst/u_miner/g_engines[17].u_engine/midstate_q[0]                      |    611 | LUT6        |           0.884 |           1.441 |   608 |  0 |              0 |      0 |  0 |              0 |     3 |  0 |              0 |     0 |  0 |              0 |
| miner_system_i/miner_3/inst/u_miner/g_engines[18].u_engine/midstate_q[0]                      |    611 | LUT6        |           1.091 |           1.239 |   608 |  0 |              0 |      0 |  0 |              0 |     3 |  0 |              0 |     0 |  0 |              0 |
| miner_system_i/miner_3/inst/u_miner/g_engines[19].u_engine/midstate_q[0]                      |    611 | LUT6        |           1.130 |           1.559 |   608 |  0 |              0 |      0 |  0 |              0 |     3 |  0 |              0 |     0 |  0 |              0 |
| miner_system_i/miner_3/inst/u_miner/g_engines[1].u_engine/midstate_q[0]                       |    611 | LUT6        |           1.238 |           1.448 |   608 |  0 |              0 |      0 |  0 |              0 |     3 |  0 |              0 |     0 |  0 |              0 |
| miner_system_i/miner_3/inst/u_miner/g_engines[20].u_engine/midstate_q[0]                      |    611 | LUT6        |           0.822 |           1.355 |   608 |  0 |              0 |      0 |  0 |              0 |     3 |  0 |              0 |     0 |  0 |              0 |
| miner_system_i/miner_3/inst/u_miner/g_engines[21].u_engine/midstate_q[0]                      |    611 | LUT6        |           1.118 |           1.149 |   608 |  0 |              0 |      0 |  0 |              0 |     3 |  0 |              0 |     0 |  0 |              0 |
| miner_system_i/miner_3/inst/u_miner/g_engines[22].u_engine/midstate_q[0]                      |    611 | LUT6        |           1.177 |           1.272 |   608 |  0 |              0 |      0 |  0 |              0 |     3 |  0 |              0 |     0 |  0 |              0 |
| miner_system_i/miner_3/inst/u_miner/g_engines[23].u_engine/midstate_q[0]                      |    611 | LUT6        |           1.141 |           1.310 |   608 |  0 |              0 |      0 |  0 |              0 |     3 |  0 |              0 |     0 |  0 |              0 |
| miner_system_i/miner_3/inst/u_miner/g_engines[24].u_engine/midstate_q[0]                      |    611 | LUT6        |           1.262 |           1.100 |   608 |  0 |              0 |      0 |  0 |              0 |     3 |  0 |              0 |     0 |  0 |              0 |
| miner_system_i/miner_3/inst/u_miner/g_engines[25].u_engine/midstate_q[0]                      |    611 | LUT6        |           0.733 |           1.518 |   608 |  0 |              0 |      0 |  0 |              0 |     3 |  0 |              0 |     0 |  0 |              0 |
| miner_system_i/miner_3/inst/u_miner/g_engines[26].u_engine/midstate_q[0]                      |    611 | LUT6        |           1.067 |           1.099 |   608 |  0 |              0 |      0 |  0 |              0 |     3 |  0 |              0 |     0 |  0 |              0 |
| miner_system_i/miner_3/inst/u_miner/g_engines[27].u_engine/midstate_q[0]                      |    611 | LUT6        |           0.935 |           1.624 |   608 |  0 |              0 |      0 |  0 |              0 |     3 |  0 |              0 |     0 |  0 |              0 |
| miner_system_i/miner_3/inst/u_miner/g_engines[28].u_engine/midstate_q[0]                      |    611 | LUT6        |           1.103 |           1.379 |   608 |  0 |              0 |      0 |  0 |              0 |     3 |  0 |              0 |     0 |  0 |              0 |
| miner_system_i/miner_3/inst/u_miner/g_engines[29].u_engine/midstate_q[0]                      |    611 | LUT6        |           1.177 |           1.394 |   608 |  0 |              0 |      0 |  0 |              0 |     3 |  0 |              0 |     0 |  0 |              0 |
| miner_system_i/miner_3/inst/u_miner/g_engines[2].u_engine/midstate_q[0]                       |    611 | LUT6        |           1.005 |           1.465 |   608 |  0 |              0 |      0 |  0 |              0 |     3 |  0 |              0 |     0 |  0 |              0 |
+-----------------------------------------------------------------------------------------------+--------+-------------+-----------------+-----------------+-------+----+----------------+--------+----+----------------+-------+----+----------------+-------+----+----------------+


