Copyright 1986-2022 Xilinx, Inc. All Rights Reserved. Copyright 2022-2026 Advanced Micro Devices, Inc. All Rights Reserved.
--------------------------------------------------------------------------------------------------------------------------------------------------
| Tool Version      : Vivado v.2026.1 (lin64) Build 6511674 Tue Jun 16 11:01:26 MDT 2026
| Date              : Tue Aug 11 20:11:53 2026
| Host              : NiuBi running 64-bit Ubuntu 24.04.4 LTS
| Command           : report_timing_summary -file /raid/work/vek280_bitcoin_miner/reports/impl_vek280_4x32_ooc/timing_summary_impl.rpt
| Design            : miner_system_wrapper
| Device            : xcve2802-vsvh1760
| Speed File        : -2MP  PRODUCTION 2.04 2026-03-17
| Design State      : Physopt postRoute
| Temperature Grade : E
--------------------------------------------------------------------------------------------------------------------------------------------------

Timing Summary Report

------------------------------------------------------------------------------------------------
| Timer Settings
| --------------
------------------------------------------------------------------------------------------------

  Enable Multi Corner Analysis               :  Yes
  Enable Pessimism Removal                   :  Yes
  Pessimism Removal Resolution               :  Nearest Common Node
  Enable Input Delay Default Clock           :  No
  Enable Preset / Clear Arcs                 :  No
  Disable Flight Delays                      :  No
  Ignore I/O Paths                           :  No
  Timing Early Launch at Borrowing Latches   :  No
  Borrow Time for Max Delay Exceptions       :  Yes
  Merge Timing Exceptions                    :  Yes
  Inter-SLR Compensation                     :  Conservative

  Corner  Analyze    Analyze    
  Name    Max Paths  Min Paths  
  ------  ---------  ---------  
  Slow    Yes        Yes        
  Fast    Yes        Yes        


------------------------------------------------------------------------------------------------
| Report Methodology
| ------------------
------------------------------------------------------------------------------------------------

No report available as report_methodology has not been run prior. Run report_methodology on the current design for the summary of methodology violations.



check_timing report

Table of Contents
-----------------
1. checking no_clock (0)
2. checking constant_clock (0)
3. checking pulse_width_clock (0)
4. checking unconstrained_internal_endpoints (0)
5. checking no_input_delay (0)
6. checking no_output_delay (0)
7. checking multiple_clock (0)
8. checking generated_clocks (0)
9. checking loops (0)
10. checking partial_input_delay (0)
11. checking partial_output_delay (0)
12. checking latch_loops (0)

1. checking no_clock (0)
------------------------
 There are 0 register/latch pins with no clock.


2. checking constant_clock (0)
------------------------------
 There are 0 register/latch pins with constant_clock.


3. checking pulse_width_clock (0)
---------------------------------
 There are 0 register/latch pins which need pulse_width check


4. checking unconstrained_internal_endpoints (0)
------------------------------------------------
 There are 0 pins that are not constrained for maximum delay.

 There are 0 pins that are not constrained for maximum delay due to constant clock.


5. checking no_input_delay (0)
------------------------------
 There are 0 input ports with no input delay specified.

 There are 0 input ports with no input delay but user has a false path constraint.


6. checking no_output_delay (0)
-------------------------------
 There are 0 ports with no output delay specified.

 There are 0 ports with no output delay but user has a false path constraint

 There are 0 ports with no output delay but with a timing clock defined on it or propagating through it


7. checking multiple_clock (0)
------------------------------
 There are 0 register/latch pins with multiple clocks.


8. checking generated_clocks (0)
--------------------------------
 There are 0 generated clocks that are not connected to a clock source.


9. checking loops (0)
---------------------
 There are 0 combinational loops in the design.


10. checking partial_input_delay (0)
------------------------------------
 There are 0 input ports with partial input delay specified.


11. checking partial_output_delay (0)
-------------------------------------
 There are 0 ports with partial output delay specified.


12. checking latch_loops (0)
----------------------------
 There are 0 combinational latch loops in the design through latch input



------------------------------------------------------------------------------------------------
| Design Timing Summary
| ---------------------
------------------------------------------------------------------------------------------------

    WNS(ns)      TNS(ns)  TNS Failing Endpoints  TNS Total Endpoints      WHS(ns)      THS(ns)  THS Failing Endpoints  THS Total Endpoints     WPWS(ns)     TPWS(ns)  TPWS Failing Endpoints  TPWS Total Endpoints  
    -------      -------  ---------------------  -------------------      -------      -------  ---------------------  -------------------     --------     --------  ----------------------  --------------------  
      0.121        0.000                      0              1480548        0.011        0.000                      0              1480548        0.016        0.000                       0                495910  


All user specified timing constraints are met.


------------------------------------------------------------------------------------------------
| Clock Summary
| -------------
------------------------------------------------------------------------------------------------

Clock                      Waveform(ns)           Period(ns)      Frequency(MHz)
-----                      ------------           ----------      --------------
clk_pl_0                   {0.000 2.000}          4.000           250.000         
lpddr4_clk1_clk_p          {0.000 2.500}          5.000           200.000         
  bank1_clkout0            {0.000 0.541}          1.081           925.000         
    pll_clktoxphy[0]       {0.000 0.135}          0.270           3700.000        
  bank1_xpll0_fifo_rd_clk  {0.000 0.541}          1.081           925.000         
  mc_clk_xpll              {0.000 0.541}          1.081           925.000         
  pll_clk_xpll             {0.000 0.135}          0.270           3699.997        
s_axi_aclk                 {0.000 2.000}          4.000           250.000         


------------------------------------------------------------------------------------------------
| Intra Clock Table
| -----------------
------------------------------------------------------------------------------------------------

Clock                          WNS(ns)      TNS(ns)  TNS Failing Endpoints  TNS Total Endpoints      WHS(ns)      THS(ns)  THS Failing Endpoints  THS Total Endpoints     WPWS(ns)     TPWS(ns)  TPWS Failing Endpoints  TPWS Total Endpoints  
-----                          -------      -------  ---------------------  -------------------      -------      -------  ---------------------  -------------------     --------     --------  ----------------------  --------------------  
clk_pl_0                         0.121        0.000                      0               740242        0.011        0.000                      0               740242        0.571        0.000                       0                372221  
lpddr4_clk1_clk_p                                                                                                                                                            2.109        0.000                       0                     1  
  bank1_clkout0                                                                                                                                                              0.064        0.000                       0                     2  
    pll_clktoxphy[0]                                                                                                                                                         0.016        0.000                       0                    10  
  bank1_xpll0_fifo_rd_clk                                                                                                                                                    0.064        0.000                       0                    19  
  mc_clk_xpll                                                                                                                                                                0.064        0.000                       0                     1  
  pll_clk_xpll                                                                                                                                                               0.016        0.000                       0                    10  
s_axi_aclk                       0.136        0.000                      0               245662        0.011        0.000                      0               245662        1.725        0.000                       0                123646  


------------------------------------------------------------------------------------------------
| Inter Clock Table
| -----------------
------------------------------------------------------------------------------------------------

From Clock    To Clock          WNS(ns)      TNS(ns)  TNS Failing Endpoints  TNS Total Endpoints      WHS(ns)      THS(ns)  THS Failing Endpoints  THS Total Endpoints  
----------    --------          -------      -------  ---------------------  -------------------      -------      -------  ---------------------  -------------------  
s_axi_aclk    clk_pl_0            2.652        0.000                      0                   42        0.041        0.000                      0                   42  
clk_pl_0      s_axi_aclk          1.469        0.000                      0                  125        0.046        0.000                      0                  125  


------------------------------------------------------------------------------------------------
| Other Path Groups Table
| -----------------------
------------------------------------------------------------------------------------------------

Path Group         From Clock         To Clock               WNS(ns)      TNS(ns)  TNS Failing Endpoints  TNS Total Endpoints      WHS(ns)      THS(ns)  THS Failing Endpoints  THS Total Endpoints  
----------         ----------         --------               -------      -------  ---------------------  -------------------      -------      -------  ---------------------  -------------------  
**async_default**  clk_pl_0           clk_pl_0                 1.276        0.000                      0               370907        0.918        0.000                      0               370907  
**async_default**  clk_pl_0           s_axi_aclk               1.444        0.000                      0               123646        0.922        0.000                      0               123646  


------------------------------------------------------------------------------------------------
| Timing Details
| --------------
------------------------------------------------------------------------------------------------


---------------------------------------------------------------------------------------------------
From Clock:  clk_pl_0
  To Clock:  clk_pl_0

Setup :            0  Failing Endpoints,  Worst Slack        0.121ns,  Total Violation        0.000ns
Hold  :            0  Failing Endpoints,  Worst Slack        0.011ns,  Total Violation        0.000ns
PW    :            0  Failing Endpoints,  Worst Slack        0.571ns,  Total Violation        0.000ns
---------------------------------------------------------------------------------------------------


Max Delay Paths
--------------------------------------------------------------------------------------
Slack (MET) :             0.121ns  (required time - arrival time)
  Source:                 miner_system_i/miner_2/inst/u_miner/header_tail_q_reg[106]/C
                            (rising edge-triggered cell FDCE clocked by clk_pl_0  {rise@0.000ns fall@2.000ns period=4.000ns})
  Destination:            miner_system_i/miner_2/inst/u_miner/g_engines[1].u_engine/core_block_q_reg[490]/D
                            (rising edge-triggered cell FDCE clocked by clk_pl_0  {rise@0.000ns fall@2.000ns period=4.000ns})
  Path Group:             clk_pl_0
  Path Type:              Setup (Max at Slow Process Corner)
  Requirement:            4.000ns  (clk_pl_0 rise@4.000ns - clk_pl_0 rise@0.000ns)
  Data Path Delay:        3.591ns  (logic 0.211ns (5.876%)  route 3.380ns (94.124%))
  Logic Levels:           1  (LUT6=1)
  Clock Path Skew:        -0.220ns (DCD - SCD + CPR)
    Destination Clock Delay (DCD):    2.488ns = ( 6.488 - 4.000 ) 
    Source Clock Delay      (SCD):    2.824ns
    Clock Pessimism Removal (CPR):    0.116ns
  Clock Uncertainty:      0.074ns  (CJ)/2 + PE + PJ
    Clock Jitter             (CJ):    0.148ns
    Phase Error              (PE):    0.000ns
    Phase Jitter             (PJ):    0.000ns
  Clock Net Delay (Source):      2.721ns (routing 0.625ns, distribution 2.096ns)
  Clock Net Delay (Destination): 2.433ns (routing 0.557ns, distribution 1.876ns)

    Location             Delay type                Incr(ns)  Path(ns)    Netlist Resource(s)
  -------------------------------------------------------------------    -------------------
                         (clock clk_pl_0 rise edge)
                                                      0.000     0.000 r  <hidden>
    PS9_X0Y0             PS9                          0.000     0.000 r  miner_system_i/cips_0/inst/pspmc_0/inst/PS9_inst/PMCRCLKCLK[0]
                         net (fo=1, routed)           0.000     0.000    miner_system_i/cips_0/inst/pspmc_0/inst/pmc_pl_ref_clk[0]
    BUFG_PS_X0Y6         BUFG_PS (Prop_BUFG_PS_I_O)
                                                      0.103     0.103 r  miner_system_i/cips_0/inst/pspmc_0/inst/buffer_pl_clk_0.PL_CLK_0_BUFG/O
    X3Y2 (CLOCK_ROOT)    net (fo=495866, routed)      2.721     2.824    miner_system_i/miner_2/inst/u_miner/s_axi_aclk
    SLICE_X208Y145       FDCE                                         r  miner_system_i/miner_2/inst/u_miner/header_tail_q_reg[106]/C
  -------------------------------------------------------------------    -------------------
    SLICE_X208Y145       FDCE (Prop_CFF2_SLICEL_C_Q)
                                                      0.092     2.916 r  miner_system_i/miner_2/inst/u_miner/header_tail_q_reg[106]/Q
                         net (fo=65, routed)          3.314     6.230    miner_system_i/miner_2/inst/u_miner/g_engines[1].u_engine/header_tail_i[106]
    SLICE_X203Y266       LUT6 (Prop_G6LUT_SLICEM_I5_O)
                                                      0.119     6.349 r  miner_system_i/miner_2/inst/u_miner/g_engines[1].u_engine/core_block_q[490]_i_1/O
                         net (fo=1, routed)           0.066     6.415    miner_system_i/miner_2/inst/u_miner/g_engines[1].u_engine/core_block_q[490]_i_1_n_0
    SLICE_X203Y266       FDCE                                         r  miner_system_i/miner_2/inst/u_miner/g_engines[1].u_engine/core_block_q_reg[490]/D
  -------------------------------------------------------------------    -------------------

                         (clock clk_pl_0 rise edge)
                                                      4.000     4.000 r  <hidden>
    PS9_X0Y0             PS9                          0.000     4.000 r  miner_system_i/cips_0/inst/pspmc_0/inst/PS9_inst/PMCRCLKCLK[0]
                         net (fo=1, routed)           0.000     4.000    miner_system_i/cips_0/inst/pspmc_0/inst/pmc_pl_ref_clk[0]
    BUFG_PS_X0Y6         BUFG_PS (Prop_BUFG_PS_I_O)
                                                      0.055     4.055 r  miner_system_i/cips_0/inst/pspmc_0/inst/buffer_pl_clk_0.PL_CLK_0_BUFG/O
    X3Y2 (CLOCK_ROOT)    net (fo=495866, routed)      2.433     6.488    miner_system_i/miner_2/inst/u_miner/g_engines[1].u_engine/clk_i
    SLICE_X203Y266       FDCE                                         r  miner_system_i/miner_2/inst/u_miner/g_engines[1].u_engine/core_block_q_reg[490]/C
                         clock pessimism              0.116     6.604    <hidden>
                         clock uncertainty           -0.074     6.530    <hidden>
    SLICE_X203Y266       FDCE (Setup_GFF2_SLICEM_C_D)
                                                      0.006     6.536    miner_system_i/miner_2/inst/u_miner/g_engines[1].u_engine/core_block_q_reg[490]
  -------------------------------------------------------------------
                         required time                          6.536    <hidden>
                         arrival time                          -6.415    <hidden>
  -------------------------------------------------------------------
                         slack                                  0.121    <hidden>





Min Delay Paths
--------------------------------------------------------------------------------------
Slack (MET) :             0.011ns  (arrival time - required time)
  Source:                 miner_system_i/miner_2/inst/u_miner/g_engines[11].u_engine/core_block_q_reg[487]/C
                            (rising edge-triggered cell FDCE clocked by clk_pl_0  {rise@0.000ns fall@2.000ns period=4.000ns})
  Destination:            miner_system_i/miner_2/inst/u_miner/g_engines[11].u_engine/u_core/u_core/w_mem_reg[0][7]/D
                            (rising edge-triggered cell FDCE clocked by clk_pl_0  {rise@0.000ns fall@2.000ns period=4.000ns})
  Path Group:             clk_pl_0
  Path Type:              Hold (Min at Fast Process Corner)
  Requirement:            0.000ns  (clk_pl_0 rise@0.000ns - clk_pl_0 rise@0.000ns)
  Data Path Delay:        0.227ns  (logic 0.095ns (41.850%)  route 0.132ns (58.150%))
  Logic Levels:           1  (LUT3=1)
  Clock Path Skew:        0.181ns (DCD - SCD - CPR)
    Destination Clock Delay (DCD):    2.172ns
    Source Clock Delay      (SCD):    1.891ns
    Clock Pessimism Removal (CPR):    0.100ns
  Clock Net Delay (Source):      1.849ns (routing 0.401ns, distribution 1.448ns)
  Clock Net Delay (Destination): 2.092ns (routing 0.463ns, distribution 1.629ns)

    Location             Delay type                Incr(ns)  Path(ns)    Netlist Resource(s)
  -------------------------------------------------------------------    -------------------
                         (clock clk_pl_0 rise edge)
                                                      0.000     0.000 r  <hidden>
    PS9_X0Y0             PS9                          0.000     0.000 r  miner_system_i/cips_0/inst/pspmc_0/inst/PS9_inst/PMCRCLKCLK[0]
                         net (fo=1, routed)           0.000     0.000    miner_system_i/cips_0/inst/pspmc_0/inst/pmc_pl_ref_clk[0]
    BUFG_PS_X0Y6         BUFG_PS (Prop_BUFG_PS_I_O)
                                                      0.042     0.042 r  miner_system_i/cips_0/inst/pspmc_0/inst/buffer_pl_clk_0.PL_CLK_0_BUFG/O
    X3Y2 (CLOCK_ROOT)    net (fo=495866, routed)      1.849     1.891    miner_system_i/miner_2/inst/u_miner/g_engines[11].u_engine/clk_i
    SLICE_X231Y186       FDCE                                         r  miner_system_i/miner_2/inst/u_miner/g_engines[11].u_engine/core_block_q_reg[487]/C
  -------------------------------------------------------------------    -------------------
    SLICE_X231Y186       FDCE (Prop_GFF2_SLICEM_C_Q)
                                                      0.049     1.940 r  miner_system_i/miner_2/inst/u_miner/g_engines[11].u_engine/core_block_q_reg[487]/Q
                         net (fo=1, routed)           0.109     2.049    miner_system_i/miner_2/inst/u_miner/g_engines[11].u_engine/u_core/u_core/block_i[487]
    SLICE_X231Y188       LUT3 (Prop_A5LUT_SLICEM_I1_O)
                                                      0.046     2.095 r  miner_system_i/miner_2/inst/u_miner/g_engines[11].u_engine/u_core/u_core/w_mem[0][7]_i_1/O
                         net (fo=1, routed)           0.023     2.118    miner_system_i/miner_2/inst/u_miner/g_engines[11].u_engine/u_core/u_core/w_mem[0][7]_i_1_n_0
    SLICE_X231Y188       FDCE                                         r  miner_system_i/miner_2/inst/u_miner/g_engines[11].u_engine/u_core/u_core/w_mem_reg[0][7]/D
  -------------------------------------------------------------------    -------------------

                         (clock clk_pl_0 rise edge)
                                                      0.000     0.000 r  <hidden>
    PS9_X0Y0             PS9                          0.000     0.000 r  miner_system_i/cips_0/inst/pspmc_0/inst/PS9_inst/PMCRCLKCLK[0]
                         net (fo=1, routed)           0.000     0.000    miner_system_i/cips_0/inst/pspmc_0/inst/pmc_pl_ref_clk[0]
    BUFG_PS_X0Y6         BUFG_PS (Prop_BUFG_PS_I_O)
                                                      0.080     0.080 r  miner_system_i/cips_0/inst/pspmc_0/inst/buffer_pl_clk_0.PL_CLK_0_BUFG/O
    X3Y2 (CLOCK_ROOT)    net (fo=495866, routed)      2.092     2.172    miner_system_i/miner_2/inst/u_miner/g_engines[11].u_engine/u_core/u_core/clk_i
    SLICE_X231Y188       FDCE                                         r  miner_system_i/miner_2/inst/u_miner/g_engines[11].u_engine/u_core/u_core/w_mem_reg[0][7]/C
                         clock pessimism             -0.100     2.072    <hidden>
    SLICE_X231Y188       FDCE (Hold_AFF_SLICEM_C_D)
                                                      0.035     2.107    miner_system_i/miner_2/inst/u_miner/g_engines[11].u_engine/u_core/u_core/w_mem_reg[0][7]
  -------------------------------------------------------------------
                         required time                         -2.107    <hidden>
                         arrival time                           2.118    <hidden>
  -------------------------------------------------------------------
                         slack                                  0.011    <hidden>





Pulse Width Checks
--------------------------------------------------------------------------------------
Clock Name:         clk_pl_0
Waveform(ns):       { 0.000 2.000 }
Period(ns):         4.000
Sources:            { miner_system_i/cips_0/inst/pspmc_0/inst/PS9_inst/PMCRCLKCLK[0] }

Check Type        Corner  Lib Pin          Reference Pin  Required(ns)  Actual(ns)  Slack(ns)  Location  Pin
Min Period        n/a     PS9/MAXIGP0ACLK  n/a            2.857         4.000       1.143      PS9_X0Y0  miner_system_i/cips_0/inst/pspmc_0/inst/PS9_inst/MAXIGP0ACLK
Low Pulse Width   Slow    PS9/MAXIGP0ACLK  n/a            1.429         2.000       0.571      PS9_X0Y0  miner_system_i/cips_0/inst/pspmc_0/inst/PS9_inst/MAXIGP0ACLK
High Pulse Width  Slow    PS9/MAXIGP0ACLK  n/a            1.429         2.000       0.571      PS9_X0Y0  miner_system_i/cips_0/inst/pspmc_0/inst/PS9_inst/MAXIGP0ACLK



---------------------------------------------------------------------------------------------------
From Clock:  lpddr4_clk1_clk_p
  To Clock:  lpddr4_clk1_clk_p

Setup :           NA  Failing Endpoints,  Worst Slack           NA  ,  Total Violation           NA
Hold  :           NA  Failing Endpoints,  Worst Slack           NA  ,  Total Violation           NA
PW    :            0  Failing Endpoints,  Worst Slack        2.109ns,  Total Violation        0.000ns
---------------------------------------------------------------------------------------------------


Pulse Width Checks
--------------------------------------------------------------------------------------
Clock Name:         lpddr4_clk1_clk_p
Waveform(ns):       { 0.000 2.500 }
Period(ns):         5.000
Sources:            { lpddr4_clk1_clk_p }

Check Type        Corner  Lib Pin     Reference Pin  Required(ns)  Actual(ns)  Slack(ns)  Location   Pin
Min Period        n/a     XPLL/CLKIN  n/a            1.017         5.000       3.983      XPLL_X2Y0  miner_system_i/ddr_noc/inst/MC0_ddrc/inst/noc_ddr4_phy/inst/u_xpll0_bank1/CLKIN
Max Period        n/a     XPLL/CLKIN  n/a            10.000        5.000       5.000      XPLL_X2Y0  miner_system_i/ddr_noc/inst/MC0_ddrc/inst/noc_ddr4_phy/inst/u_xpll0_bank1/CLKIN
Low Pulse Width   Slow    XPLL/CLKIN  n/a            0.391         2.500       2.109      XPLL_X2Y0  miner_system_i/ddr_noc/inst/MC0_ddrc/inst/noc_ddr4_phy/inst/u_xpll0_bank1/CLKIN
High Pulse Width  Slow    XPLL/CLKIN  n/a            0.391         2.500       2.109      XPLL_X2Y0  miner_system_i/ddr_noc/inst/MC0_ddrc/inst/noc_ddr4_phy/inst/u_xpll0_bank1/CLKIN



---------------------------------------------------------------------------------------------------
From Clock:  bank1_clkout0
  To Clock:  bank1_clkout0

Setup :           NA  Failing Endpoints,  Worst Slack           NA  ,  Total Violation           NA
Hold  :           NA  Failing Endpoints,  Worst Slack           NA  ,  Total Violation           NA
PW    :            0  Failing Endpoints,  Worst Slack        0.064ns,  Total Violation        0.000ns
---------------------------------------------------------------------------------------------------


Pulse Width Checks
--------------------------------------------------------------------------------------
Clock Name:         bank1_clkout0
Waveform(ns):       { 0.000 0.541 }
Period(ns):         1.081
Sources:            { miner_system_i/ddr_noc/inst/MC0_ddrc/inst/noc_ddr4_phy/inst/u_xpll0_bank1/CLKOUT0 }

Check Type        Corner  Lib Pin     Reference Pin  Required(ns)  Actual(ns)  Slack(ns)  Location   Pin
Min Period        n/a     XPLL/CLKIN  n/a            1.017         1.081       0.064      XPLL_X0Y0  miner_system_i/ddr_noc/inst/MC0_ddrc/inst/noc_ddr4_phy/inst/u_xpll0_bank0/CLKIN
Max Period        n/a     XPLL/CLKIN  n/a            10.000        1.081       8.919      XPLL_X0Y0  miner_system_i/ddr_noc/inst/MC0_ddrc/inst/noc_ddr4_phy/inst/u_xpll0_bank0/CLKIN
Low Pulse Width   Slow    XPLL/CLKIN  n/a            0.391         0.541       0.150      XPLL_X0Y0  miner_system_i/ddr_noc/inst/MC0_ddrc/inst/noc_ddr4_phy/inst/u_xpll0_bank0/CLKIN
High Pulse Width  Slow    XPLL/CLKIN  n/a            0.391         0.541       0.150      XPLL_X0Y0  miner_system_i/ddr_noc/inst/MC0_ddrc/inst/noc_ddr4_phy/inst/u_xpll0_bank0/CLKIN



---------------------------------------------------------------------------------------------------
From Clock:  pll_clktoxphy[0]
  To Clock:  pll_clktoxphy[0]

Setup :           NA  Failing Endpoints,  Worst Slack           NA  ,  Total Violation           NA
Hold  :           NA  Failing Endpoints,  Worst Slack           NA  ,  Total Violation           NA
PW    :            0  Failing Endpoints,  Worst Slack        0.016ns,  Total Violation        0.000ns
---------------------------------------------------------------------------------------------------


Pulse Width Checks
--------------------------------------------------------------------------------------
Clock Name:         pll_clktoxphy[0]
Waveform(ns):       { 0.000 0.135 }
Period(ns):         0.270
Sources:            { miner_system_i/ddr_noc/inst/MC0_ddrc/inst/noc_ddr4_phy/inst/u_xpll0_bank0/CLKOUTPHY }

Check Type        Corner  Lib Pin       Reference Pin  Required(ns)  Actual(ns)  Slack(ns)  Location   Pin
Min Period        n/a     XPHY/PLL_CLK  n/a            0.254         0.270       0.016      XPHY_X0Y0  miner_system_i/ddr_noc/inst/MC0_ddrc/inst/noc_ddr4_phy/inst/BANK_WRAPPER_INST0/NIBBLE[0].UNISIM.I_XPHY/PLL_CLK
Low Pulse Width   Slow    XPHY/PLL_CLK  n/a            0.102         0.135       0.033      XPHY_X0Y0  miner_system_i/ddr_noc/inst/MC0_ddrc/inst/noc_ddr4_phy/inst/BANK_WRAPPER_INST0/NIBBLE[0].UNISIM.I_XPHY/PLL_CLK
High Pulse Width  Slow    XPHY/PLL_CLK  n/a            0.102         0.135       0.033      XPHY_X0Y0  miner_system_i/ddr_noc/inst/MC0_ddrc/inst/noc_ddr4_phy/inst/BANK_WRAPPER_INST0/NIBBLE[0].UNISIM.I_XPHY/PLL_CLK



---------------------------------------------------------------------------------------------------
From Clock:  bank1_xpll0_fifo_rd_clk
  To Clock:  bank1_xpll0_fifo_rd_clk

Setup :           NA  Failing Endpoints,  Worst Slack           NA  ,  Total Violation           NA
Hold  :           NA  Failing Endpoints,  Worst Slack           NA  ,  Total Violation           NA
PW    :            0  Failing Endpoints,  Worst Slack        0.064ns,  Total Violation        0.000ns
---------------------------------------------------------------------------------------------------


Pulse Width Checks
--------------------------------------------------------------------------------------
Clock Name:         bank1_xpll0_fifo_rd_clk
Waveform(ns):       { 0.000 0.541 }
Period(ns):         1.081
Sources:            { miner_system_i/ddr_noc/inst/MC0_ddrc/inst/noc_ddr4_phy/inst/u_xpll0_bank1/CLKOUT2 }

Check Type        Corner  Lib Pin           Reference Pin  Required(ns)  Actual(ns)  Slack(ns)  Location   Pin
Min Period        n/a     XPLL/CLKOUT2      n/a            1.017         1.081       0.064      XPLL_X2Y0  miner_system_i/ddr_noc/inst/MC0_ddrc/inst/noc_ddr4_phy/inst/u_xpll0_bank1/CLKOUT2
Low Pulse Width   Slow    XPHY/FIFO_RD_CLK  n/a            0.406         0.541       0.135      XPHY_X0Y0  miner_system_i/ddr_noc/inst/MC0_ddrc/inst/noc_ddr4_phy/inst/BANK_WRAPPER_INST0/NIBBLE[0].UNISIM.I_XPHY/FIFO_RD_CLK
High Pulse Width  Slow    XPHY/FIFO_RD_CLK  n/a            0.406         0.541       0.135      XPHY_X0Y0  miner_system_i/ddr_noc/inst/MC0_ddrc/inst/noc_ddr4_phy/inst/BANK_WRAPPER_INST0/NIBBLE[0].UNISIM.I_XPHY/FIFO_RD_CLK



---------------------------------------------------------------------------------------------------
From Clock:  mc_clk_xpll
  To Clock:  mc_clk_xpll

Setup :           NA  Failing Endpoints,  Worst Slack           NA  ,  Total Violation           NA
Hold  :           NA  Failing Endpoints,  Worst Slack           NA  ,  Total Violation           NA
PW    :            0  Failing Endpoints,  Worst Slack        0.064ns,  Total Violation        0.000ns
---------------------------------------------------------------------------------------------------


Pulse Width Checks
--------------------------------------------------------------------------------------
Clock Name:         mc_clk_xpll
Waveform(ns):       { 0.000 0.541 }
Period(ns):         1.081
Sources:            { miner_system_i/ddr_noc/inst/MC0_ddrc/inst/noc_ddr4_phy/inst/u_xpll0_bank1/CLKOUT1 }

Check Type  Corner  Lib Pin       Reference Pin  Required(ns)  Actual(ns)  Slack(ns)  Location   Pin
Min Period  n/a     XPLL/CLKOUT1  n/a            1.017         1.081       0.064      XPLL_X2Y0  miner_system_i/ddr_noc/inst/MC0_ddrc/inst/noc_ddr4_phy/inst/u_xpll0_bank1/CLKOUT1



---------------------------------------------------------------------------------------------------
From Clock:  pll_clk_xpll
  To Clock:  pll_clk_xpll

Setup :           NA  Failing Endpoints,  Worst Slack           NA  ,  Total Violation           NA
Hold  :           NA  Failing Endpoints,  Worst Slack           NA  ,  Total Violation           NA
PW    :            0  Failing Endpoints,  Worst Slack        0.016ns,  Total Violation        0.000ns
---------------------------------------------------------------------------------------------------


Pulse Width Checks
--------------------------------------------------------------------------------------
Clock Name:         pll_clk_xpll
Waveform(ns):       { 0.000 0.135 }
Period(ns):         0.270
Sources:            { miner_system_i/ddr_noc/inst/MC0_ddrc/inst/noc_ddr4_phy/inst/u_xpll0_bank1/CLKOUTPHY }

Check Type        Corner  Lib Pin       Reference Pin  Required(ns)  Actual(ns)  Slack(ns)  Location   Pin
Min Period        n/a     XPHY/PLL_CLK  n/a            0.254         0.270       0.016      XPHY_X9Y0  miner_system_i/ddr_noc/inst/MC0_ddrc/inst/noc_ddr4_phy/inst/BANK_WRAPPER_INST1/NIBBLE[0].UNISIM.I_XPHY/PLL_CLK
Low Pulse Width   Slow    XPHY/PLL_CLK  n/a            0.102         0.135       0.033      XPHY_X9Y0  miner_system_i/ddr_noc/inst/MC0_ddrc/inst/noc_ddr4_phy/inst/BANK_WRAPPER_INST1/NIBBLE[0].UNISIM.I_XPHY/PLL_CLK
High Pulse Width  Slow    XPHY/PLL_CLK  n/a            0.102         0.135       0.033      XPHY_X9Y0  miner_system_i/ddr_noc/inst/MC0_ddrc/inst/noc_ddr4_phy/inst/BANK_WRAPPER_INST1/NIBBLE[0].UNISIM.I_XPHY/PLL_CLK



---------------------------------------------------------------------------------------------------
From Clock:  s_axi_aclk
  To Clock:  s_axi_aclk

Setup :            0  Failing Endpoints,  Worst Slack        0.136ns,  Total Violation        0.000ns
Hold  :            0  Failing Endpoints,  Worst Slack        0.011ns,  Total Violation        0.000ns
PW    :            0  Failing Endpoints,  Worst Slack        1.725ns,  Total Violation        0.000ns
---------------------------------------------------------------------------------------------------


Max Delay Paths
--------------------------------------------------------------------------------------
Slack (MET) :             0.136ns  (required time - arrival time)
  Source:                 miner_system_i/miner_3/inst/u_miner/header_tail_q_reg[93]/C
                            (rising edge-triggered cell FDCE clocked by s_axi_aclk  {rise@0.000ns fall@2.000ns period=4.000ns})
  Destination:            miner_system_i/miner_3/inst/u_miner/g_engines[0].u_engine/core_block_q_reg[477]/D
                            (rising edge-triggered cell FDCE clocked by s_axi_aclk  {rise@0.000ns fall@2.000ns period=4.000ns})
  Path Group:             s_axi_aclk
  Path Type:              Setup (Max at Slow Process Corner)
  Requirement:            4.000ns  (s_axi_aclk rise@4.000ns - s_axi_aclk rise@0.000ns)
  Data Path Delay:        3.787ns  (logic 0.166ns (4.384%)  route 3.621ns (95.616%))
  Logic Levels:           1  (LUT6=1)
  Clock Path Skew:        -0.011ns (DCD - SCD + CPR)
    Destination Clock Delay (DCD):    2.396ns = ( 6.396 - 4.000 ) 
    Source Clock Delay      (SCD):    2.474ns
    Clock Pessimism Removal (CPR):    0.067ns
  Clock Uncertainty:      0.074ns  (CJ)/2 + PE + PJ
    Clock Jitter             (CJ):    0.148ns
    Phase Error              (PE):    0.000ns
    Phase Jitter             (PJ):    0.000ns
  Clock Net Delay (Source):      2.474ns (routing 0.625ns, distribution 1.849ns)
  Clock Net Delay (Destination): 2.396ns (routing 0.557ns, distribution 1.839ns)

    Location             Delay type                Incr(ns)  Path(ns)    Netlist Resource(s)
  -------------------------------------------------------------------    -------------------
                         (clock s_axi_aclk rise edge)
                                                      0.000     0.000 r  <hidden>
    BUFG_PS_X0Y6         BUFG_PS                      0.000     0.000 r  miner_system_i/cips_0/inst/pspmc_0/inst/buffer_pl_clk_0.PL_CLK_0_BUFG/O
    X3Y2 (CLOCK_ROOT)    net (fo=495866, routed)      2.474     2.474    miner_system_i/miner_3/inst/u_miner/s_axi_aclk
    SLICE_X122Y66        FDCE                                         r  miner_system_i/miner_3/inst/u_miner/header_tail_q_reg[93]/C
  -------------------------------------------------------------------    -------------------
    SLICE_X122Y66        FDCE (Prop_GFF2_SLICEL_C_Q)
                                                      0.092     2.566 r  miner_system_i/miner_3/inst/u_miner/header_tail_q_reg[93]/Q
                         net (fo=65, routed)          3.554     6.119    miner_system_i/miner_3/inst/u_miner/g_engines[0].u_engine/header_tail_i[93]
    SLICE_X81Y95         LUT6 (Prop_A6LUT_SLICEM_I5_O)
                                                      0.074     6.193 r  miner_system_i/miner_3/inst/u_miner/g_engines[0].u_engine/core_block_q[477]_i_1/O
                         net (fo=1, routed)           0.067     6.260    miner_system_i/miner_3/inst/u_miner/g_engines[0].u_engine/core_block_q[477]_i_1_n_0
    SLICE_X81Y95         FDCE                                         r  miner_system_i/miner_3/inst/u_miner/g_engines[0].u_engine/core_block_q_reg[477]/D
  -------------------------------------------------------------------    -------------------

                         (clock s_axi_aclk rise edge)
                                                      4.000     4.000 r  <hidden>
    BUFG_PS_X0Y6         BUFG_PS                      0.000     4.000 r  miner_system_i/cips_0/inst/pspmc_0/inst/buffer_pl_clk_0.PL_CLK_0_BUFG/O
    X3Y2 (CLOCK_ROOT)    net (fo=495866, routed)      2.396     6.396    miner_system_i/miner_3/inst/u_miner/g_engines[0].u_engine/clk_i
    SLICE_X81Y95         FDCE                                         r  miner_system_i/miner_3/inst/u_miner/g_engines[0].u_engine/core_block_q_reg[477]/C
                         clock pessimism              0.067     6.463    <hidden>
                         clock uncertainty           -0.074     6.389    <hidden>
    SLICE_X81Y95         FDCE (Setup_AFF2_SLICEM_C_D)
                                                      0.007     6.396    miner_system_i/miner_3/inst/u_miner/g_engines[0].u_engine/core_block_q_reg[477]
  -------------------------------------------------------------------
                         required time                          6.396    <hidden>
                         arrival time                          -6.260    <hidden>
  -------------------------------------------------------------------
                         slack                                  0.136    <hidden>





Min Delay Paths
--------------------------------------------------------------------------------------
Slack (MET) :             0.011ns  (arrival time - required time)
  Source:                 miner_system_i/miner_3/inst/u_miner/g_engines[25].u_engine/core_block_q_reg[406]/C
                            (rising edge-triggered cell FDCE clocked by s_axi_aclk  {rise@0.000ns fall@2.000ns period=4.000ns})
  Destination:            miner_system_i/miner_3/inst/u_miner/g_engines[25].u_engine/u_core/u_core/w_mem_reg[3][22]/D
                            (rising edge-triggered cell FDCE clocked by s_axi_aclk  {rise@0.000ns fall@2.000ns period=4.000ns})
  Path Group:             s_axi_aclk
  Path Type:              Hold (Min at Fast Process Corner)
  Requirement:            0.000ns  (s_axi_aclk rise@0.000ns - s_axi_aclk rise@0.000ns)
  Data Path Delay:        0.387ns  (logic 0.069ns (17.829%)  route 0.318ns (82.171%))
  Logic Levels:           1  (LUT3=1)
  Clock Path Skew:        0.341ns (DCD - SCD - CPR)
    Destination Clock Delay (DCD):    1.975ns
    Source Clock Delay      (SCD):    1.569ns
    Clock Pessimism Removal (CPR):    0.065ns
  Clock Net Delay (Source):      1.569ns (routing 0.401ns, distribution 1.168ns)
  Clock Net Delay (Destination): 1.975ns (routing 0.463ns, distribution 1.512ns)

    Location             Delay type                Incr(ns)  Path(ns)    Netlist Resource(s)
  -------------------------------------------------------------------    -------------------
                         (clock s_axi_aclk rise edge)
                                                      0.000     0.000 r  <hidden>
    BUFG_PS_X0Y6         BUFG_PS                      0.000     0.000 r  miner_system_i/cips_0/inst/pspmc_0/inst/buffer_pl_clk_0.PL_CLK_0_BUFG/O
    X3Y2 (CLOCK_ROOT)    net (fo=495866, routed)      1.569     1.569    miner_system_i/miner_3/inst/u_miner/g_engines[25].u_engine/clk_i
    SLICE_X153Y86        FDCE                                         r  miner_system_i/miner_3/inst/u_miner/g_engines[25].u_engine/core_block_q_reg[406]/C
  -------------------------------------------------------------------    -------------------
    SLICE_X153Y86        FDCE (Prop_EFF2_SLICEM_C_Q)
                                                      0.048     1.617 r  miner_system_i/miner_3/inst/u_miner/g_engines[25].u_engine/core_block_q_reg[406]/Q
                         net (fo=1, routed)           0.294     1.911    miner_system_i/miner_3/inst/u_miner/g_engines[25].u_engine/u_core/u_core/block_i[406]
    SLICE_X165Y94        LUT3 (Prop_H6LUT_SLICEM_I0_O)
                                                      0.021     1.932 r  miner_system_i/miner_3/inst/u_miner/g_engines[25].u_engine/u_core/u_core/w_mem[3][22]_i_1/O
                         net (fo=1, routed)           0.024     1.956    miner_system_i/miner_3/inst/u_miner/g_engines[25].u_engine/u_core/u_core/w_mem[3][22]_i_1_n_0
    SLICE_X165Y94        FDCE                                         r  miner_system_i/miner_3/inst/u_miner/g_engines[25].u_engine/u_core/u_core/w_mem_reg[3][22]/D
  -------------------------------------------------------------------    -------------------

                         (clock s_axi_aclk rise edge)
                                                      0.000     0.000 r  <hidden>
    BUFG_PS_X0Y6         BUFG_PS                      0.000     0.000 r  miner_system_i/cips_0/inst/pspmc_0/inst/buffer_pl_clk_0.PL_CLK_0_BUFG/O
    X3Y2 (CLOCK_ROOT)    net (fo=495866, routed)      1.975     1.975    miner_system_i/miner_3/inst/u_miner/g_engines[25].u_engine/u_core/u_core/clk_i
    SLICE_X165Y94        FDCE                                         r  miner_system_i/miner_3/inst/u_miner/g_engines[25].u_engine/u_core/u_core/w_mem_reg[3][22]/C
                         clock pessimism             -0.065     1.910    <hidden>
    SLICE_X165Y94        FDCE (Hold_HFF2_SLICEM_C_D)
                                                      0.035     1.945    miner_system_i/miner_3/inst/u_miner/g_engines[25].u_engine/u_core/u_core/w_mem_reg[3][22]
  -------------------------------------------------------------------
                         required time                         -1.945    <hidden>
                         arrival time                           1.956    <hidden>
  -------------------------------------------------------------------
                         slack                                  0.011    <hidden>





Pulse Width Checks
--------------------------------------------------------------------------------------
Clock Name:         s_axi_aclk
Waveform(ns):       { 0.000 2.000 }
Period(ns):         4.000
Sources:            { miner_system_i/miner_3/inst/s_axi_aclk }

Check Type        Corner  Lib Pin  Reference Pin  Required(ns)  Actual(ns)  Slack(ns)  Location       Pin
Min Period        n/a     FDPE/C   n/a            0.550         4.000       3.450      SLICE_X128Y57  miner_system_i/miner_3/inst/u_miner/FSM_onehot_load_state_q_reg[0]/C
Low Pulse Width   Slow    FDPE/C   n/a            0.275         2.000       1.725      SLICE_X128Y57  miner_system_i/miner_3/inst/u_miner/FSM_onehot_load_state_q_reg[0]/C
High Pulse Width  Slow    FDPE/C   n/a            0.275         2.000       1.725      SLICE_X128Y57  miner_system_i/miner_3/inst/u_miner/FSM_onehot_load_state_q_reg[0]/C



---------------------------------------------------------------------------------------------------
From Clock:  s_axi_aclk
  To Clock:  clk_pl_0

Setup :            0  Failing Endpoints,  Worst Slack        2.652ns,  Total Violation        0.000ns
Hold  :            0  Failing Endpoints,  Worst Slack        0.041ns,  Total Violation        0.000ns
---------------------------------------------------------------------------------------------------


Max Delay Paths
--------------------------------------------------------------------------------------
Slack (MET) :             2.652ns  (required time - arrival time)
  Source:                 miner_system_i/miner_3/inst/u_miner/s_axi_bvalid_reg/C
                            (rising edge-triggered cell FDCE clocked by s_axi_aclk  {rise@0.000ns fall@2.000ns period=4.000ns})
  Destination:            miner_system_i/axi_regslice_miner_3/inst/b.b_pipe/m_valid_i_reg/D
                            (rising edge-triggered cell FDRE clocked by clk_pl_0  {rise@0.000ns fall@2.000ns period=4.000ns})
  Path Group:             clk_pl_0
  Path Type:              Setup (Max at Slow Process Corner)
  Requirement:            4.000ns  (clk_pl_0 rise@4.000ns - s_axi_aclk rise@0.000ns)
  Data Path Delay:        1.290ns  (logic 0.211ns (16.356%)  route 1.079ns (83.644%))
  Logic Levels:           1  (LUT3=1)
  Clock Path Skew:        0.010ns (DCD - SCD + CPR)
    Destination Clock Delay (DCD):    2.478ns = ( 6.478 - 4.000 ) 
    Source Clock Delay      (SCD):    2.614ns
    Clock Pessimism Removal (CPR):    0.145ns
  Clock Uncertainty:      0.074ns  (CJ)/2 + PE + PJ
    Clock Jitter             (CJ):    0.148ns
    Phase Error              (PE):    0.000ns
    Phase Jitter             (PJ):    0.000ns
  Clock Net Delay (Source):      2.614ns (routing 0.625ns, distribution 1.989ns)
  Clock Net Delay (Destination): 2.423ns (routing 0.557ns, distribution 1.866ns)
  Clock Domain Crossing:  Inter clock paths are considered valid unless explicitly excluded by timing constraints such as set_clock_groups or set_false_path.

    Location             Delay type                Incr(ns)  Path(ns)    Netlist Resource(s)
  -------------------------------------------------------------------    -------------------
                         (clock s_axi_aclk rise edge)
                                                      0.000     0.000 r  <hidden>
    BUFG_PS_X0Y6         BUFG_PS                      0.000     0.000 r  miner_system_i/cips_0/inst/pspmc_0/inst/buffer_pl_clk_0.PL_CLK_0_BUFG/O
    X3Y2 (CLOCK_ROOT)    net (fo=495866, routed)      2.614     2.614    miner_system_i/miner_3/inst/u_miner/s_axi_aclk
    SLICE_X92Y42         FDCE                                         r  miner_system_i/miner_3/inst/u_miner/s_axi_bvalid_reg/C
  -------------------------------------------------------------------    -------------------
    SLICE_X92Y42         FDCE (Prop_FFF2_SLICEL_C_Q)
                                                      0.091     2.705 r  miner_system_i/miner_3/inst/u_miner/s_axi_bvalid_reg/Q
                         net (fo=7, routed)           1.028     3.733    miner_system_i/axi_regslice_miner_3/inst/b.b_pipe/m_axi_bvalid
    SLICE_X59Y1          LUT3 (Prop_H6LUT_SLICEM_I0_O)
                                                      0.120     3.853 r  miner_system_i/axi_regslice_miner_3/inst/b.b_pipe/m_valid_i_i_2/O
                         net (fo=1, routed)           0.051     3.904    miner_system_i/axi_regslice_miner_3/inst/b.b_pipe/m_valid_i_i_2_n_0
    SLICE_X59Y1          FDRE                                         r  miner_system_i/axi_regslice_miner_3/inst/b.b_pipe/m_valid_i_reg/D
  -------------------------------------------------------------------    -------------------

                         (clock clk_pl_0 rise edge)
                                                      4.000     4.000 r  <hidden>
    PS9_X0Y0             PS9                          0.000     4.000 r  miner_system_i/cips_0/inst/pspmc_0/inst/PS9_inst/PMCRCLKCLK[0]
                         net (fo=1, routed)           0.000     4.000    miner_system_i/cips_0/inst/pspmc_0/inst/pmc_pl_ref_clk[0]
    BUFG_PS_X0Y6         BUFG_PS (Prop_BUFG_PS_I_O)
                                                      0.055     4.055 r  miner_system_i/cips_0/inst/pspmc_0/inst/buffer_pl_clk_0.PL_CLK_0_BUFG/O
    X3Y2 (CLOCK_ROOT)    net (fo=495866, routed)      2.423     6.478    miner_system_i/axi_regslice_miner_3/inst/b.b_pipe/aclk
    SLICE_X59Y1          FDRE                                         r  miner_system_i/axi_regslice_miner_3/inst/b.b_pipe/m_valid_i_reg/C
                         clock pessimism              0.145     6.623    <hidden>
                         clock uncertainty           -0.074     6.549    <hidden>
    SLICE_X59Y1          FDRE (Setup_HFF2_SLICEM_C_D)
                                                      0.006     6.555    miner_system_i/axi_regslice_miner_3/inst/b.b_pipe/m_valid_i_reg
  -------------------------------------------------------------------
                         required time                          6.555    <hidden>
                         arrival time                          -3.904    <hidden>
  -------------------------------------------------------------------
                         slack                                  2.652    <hidden>





Min Delay Paths
--------------------------------------------------------------------------------------
Slack (MET) :             0.041ns  (arrival time - required time)
  Source:                 miner_system_i/miner_3/inst/u_miner/s_axi_rdata_reg[22]/C
                            (rising edge-triggered cell FDCE clocked by s_axi_aclk  {rise@0.000ns fall@2.000ns period=4.000ns})
  Destination:            miner_system_i/axi_regslice_miner_3/inst/r.r_pipe/m_payload_i_reg[22]/D
                            (rising edge-triggered cell FDRE clocked by clk_pl_0  {rise@0.000ns fall@2.000ns period=4.000ns})
  Path Group:             clk_pl_0
  Path Type:              Hold (Min at Fast Process Corner)
  Requirement:            0.000ns  (clk_pl_0 rise@0.000ns - s_axi_aclk rise@0.000ns)
  Data Path Delay:        0.307ns  (logic 0.049ns (15.961%)  route 0.258ns (84.039%))
  Logic Levels:           0  
  Clock Path Skew:        0.157ns (DCD - SCD - CPR)
    Destination Clock Delay (DCD):    2.065ns
    Source Clock Delay      (SCD):    1.716ns
    Clock Pessimism Removal (CPR):    0.191ns
  Clock Uncertainty:      0.074ns  (CJ)/2 + PE + PJ
    Clock Jitter             (CJ):    0.148ns
    Phase Error              (PE):    0.000ns
    Phase Jitter             (PJ):    0.000ns
  Clock Net Delay (Source):      1.716ns (routing 0.401ns, distribution 1.315ns)
  Clock Net Delay (Destination): 1.985ns (routing 0.463ns, distribution 1.522ns)
  Clock Domain Crossing:  Inter clock paths are considered valid unless explicitly excluded by timing constraints such as set_clock_groups or set_false_path.

    Location             Delay type                Incr(ns)  Path(ns)    Netlist Resource(s)
  -------------------------------------------------------------------    -------------------
                         (clock s_axi_aclk rise edge)
                                                      0.000     0.000 r  <hidden>
    BUFG_PS_X0Y6         BUFG_PS                      0.000     0.000 r  miner_system_i/cips_0/inst/pspmc_0/inst/buffer_pl_clk_0.PL_CLK_0_BUFG/O
    X3Y2 (CLOCK_ROOT)    net (fo=495866, routed)      1.716     1.716    miner_system_i/miner_3/inst/u_miner/s_axi_aclk
    SLICE_X56Y41         FDCE                                         r  miner_system_i/miner_3/inst/u_miner/s_axi_rdata_reg[22]/C
  -------------------------------------------------------------------    -------------------
    SLICE_X56Y41         FDCE (Prop_FFF_SLICEL_C_Q)
                                                      0.049     1.765 r  miner_system_i/miner_3/inst/u_miner/s_axi_rdata_reg[22]/Q
                         net (fo=1, routed)           0.258     2.023    miner_system_i/axi_regslice_miner_3/inst/r.r_pipe/D[22]
    SLICE_X56Y14         FDRE                                         r  miner_system_i/axi_regslice_miner_3/inst/r.r_pipe/m_payload_i_reg[22]/D
  -------------------------------------------------------------------    -------------------

                         (clock clk_pl_0 rise edge)
                                                      0.000     0.000 r  <hidden>
    PS9_X0Y0             PS9                          0.000     0.000 r  miner_system_i/cips_0/inst/pspmc_0/inst/PS9_inst/PMCRCLKCLK[0]
                         net (fo=1, routed)           0.000     0.000    miner_system_i/cips_0/inst/pspmc_0/inst/pmc_pl_ref_clk[0]
    BUFG_PS_X0Y6         BUFG_PS (Prop_BUFG_PS_I_O)
                                                      0.080     0.080 r  miner_system_i/cips_0/inst/pspmc_0/inst/buffer_pl_clk_0.PL_CLK_0_BUFG/O
    X3Y2 (CLOCK_ROOT)    net (fo=495866, routed)      1.985     2.065    miner_system_i/axi_regslice_miner_3/inst/r.r_pipe/aclk
    SLICE_X56Y14         FDRE                                         r  miner_system_i/axi_regslice_miner_3/inst/r.r_pipe/m_payload_i_reg[22]/C
                         clock pessimism             -0.191     1.874    <hidden>
                         clock uncertainty            0.074     1.948    <hidden>
    SLICE_X56Y14         FDRE (Hold_AFF_SLICEL_C_D)
                                                      0.035     1.983    miner_system_i/axi_regslice_miner_3/inst/r.r_pipe/m_payload_i_reg[22]
  -------------------------------------------------------------------
                         required time                         -1.983    <hidden>
                         arrival time                           2.023    <hidden>
  -------------------------------------------------------------------
                         slack                                  0.041    <hidden>





---------------------------------------------------------------------------------------------------
From Clock:  clk_pl_0
  To Clock:  s_axi_aclk

Setup :            0  Failing Endpoints,  Worst Slack        1.469ns,  Total Violation        0.000ns
Hold  :            0  Failing Endpoints,  Worst Slack        0.046ns,  Total Violation        0.000ns
---------------------------------------------------------------------------------------------------


Max Delay Paths
--------------------------------------------------------------------------------------
Slack (MET) :             1.469ns  (required time - arrival time)
  Source:                 miner_system_i/axi_regslice_miner_3/inst/aw.aw_pipe/m_valid_i_reg/C
                            (rising edge-triggered cell FDRE clocked by clk_pl_0  {rise@0.000ns fall@2.000ns period=4.000ns})
  Destination:            miner_system_i/miner_3/inst/u_miner/s_axi_wready_reg/D
                            (rising edge-triggered cell FDCE clocked by s_axi_aclk  {rise@0.000ns fall@2.000ns period=4.000ns})
  Path Group:             s_axi_aclk
  Path Type:              Setup (Max at Slow Process Corner)
  Requirement:            4.000ns  (s_axi_aclk rise@4.000ns - clk_pl_0 rise@0.000ns)
  Data Path Delay:        2.302ns  (logic 0.222ns (9.643%)  route 2.080ns (90.357%))
  Logic Levels:           1  (LUT5=1)
  Clock Path Skew:        -0.162ns (DCD - SCD + CPR)
    Destination Clock Delay (DCD):    2.423ns = ( 6.423 - 4.000 ) 
    Source Clock Delay      (SCD):    2.800ns
    Clock Pessimism Removal (CPR):    0.215ns
  Clock Uncertainty:      0.074ns  (CJ)/2 + PE + PJ
    Clock Jitter             (CJ):    0.148ns
    Phase Error              (PE):    0.000ns
    Phase Jitter             (PJ):    0.000ns
  Clock Net Delay (Source):      2.697ns (routing 0.625ns, distribution 2.072ns)
  Clock Net Delay (Destination): 2.423ns (routing 0.557ns, distribution 1.866ns)
  Clock Domain Crossing:  Inter clock paths are considered valid unless explicitly excluded by timing constraints such as set_clock_groups or set_false_path.

    Location             Delay type                Incr(ns)  Path(ns)    Netlist Resource(s)
  -------------------------------------------------------------------    -------------------
                         (clock clk_pl_0 rise edge)
                                                      0.000     0.000 r  <hidden>
    PS9_X0Y0             PS9                          0.000     0.000 r  miner_system_i/cips_0/inst/pspmc_0/inst/PS9_inst/PMCRCLKCLK[0]
                         net (fo=1, routed)           0.000     0.000    miner_system_i/cips_0/inst/pspmc_0/inst/pmc_pl_ref_clk[0]
    BUFG_PS_X0Y6         BUFG_PS (Prop_BUFG_PS_I_O)
                                                      0.103     0.103 r  miner_system_i/cips_0/inst/pspmc_0/inst/buffer_pl_clk_0.PL_CLK_0_BUFG/O
    X3Y2 (CLOCK_ROOT)    net (fo=495866, routed)      2.697     2.800    miner_system_i/axi_regslice_miner_3/inst/aw.aw_pipe/aclk
    SLICE_X59Y1          FDRE                                         r  miner_system_i/axi_regslice_miner_3/inst/aw.aw_pipe/m_valid_i_reg/C
  -------------------------------------------------------------------    -------------------
    SLICE_X59Y1          FDRE (Prop_GFF2_SLICEM_C_Q)
                                                      0.091     2.891 r  miner_system_i/axi_regslice_miner_3/inst/aw.aw_pipe/m_valid_i_reg/Q
                         net (fo=4, routed)           0.810     3.701    miner_system_i/miner_3/inst/u_miner/s_axi_awvalid
    SLICE_X92Y42         LUT5 (Prop_B6LUT_SLICEL_I4_O)
                                                      0.131     3.832 r  miner_system_i/miner_3/inst/u_miner/s_axi_awready_i_1/O
                         net (fo=48, routed)          1.270     5.102    miner_system_i/miner_3/inst/u_miner/write_fire
    SLICE_X59Y3          FDCE                                         r  miner_system_i/miner_3/inst/u_miner/s_axi_wready_reg/D
  -------------------------------------------------------------------    -------------------

                         (clock s_axi_aclk rise edge)
                                                      4.000     4.000 r  <hidden>
    BUFG_PS_X0Y6         BUFG_PS                      0.000     4.000 r  miner_system_i/cips_0/inst/pspmc_0/inst/buffer_pl_clk_0.PL_CLK_0_BUFG/O
    X3Y2 (CLOCK_ROOT)    net (fo=495866, routed)      2.423     6.423    miner_system_i/miner_3/inst/u_miner/s_axi_aclk
    SLICE_X59Y3          FDCE                                         r  miner_system_i/miner_3/inst/u_miner/s_axi_wready_reg/C
                         clock pessimism              0.215     6.638    <hidden>
                         clock uncertainty           -0.074     6.564    <hidden>
    SLICE_X59Y3          FDCE (Setup_BFF2_SLICEM_C_D)
                                                      0.007     6.571    miner_system_i/miner_3/inst/u_miner/s_axi_wready_reg
  -------------------------------------------------------------------
                         required time                          6.571    <hidden>
                         arrival time                          -5.102    <hidden>
  -------------------------------------------------------------------
                         slack                                  1.469    <hidden>





Min Delay Paths
--------------------------------------------------------------------------------------
Slack (MET) :             0.046ns  (arrival time - required time)
  Source:                 miner_system_i/axi_regslice_miner_3/inst/ar.ar_pipe/m_payload_i_reg[5]/C
                            (rising edge-triggered cell FDRE clocked by clk_pl_0  {rise@0.000ns fall@2.000ns period=4.000ns})
  Destination:            miner_system_i/miner_3/inst/u_miner/rd_stage1_addr_q_reg[5]/D
                            (rising edge-triggered cell FDCE clocked by s_axi_aclk  {rise@0.000ns fall@2.000ns period=4.000ns})
  Path Group:             s_axi_aclk
  Path Type:              Hold (Min at Fast Process Corner)
  Requirement:            0.000ns  (s_axi_aclk rise@0.000ns - clk_pl_0 rise@0.000ns)
  Data Path Delay:        0.173ns  (logic 0.050ns (28.902%)  route 0.123ns (71.098%))
  Logic Levels:           0  
  Clock Path Skew:        0.018ns (DCD - SCD - CPR)
    Destination Clock Delay (DCD):    1.932ns
    Source Clock Delay      (SCD):    1.726ns
    Clock Pessimism Removal (CPR):    0.188ns
  Clock Uncertainty:      0.074ns  (CJ)/2 + PE + PJ
    Clock Jitter             (CJ):    0.148ns
    Phase Error              (PE):    0.000ns
    Phase Jitter             (PJ):    0.000ns
  Clock Net Delay (Source):      1.684ns (routing 0.401ns, distribution 1.283ns)
  Clock Net Delay (Destination): 1.932ns (routing 0.463ns, distribution 1.469ns)
  Clock Domain Crossing:  Inter clock paths are considered valid unless explicitly excluded by timing constraints such as set_clock_groups or set_false_path.

    Location             Delay type                Incr(ns)  Path(ns)    Netlist Resource(s)
  -------------------------------------------------------------------    -------------------
                         (clock clk_pl_0 rise edge)
                                                      0.000     0.000 r  <hidden>
    PS9_X0Y0             PS9                          0.000     0.000 r  miner_system_i/cips_0/inst/pspmc_0/inst/PS9_inst/PMCRCLKCLK[0]
                         net (fo=1, routed)           0.000     0.000    miner_system_i/cips_0/inst/pspmc_0/inst/pmc_pl_ref_clk[0]
    BUFG_PS_X0Y6         BUFG_PS (Prop_BUFG_PS_I_O)
                                                      0.042     0.042 r  miner_system_i/cips_0/inst/pspmc_0/inst/buffer_pl_clk_0.PL_CLK_0_BUFG/O
    X3Y2 (CLOCK_ROOT)    net (fo=495866, routed)      1.684     1.726    miner_system_i/axi_regslice_miner_3/inst/ar.ar_pipe/aclk
    SLICE_X84Y66         FDRE                                         r  miner_system_i/axi_regslice_miner_3/inst/ar.ar_pipe/m_payload_i_reg[5]/C
  -------------------------------------------------------------------    -------------------
    SLICE_X84Y66         FDRE (Prop_BFF_SLICEL_C_Q)
                                                      0.050     1.776 r  miner_system_i/axi_regslice_miner_3/inst/ar.ar_pipe/m_payload_i_reg[5]/Q
                         net (fo=1, routed)           0.123     1.899    miner_system_i/miner_3/inst/u_miner/s_axi_araddr[5]
    SLICE_X86Y66         FDCE                                         r  miner_system_i/miner_3/inst/u_miner/rd_stage1_addr_q_reg[5]/D
  -------------------------------------------------------------------    -------------------

                         (clock s_axi_aclk rise edge)
                                                      0.000     0.000 r  <hidden>
    BUFG_PS_X0Y6         BUFG_PS                      0.000     0.000 r  miner_system_i/cips_0/inst/pspmc_0/inst/buffer_pl_clk_0.PL_CLK_0_BUFG/O
    X3Y2 (CLOCK_ROOT)    net (fo=495866, routed)      1.932     1.932    miner_system_i/miner_3/inst/u_miner/s_axi_aclk
    SLICE_X86Y66         FDCE                                         r  miner_system_i/miner_3/inst/u_miner/rd_stage1_addr_q_reg[5]/C
                         clock pessimism             -0.188     1.744    <hidden>
                         clock uncertainty            0.074     1.818    <hidden>
    SLICE_X86Y66         FDCE (Hold_DFF2_SLICEL_C_D)
                                                      0.035     1.853    miner_system_i/miner_3/inst/u_miner/rd_stage1_addr_q_reg[5]
  -------------------------------------------------------------------
                         required time                         -1.853    <hidden>
                         arrival time                           1.899    <hidden>
  -------------------------------------------------------------------
                         slack                                  0.046    <hidden>





---------------------------------------------------------------------------------------------------
Path Group:  **async_default**
From Clock:  clk_pl_0
  To Clock:  clk_pl_0

Setup :            0  Failing Endpoints,  Worst Slack        1.276ns,  Total Violation        0.000ns
Hold  :            0  Failing Endpoints,  Worst Slack        0.918ns,  Total Violation        0.000ns
---------------------------------------------------------------------------------------------------


Max Delay Paths
--------------------------------------------------------------------------------------
Slack (MET) :             1.276ns  (required time - arrival time)
  Source:                 miner_system_i/rst_pl0/U0/ACTIVE_LOW_PR_OUT_DFF[0].FDRE_PER_N/C
                            (rising edge-triggered cell FDRE clocked by clk_pl_0  {rise@0.000ns fall@2.000ns period=4.000ns})
  Destination:            miner_system_i/miner_0/inst/u_miner/g_engines[0].u_engine/u_core/u_core/t1_a_q_reg[16]/CLR
                            (recovery check against rising-edge clock clk_pl_0  {rise@0.000ns fall@2.000ns period=4.000ns})
  Path Group:             **async_default**
  Path Type:              Recovery (Max at Slow Process Corner)
  Requirement:            4.000ns  (clk_pl_0 rise@4.000ns - clk_pl_0 rise@0.000ns)
  Data Path Delay:        2.640ns  (logic 0.248ns (9.393%)  route 2.392ns (90.607%))
  Logic Levels:           1  (BUFG_FABRIC=1)
  Clock Path Skew:        0.098ns (DCD - SCD + CPR)
    Destination Clock Delay (DCD):    2.566ns = ( 6.566 - 4.000 ) 
    Source Clock Delay      (SCD):    2.540ns
    Clock Pessimism Removal (CPR):    0.072ns
  Clock Uncertainty:      0.074ns  (CJ)/2 + PE + PJ
    Clock Jitter             (CJ):    0.148ns
    Phase Error              (PE):    0.000ns
    Phase Jitter             (PJ):    0.000ns
  Clock Net Delay (Source):      2.437ns (routing 0.625ns, distribution 1.812ns)
  Clock Net Delay (Destination): 2.511ns (routing 0.557ns, distribution 1.954ns)

    Location             Delay type                Incr(ns)  Path(ns)    Netlist Resource(s)
  -------------------------------------------------------------------    -------------------
                         (clock clk_pl_0 rise edge)
                                                      0.000     0.000 r  <hidden>
    PS9_X0Y0             PS9                          0.000     0.000 r  miner_system_i/cips_0/inst/pspmc_0/inst/PS9_inst/PMCRCLKCLK[0]
                         net (fo=1, routed)           0.000     0.000    miner_system_i/cips_0/inst/pspmc_0/inst/pmc_pl_ref_clk[0]
    BUFG_PS_X0Y6         BUFG_PS (Prop_BUFG_PS_I_O)
                                                      0.103     0.103 r  miner_system_i/cips_0/inst/pspmc_0/inst/buffer_pl_clk_0.PL_CLK_0_BUFG/O
    X3Y2 (CLOCK_ROOT)    net (fo=495866, routed)      2.437     2.540    miner_system_i/rst_pl0/U0/slowest_sync_clk
    IRI_QUAD_X80Y592     FDRE                                         r  miner_system_i/rst_pl0/U0/ACTIVE_LOW_PR_OUT_DFF[0].FDRE_PER_N/C
  -------------------------------------------------------------------    -------------------
    IRI_QUAD_X80Y592     FDRE (Prop_IMUX21_IMR_IRI_QUAD_EVEN_C_Q)
                                                      0.233     2.773 r  miner_system_i/rst_pl0/U0/ACTIVE_LOW_PR_OUT_DFF[0].FDRE_PER_N/Q
                         net (fo=1, routed)           0.304     3.077    miner_system_i/rst_pl0/U0/peripheral_aresetn[0]
    BUFG_FABRIC_X2Y35    BUFG_FABRIC (Prop_BUFG_FABRIC_I_O)
                                                      0.015     3.092 r  miner_system_i/rst_pl0/U0/peripheral_aresetn[0]_BUFG_inst/O
                         net (fo=494562, routed)      2.088     5.180    miner_system_i/miner_0/inst/u_miner/g_engines[0].u_engine/u_core/u_core/rst_ni
    SLICE_X21Y306        FDCE                                         f  miner_system_i/miner_0/inst/u_miner/g_engines[0].u_engine/u_core/u_core/t1_a_q_reg[16]/CLR  (IS_INVERTED)
  -------------------------------------------------------------------    -------------------

                         (clock clk_pl_0 rise edge)
                                                      4.000     4.000 r  <hidden>
    PS9_X0Y0             PS9                          0.000     4.000 r  miner_system_i/cips_0/inst/pspmc_0/inst/PS9_inst/PMCRCLKCLK[0]
                         net (fo=1, routed)           0.000     4.000    miner_system_i/cips_0/inst/pspmc_0/inst/pmc_pl_ref_clk[0]
    BUFG_PS_X0Y6         BUFG_PS (Prop_BUFG_PS_I_O)
                                                      0.055     4.055 r  miner_system_i/cips_0/inst/pspmc_0/inst/buffer_pl_clk_0.PL_CLK_0_BUFG/O
    X3Y2 (CLOCK_ROOT)    net (fo=495866, routed)      2.511     6.566    miner_system_i/miner_0/inst/u_miner/g_engines[0].u_engine/u_core/u_core/clk_i
    SLICE_X21Y306        FDCE                                         r  miner_system_i/miner_0/inst/u_miner/g_engines[0].u_engine/u_core/u_core/t1_a_q_reg[16]/C
                         clock pessimism              0.072     6.638    <hidden>
                         clock uncertainty           -0.074     6.564    <hidden>
    SLICE_X21Y306        FDCE (Recov_AFF_SLICEM_C_CLR)
                                                     -0.108     6.456    miner_system_i/miner_0/inst/u_miner/g_engines[0].u_engine/u_core/u_core/t1_a_q_reg[16]
  -------------------------------------------------------------------
                         required time                          6.456    <hidden>
                         arrival time                          -5.180    <hidden>
  -------------------------------------------------------------------
                         slack                                  1.276    <hidden>





Min Delay Paths
--------------------------------------------------------------------------------------
Slack (MET) :             0.918ns  (arrival time - required time)
  Source:                 miner_system_i/rst_pl0/U0/ACTIVE_LOW_PR_OUT_DFF[0].FDRE_PER_N/C
                            (rising edge-triggered cell FDRE clocked by clk_pl_0  {rise@0.000ns fall@2.000ns period=4.000ns})
  Destination:            miner_system_i/miner_2/inst/u_miner/g_engines[15].u_engine/core_h_q_reg[173]/CLR
                            (removal check against rising-edge clock clk_pl_0  {rise@0.000ns fall@2.000ns period=4.000ns})
  Path Group:             **async_default**
  Path Type:              Removal (Min at Fast Process Corner)
  Requirement:            0.000ns  (clk_pl_0 rise@0.000ns - clk_pl_0 rise@0.000ns)
  Data Path Delay:        1.470ns  (logic 0.104ns (7.077%)  route 1.366ns (92.923%))
  Logic Levels:           1  (BUFG_FABRIC=1)
  Clock Path Skew:        0.545ns (DCD - SCD - CPR)
    Destination Clock Delay (DCD):    2.202ns
    Source Clock Delay      (SCD):    1.607ns
    Clock Pessimism Removal (CPR):    0.051ns
  Clock Net Delay (Source):      1.565ns (routing 0.401ns, distribution 1.164ns)
  Clock Net Delay (Destination): 2.122ns (routing 0.463ns, distribution 1.659ns)

    Location             Delay type                Incr(ns)  Path(ns)    Netlist Resource(s)
  -------------------------------------------------------------------    -------------------
                         (clock clk_pl_0 rise edge)
                                                      0.000     0.000 r  <hidden>
    PS9_X0Y0             PS9                          0.000     0.000 r  miner_system_i/cips_0/inst/pspmc_0/inst/PS9_inst/PMCRCLKCLK[0]
                         net (fo=1, routed)           0.000     0.000    miner_system_i/cips_0/inst/pspmc_0/inst/pmc_pl_ref_clk[0]
    BUFG_PS_X0Y6         BUFG_PS (Prop_BUFG_PS_I_O)
                                                      0.042     0.042 r  miner_system_i/cips_0/inst/pspmc_0/inst/buffer_pl_clk_0.PL_CLK_0_BUFG/O
    X3Y2 (CLOCK_ROOT)    net (fo=495866, routed)      1.565     1.607    miner_system_i/rst_pl0/U0/slowest_sync_clk
    IRI_QUAD_X80Y592     FDRE                                         r  miner_system_i/rst_pl0/U0/ACTIVE_LOW_PR_OUT_DFF[0].FDRE_PER_N/C
  -------------------------------------------------------------------    -------------------
    IRI_QUAD_X80Y592     FDRE (Prop_IMUX21_IMR_IRI_QUAD_EVEN_C_Q)
                                                      0.093     1.700 r  miner_system_i/rst_pl0/U0/ACTIVE_LOW_PR_OUT_DFF[0].FDRE_PER_N/Q
                         net (fo=1, routed)           0.086     1.786    miner_system_i/rst_pl0/U0/peripheral_aresetn[0]
    BUFG_FABRIC_X2Y35    BUFG_FABRIC (Prop_BUFG_FABRIC_I_O)
                                                      0.011     1.797 r  miner_system_i/rst_pl0/U0/peripheral_aresetn[0]_BUFG_inst/O
                         net (fo=494562, routed)      1.280     3.077    miner_system_i/miner_2/inst/u_miner/g_engines[15].u_engine/rst_ni
    SLICE_X222Y195       FDCE                                         f  miner_system_i/miner_2/inst/u_miner/g_engines[15].u_engine/core_h_q_reg[173]/CLR  (IS_INVERTED)
  -------------------------------------------------------------------    -------------------

                         (clock clk_pl_0 rise edge)
                                                      0.000     0.000 r  <hidden>
    PS9_X0Y0             PS9                          0.000     0.000 r  miner_system_i/cips_0/inst/pspmc_0/inst/PS9_inst/PMCRCLKCLK[0]
                         net (fo=1, routed)           0.000     0.000    miner_system_i/cips_0/inst/pspmc_0/inst/pmc_pl_ref_clk[0]
    BUFG_PS_X0Y6         BUFG_PS (Prop_BUFG_PS_I_O)
                                                      0.080     0.080 r  miner_system_i/cips_0/inst/pspmc_0/inst/buffer_pl_clk_0.PL_CLK_0_BUFG/O
    X3Y2 (CLOCK_ROOT)    net (fo=495866, routed)      2.122     2.202    miner_system_i/miner_2/inst/u_miner/g_engines[15].u_engine/clk_i
    SLICE_X222Y195       FDCE                                         r  miner_system_i/miner_2/inst/u_miner/g_engines[15].u_engine/core_h_q_reg[173]/C
                         clock pessimism             -0.051     2.152    <hidden>
    SLICE_X222Y195       FDCE (Remov_AFF2_SLICEL_C_CLR)
                                                      0.007     2.159    miner_system_i/miner_2/inst/u_miner/g_engines[15].u_engine/core_h_q_reg[173]
  -------------------------------------------------------------------
                         required time                         -2.159    <hidden>
                         arrival time                           3.077    <hidden>
  -------------------------------------------------------------------
                         slack                                  0.918    <hidden>





---------------------------------------------------------------------------------------------------
Path Group:  **async_default**
From Clock:  clk_pl_0
  To Clock:  s_axi_aclk

Setup :            0  Failing Endpoints,  Worst Slack        1.444ns,  Total Violation        0.000ns
Hold  :            0  Failing Endpoints,  Worst Slack        0.922ns,  Total Violation        0.000ns
---------------------------------------------------------------------------------------------------


Max Delay Paths
--------------------------------------------------------------------------------------
Slack (MET) :             1.444ns  (required time - arrival time)
  Source:                 miner_system_i/rst_pl0/U0/ACTIVE_LOW_PR_OUT_DFF[0].FDRE_PER_N/C
                            (rising edge-triggered cell FDRE clocked by clk_pl_0  {rise@0.000ns fall@2.000ns period=4.000ns})
  Destination:            miner_system_i/miner_3/inst/u_miner/g_engines[6].u_engine/core_block_q_reg[282]/CLR
                            (recovery check against rising-edge clock s_axi_aclk  {rise@0.000ns fall@2.000ns period=4.000ns})
  Path Group:             **async_default**
  Path Type:              Recovery (Max at Slow Process Corner)
  Requirement:            4.000ns  (s_axi_aclk rise@4.000ns - clk_pl_0 rise@0.000ns)
  Data Path Delay:        2.337ns  (logic 0.248ns (10.611%)  route 2.089ns (89.389%))
  Logic Levels:           1  (BUFG_FABRIC=1)
  Clock Path Skew:        -0.037ns (DCD - SCD + CPR)
    Destination Clock Delay (DCD):    2.436ns = ( 6.436 - 4.000 ) 
    Source Clock Delay      (SCD):    2.540ns
    Clock Pessimism Removal (CPR):    0.067ns
  Clock Uncertainty:      0.074ns  (CJ)/2 + PE + PJ
    Clock Jitter             (CJ):    0.148ns
    Phase Error              (PE):    0.000ns
    Phase Jitter             (PJ):    0.000ns
  Clock Net Delay (Source):      2.437ns (routing 0.625ns, distribution 1.812ns)
  Clock Net Delay (Destination): 2.436ns (routing 0.557ns, distribution 1.879ns)
  Clock Domain Crossing:  Inter clock paths are considered valid unless explicitly excluded by timing constraints such as set_clock_groups or set_false_path.

    Location             Delay type                Incr(ns)  Path(ns)    Netlist Resource(s)
  -------------------------------------------------------------------    -------------------
                         (clock clk_pl_0 rise edge)
                                                      0.000     0.000 r  <hidden>
    PS9_X0Y0             PS9                          0.000     0.000 r  miner_system_i/cips_0/inst/pspmc_0/inst/PS9_inst/PMCRCLKCLK[0]
                         net (fo=1, routed)           0.000     0.000    miner_system_i/cips_0/inst/pspmc_0/inst/pmc_pl_ref_clk[0]
    BUFG_PS_X0Y6         BUFG_PS (Prop_BUFG_PS_I_O)
                                                      0.103     0.103 r  miner_system_i/cips_0/inst/pspmc_0/inst/buffer_pl_clk_0.PL_CLK_0_BUFG/O
    X3Y2 (CLOCK_ROOT)    net (fo=495866, routed)      2.437     2.540    miner_system_i/rst_pl0/U0/slowest_sync_clk
    IRI_QUAD_X80Y592     FDRE                                         r  miner_system_i/rst_pl0/U0/ACTIVE_LOW_PR_OUT_DFF[0].FDRE_PER_N/C
  -------------------------------------------------------------------    -------------------
    IRI_QUAD_X80Y592     FDRE (Prop_IMUX21_IMR_IRI_QUAD_EVEN_C_Q)
                                                      0.233     2.773 r  miner_system_i/rst_pl0/U0/ACTIVE_LOW_PR_OUT_DFF[0].FDRE_PER_N/Q
                         net (fo=1, routed)           0.304     3.077    miner_system_i/rst_pl0/U0/peripheral_aresetn[0]
    BUFG_FABRIC_X2Y35    BUFG_FABRIC (Prop_BUFG_FABRIC_I_O)
                                                      0.015     3.092 r  miner_system_i/rst_pl0/U0/peripheral_aresetn[0]_BUFG_inst/O
                         net (fo=494562, routed)      1.785     4.877    miner_system_i/miner_3/inst/u_miner/g_engines[6].u_engine/rst_ni
    SLICE_X49Y73         FDCE                                         f  miner_system_i/miner_3/inst/u_miner/g_engines[6].u_engine/core_block_q_reg[282]/CLR  (IS_INVERTED)
  -------------------------------------------------------------------    -------------------

                         (clock s_axi_aclk rise edge)
                                                      4.000     4.000 r  <hidden>
    BUFG_PS_X0Y6         BUFG_PS                      0.000     4.000 r  miner_system_i/cips_0/inst/pspmc_0/inst/buffer_pl_clk_0.PL_CLK_0_BUFG/O
    X3Y2 (CLOCK_ROOT)    net (fo=495866, routed)      2.436     6.436    miner_system_i/miner_3/inst/u_miner/g_engines[6].u_engine/clk_i
    SLICE_X49Y73         FDCE                                         r  miner_system_i/miner_3/inst/u_miner/g_engines[6].u_engine/core_block_q_reg[282]/C
                         clock pessimism              0.067     6.503    <hidden>
                         clock uncertainty           -0.074     6.429    <hidden>
    SLICE_X49Y73         FDCE (Recov_AFF_SLICEM_C_CLR)
                                                     -0.108     6.321    miner_system_i/miner_3/inst/u_miner/g_engines[6].u_engine/core_block_q_reg[282]
  -------------------------------------------------------------------
                         required time                          6.321    <hidden>
                         arrival time                          -4.877    <hidden>
  -------------------------------------------------------------------
                         slack                                  1.444    <hidden>





Min Delay Paths
--------------------------------------------------------------------------------------
Slack (MET) :             0.922ns  (arrival time - required time)
  Source:                 miner_system_i/rst_pl0/U0/ACTIVE_LOW_PR_OUT_DFF[0].FDRE_PER_N/C
                            (rising edge-triggered cell FDRE clocked by clk_pl_0  {rise@0.000ns fall@2.000ns period=4.000ns})
  Destination:            miner_system_i/miner_3/inst/u_miner/g_engines[25].u_engine/u_core/u_core/w_mem_reg[10][3]/CLR
                            (removal check against rising-edge clock s_axi_aclk  {rise@0.000ns fall@2.000ns period=4.000ns})
  Path Group:             **async_default**
  Path Type:              Removal (Min at Fast Process Corner)
  Requirement:            0.000ns  (s_axi_aclk rise@0.000ns - clk_pl_0 rise@0.000ns)
  Data Path Delay:        1.323ns  (logic 0.104ns (7.862%)  route 1.219ns (92.138%))
  Logic Levels:           1  (BUFG_FABRIC=1)
  Clock Path Skew:        0.320ns (DCD - SCD - CPR)
    Destination Clock Delay (DCD):    1.987ns
    Source Clock Delay      (SCD):    1.607ns
    Clock Pessimism Removal (CPR):    0.060ns
  Clock Uncertainty:      0.074ns  (CJ)/2 + PE + PJ
    Clock Jitter             (CJ):    0.148ns
    Phase Error              (PE):    0.000ns
    Phase Jitter             (PJ):    0.000ns
  Clock Net Delay (Source):      1.565ns (routing 0.401ns, distribution 1.164ns)
  Clock Net Delay (Destination): 1.987ns (routing 0.463ns, distribution 1.524ns)
  Clock Domain Crossing:  Inter clock paths are considered valid unless explicitly excluded by timing constraints such as set_clock_groups or set_false_path.

    Location             Delay type                Incr(ns)  Path(ns)    Netlist Resource(s)
  -------------------------------------------------------------------    -------------------
                         (clock clk_pl_0 rise edge)
                                                      0.000     0.000 r  <hidden>
    PS9_X0Y0             PS9                          0.000     0.000 r  miner_system_i/cips_0/inst/pspmc_0/inst/PS9_inst/PMCRCLKCLK[0]
                         net (fo=1, routed)           0.000     0.000    miner_system_i/cips_0/inst/pspmc_0/inst/pmc_pl_ref_clk[0]
    BUFG_PS_X0Y6         BUFG_PS (Prop_BUFG_PS_I_O)
                                                      0.042     0.042 r  miner_system_i/cips_0/inst/pspmc_0/inst/buffer_pl_clk_0.PL_CLK_0_BUFG/O
    X3Y2 (CLOCK_ROOT)    net (fo=495866, routed)      1.565     1.607    miner_system_i/rst_pl0/U0/slowest_sync_clk
    IRI_QUAD_X80Y592     FDRE                                         r  miner_system_i/rst_pl0/U0/ACTIVE_LOW_PR_OUT_DFF[0].FDRE_PER_N/C
  -------------------------------------------------------------------    -------------------
    IRI_QUAD_X80Y592     FDRE (Prop_IMUX21_IMR_IRI_QUAD_EVEN_C_Q)
                                                      0.093     1.700 r  miner_system_i/rst_pl0/U0/ACTIVE_LOW_PR_OUT_DFF[0].FDRE_PER_N/Q
                         net (fo=1, routed)           0.086     1.786    miner_system_i/rst_pl0/U0/peripheral_aresetn[0]
    BUFG_FABRIC_X2Y35    BUFG_FABRIC (Prop_BUFG_FABRIC_I_O)
                                                      0.011     1.797 r  miner_system_i/rst_pl0/U0/peripheral_aresetn[0]_BUFG_inst/O
                         net (fo=494562, routed)      1.133     2.930    miner_system_i/miner_3/inst/u_miner/g_engines[25].u_engine/u_core/u_core/rst_ni
    SLICE_X184Y87        FDCE                                         f  miner_system_i/miner_3/inst/u_miner/g_engines[25].u_engine/u_core/u_core/w_mem_reg[10][3]/CLR  (IS_INVERTED)
  -------------------------------------------------------------------    -------------------

                         (clock s_axi_aclk rise edge)
                                                      0.000     0.000 r  <hidden>
    BUFG_PS_X0Y6         BUFG_PS                      0.000     0.000 r  miner_system_i/cips_0/inst/pspmc_0/inst/buffer_pl_clk_0.PL_CLK_0_BUFG/O
    X3Y2 (CLOCK_ROOT)    net (fo=495866, routed)      1.987     1.987    miner_system_i/miner_3/inst/u_miner/g_engines[25].u_engine/u_core/u_core/clk_i
    SLICE_X184Y87        FDCE                                         r  miner_system_i/miner_3/inst/u_miner/g_engines[25].u_engine/u_core/u_core/w_mem_reg[10][3]/C
                         clock pessimism             -0.060     1.927    <hidden>
                         clock uncertainty            0.074     2.001    <hidden>
    SLICE_X184Y87        FDCE (Remov_AFF_SLICEL_C_CLR)
                                                      0.007     2.008    miner_system_i/miner_3/inst/u_miner/g_engines[25].u_engine/u_core/u_core/w_mem_reg[10][3]
  -------------------------------------------------------------------
                         required time                         -2.008    <hidden>
                         arrival time                           2.930    <hidden>
  -------------------------------------------------------------------
                         slack                                  0.922    <hidden>





