Copyright 1986-2022 Xilinx, Inc. All Rights Reserved. Copyright 2022-2026 Advanced Micro Devices, Inc. All Rights Reserved.
--------------------------------------------------------------------------------------------------------------------------------------------------
| Tool Version      : Vivado v.2026.1 (lin64) Build 6511674 Tue Jun 16 11:01:26 MDT 2026
| Date              : Tue Aug 11 01:18:19 2026
| Host              : YouBing running 64-bit Ubuntu 24.04.4 LTS
| Command           : report_timing_summary -file /raid/work/vek280_bitcoin_miner/reports/impl_vek280/timing_summary_impl.rpt
| Design            : miner_system_wrapper
| Device            : xcve2802-vsvh1760
| Speed File        : -2MP  PRODUCTION 2.04 2026-03-17
| Design State      : Routed
| Temperature Grade : E
--------------------------------------------------------------------------------------------------------------------------------------------------

Timing Summary Report

------------------------------------------------------------------------------------------------
| Timer Settings
| --------------
------------------------------------------------------------------------------------------------

  Enable Multi Corner Analysis               :  Yes
  Enable Pessimism Removal                   :  Yes
  Pessimism Removal Resolution               :  Nearest Common Node
  Enable Input Delay Default Clock           :  No
  Enable Preset / Clear Arcs                 :  No
  Disable Flight Delays                      :  No
  Ignore I/O Paths                           :  No
  Timing Early Launch at Borrowing Latches   :  No
  Borrow Time for Max Delay Exceptions       :  Yes
  Merge Timing Exceptions                    :  Yes
  Inter-SLR Compensation                     :  Conservative

  Corner  Analyze    Analyze    
  Name    Max Paths  Min Paths  
  ------  ---------  ---------  
  Slow    Yes        Yes        
  Fast    Yes        Yes        


------------------------------------------------------------------------------------------------
| Report Methodology
| ------------------
------------------------------------------------------------------------------------------------

Rule      Severity  Description                                 Violations  
--------  --------  ------------------------------------------  ----------  
AVAL-344  Advisory  Design_needs_USER_RAM_AVERAGE_ACTIVITY_set  1           

Note: This report is based on the most recent report_methodology run and may not be up-to-date. Run report_methodology on the current design for the latest report.



check_timing report

Table of Contents
-----------------
1. checking no_clock (0)
2. checking constant_clock (0)
3. checking pulse_width_clock (0)
4. checking unconstrained_internal_endpoints (0)
5. checking no_input_delay (0)
6. checking no_output_delay (0)
7. checking multiple_clock (0)
8. checking generated_clocks (0)
9. checking loops (0)
10. checking partial_input_delay (0)
11. checking partial_output_delay (0)
12. checking latch_loops (0)

1. checking no_clock (0)
------------------------
 There are 0 register/latch pins with no clock.


2. checking constant_clock (0)
------------------------------
 There are 0 register/latch pins with constant_clock.


3. checking pulse_width_clock (0)
---------------------------------
 There are 0 register/latch pins which need pulse_width check


4. checking unconstrained_internal_endpoints (0)
------------------------------------------------
 There are 0 pins that are not constrained for maximum delay.

 There are 0 pins that are not constrained for maximum delay due to constant clock.


5. checking no_input_delay (0)
------------------------------
 There are 0 input ports with no input delay specified.

 There are 0 input ports with no input delay but user has a false path constraint.


6. checking no_output_delay (0)
-------------------------------
 There are 0 ports with no output delay specified.

 There are 0 ports with no output delay but user has a false path constraint

 There are 0 ports with no output delay but with a timing clock defined on it or propagating through it


7. checking multiple_clock (0)
------------------------------
 There are 0 register/latch pins with multiple clocks.


8. checking generated_clocks (0)
--------------------------------
 There are 0 generated clocks that are not connected to a clock source.


9. checking loops (0)
---------------------
 There are 0 combinational loops in the design.


10. checking partial_input_delay (0)
------------------------------------
 There are 0 input ports with partial input delay specified.


11. checking partial_output_delay (0)
-------------------------------------
 There are 0 ports with partial output delay specified.


12. checking latch_loops (0)
----------------------------
 There are 0 combinational latch loops in the design through latch input



------------------------------------------------------------------------------------------------
| Design Timing Summary
| ---------------------
------------------------------------------------------------------------------------------------

    WNS(ns)      TNS(ns)  TNS Failing Endpoints  TNS Total Endpoints      WHS(ns)      THS(ns)  THS Failing Endpoints  THS Total Endpoints     WPWS(ns)     TPWS(ns)  TPWS Failing Endpoints  TPWS Total Endpoints  
    -------      -------  ---------------------  -------------------      -------      -------  ---------------------  -------------------     --------     --------  ----------------------  --------------------  
      0.255        0.000                      0               340348        0.011        0.000                      0               340348        0.016        0.000                       0                113741  


All user specified timing constraints are met.


------------------------------------------------------------------------------------------------
| Clock Summary
| -------------
------------------------------------------------------------------------------------------------

Clock                      Waveform(ns)           Period(ns)      Frequency(MHz)
-----                      ------------           ----------      --------------
clk_pl_0                   {0.000 2.000}          4.000           250.000         
lpddr4_clk1_clk_p          {0.000 2.500}          5.000           200.000         
  bank1_clkout0            {0.000 0.541}          1.081           925.000         
    pll_clktoxphy[0]       {0.000 0.135}          0.270           3700.000        
  bank1_xpll0_fifo_rd_clk  {0.000 0.541}          1.081           925.000         
  mc_clk_xpll              {0.000 0.541}          1.081           925.000         
  pll_clk_xpll             {0.000 0.135}          0.270           3699.997        


------------------------------------------------------------------------------------------------
| Intra Clock Table
| -----------------
------------------------------------------------------------------------------------------------

Clock                          WNS(ns)      TNS(ns)  TNS Failing Endpoints  TNS Total Endpoints      WHS(ns)      THS(ns)  THS Failing Endpoints  THS Total Endpoints     WPWS(ns)     TPWS(ns)  TPWS Failing Endpoints  TPWS Total Endpoints  
-----                          -------      -------  ---------------------  -------------------      -------      -------  ---------------------  -------------------     --------     --------  ----------------------  --------------------  
clk_pl_0                         0.255        0.000                      0               227434        0.011        0.000                      0               227434        0.571        0.000                       0                113698  
lpddr4_clk1_clk_p                                                                                                                                                            2.109        0.000                       0                     1  
  bank1_clkout0                                                                                                                                                              0.064        0.000                       0                     2  
    pll_clktoxphy[0]                                                                                                                                                         0.016        0.000                       0                    10  
  bank1_xpll0_fifo_rd_clk                                                                                                                                                    0.064        0.000                       0                    19  
  mc_clk_xpll                                                                                                                                                                0.064        0.000                       0                     1  
  pll_clk_xpll                                                                                                                                                               0.016        0.000                       0                    10  


------------------------------------------------------------------------------------------------
| Inter Clock Table
| -----------------
------------------------------------------------------------------------------------------------

From Clock    To Clock          WNS(ns)      TNS(ns)  TNS Failing Endpoints  TNS Total Endpoints      WHS(ns)      THS(ns)  THS Failing Endpoints  THS Total Endpoints  
----------    --------          -------      -------  ---------------------  -------------------      -------      -------  ---------------------  -------------------  


------------------------------------------------------------------------------------------------
| Other Path Groups Table
| -----------------------
------------------------------------------------------------------------------------------------

Path Group         From Clock         To Clock               WNS(ns)      TNS(ns)  TNS Failing Endpoints  TNS Total Endpoints      WHS(ns)      THS(ns)  THS Failing Endpoints  THS Total Endpoints  
----------         ----------         --------               -------      -------  ---------------------  -------------------      -------      -------  ---------------------  -------------------  
**async_default**  clk_pl_0           clk_pl_0                 1.575        0.000                      0               112914        0.931        0.000                      0               112914  


------------------------------------------------------------------------------------------------
| Timing Details
| --------------
------------------------------------------------------------------------------------------------


---------------------------------------------------------------------------------------------------
From Clock:  clk_pl_0
  To Clock:  clk_pl_0

Setup :            0  Failing Endpoints,  Worst Slack        0.255ns,  Total Violation        0.000ns
Hold  :            0  Failing Endpoints,  Worst Slack        0.011ns,  Total Violation        0.000ns
PW    :            0  Failing Endpoints,  Worst Slack        0.571ns,  Total Violation        0.000ns
---------------------------------------------------------------------------------------------------


Max Delay Paths
--------------------------------------------------------------------------------------
Slack (MET) :             0.255ns  (required time - arrival time)
  Source:                 miner_system_i/miner_0/inst/midstate_q_reg[98]/C
                            (rising edge-triggered cell FDCE clocked by clk_pl_0  {rise@0.000ns fall@2.000ns period=4.000ns})
  Destination:            miner_system_i/miner_0/inst/g_engines[21].u_engine/core_h_q_reg[98]/D
                            (rising edge-triggered cell FDCE clocked by clk_pl_0  {rise@0.000ns fall@2.000ns period=4.000ns})
  Path Group:             clk_pl_0
  Path Type:              Setup (Max at Slow Process Corner)
  Requirement:            4.000ns  (clk_pl_0 rise@4.000ns - clk_pl_0 rise@0.000ns)
  Data Path Delay:        3.745ns  (logic 0.210ns (5.607%)  route 3.535ns (94.393%))
  Logic Levels:           1  (LUT5=1)
  Clock Path Skew:        0.067ns (DCD - SCD + CPR)
    Destination Clock Delay (DCD):    1.974ns = ( 5.974 - 4.000 ) 
    Source Clock Delay      (SCD):    1.973ns
    Clock Pessimism Removal (CPR):    0.066ns
  Clock Uncertainty:      0.074ns  (CJ)/2 + PE + PJ
    Clock Jitter             (CJ):    0.148ns
    Phase Error              (PE):    0.000ns
    Phase Jitter             (PJ):    0.000ns
  Clock Net Delay (Source):      1.870ns (routing 0.495ns, distribution 1.375ns)
  Clock Net Delay (Destination): 1.919ns (routing 0.447ns, distribution 1.472ns)

    Location             Delay type                Incr(ns)  Path(ns)    Netlist Resource(s)
  -------------------------------------------------------------------    -------------------
                         (clock clk_pl_0 rise edge)
                                                      0.000     0.000 r  <hidden>
    PS9_X0Y0             PS9                          0.000     0.000 r  miner_system_i/cips_0/inst/pspmc_0/inst/PS9_inst/PMCRCLKCLK[0]
                         net (fo=1, routed)           0.000     0.000    miner_system_i/cips_0/inst/pspmc_0/inst/pmc_pl_ref_clk[0]
    BUFG_PS_X0Y6         BUFG_PS (Prop_BUFG_PS_I_O)
                                                      0.103     0.103 r  miner_system_i/cips_0/inst/pspmc_0/inst/buffer_pl_clk_0.PL_CLK_0_BUFG/O
    X3Y1 (CLOCK_ROOT)    net (fo=113697, routed)      1.870     1.973    miner_system_i/miner_0/inst/s_axi_aclk
    SLICE_X130Y36        FDCE                                         r  miner_system_i/miner_0/inst/midstate_q_reg[98]/C
  -------------------------------------------------------------------    -------------------
    SLICE_X130Y36        FDCE (Prop_CFF_SLICEL_C_Q)
                                                      0.091     2.064 r  miner_system_i/miner_0/inst/midstate_q_reg[98]/Q
                         net (fo=66, routed)          3.481     5.545    miner_system_i/miner_0/inst/g_engines[21].u_engine/D[98]
    SLICE_X165Y101       LUT5 (Prop_D6LUT_SLICEM_I1_O)
                                                      0.119     5.664 r  miner_system_i/miner_0/inst/g_engines[21].u_engine/core_h_q[98]_i_1__20/O
                         net (fo=1, routed)           0.054     5.718    miner_system_i/miner_0/inst/g_engines[21].u_engine/core_h_q[98]
    SLICE_X165Y101       FDCE                                         r  miner_system_i/miner_0/inst/g_engines[21].u_engine/core_h_q_reg[98]/D
  -------------------------------------------------------------------    -------------------

                         (clock clk_pl_0 rise edge)
                                                      4.000     4.000 r  <hidden>
    PS9_X0Y0             PS9                          0.000     4.000 r  miner_system_i/cips_0/inst/pspmc_0/inst/PS9_inst/PMCRCLKCLK[0]
                         net (fo=1, routed)           0.000     4.000    miner_system_i/cips_0/inst/pspmc_0/inst/pmc_pl_ref_clk[0]
    BUFG_PS_X0Y6         BUFG_PS (Prop_BUFG_PS_I_O)
                                                      0.055     4.055 r  miner_system_i/cips_0/inst/pspmc_0/inst/buffer_pl_clk_0.PL_CLK_0_BUFG/O
    X3Y1 (CLOCK_ROOT)    net (fo=113697, routed)      1.919     5.974    miner_system_i/miner_0/inst/g_engines[21].u_engine/s_axi_aclk
    SLICE_X165Y101       FDCE                                         r  miner_system_i/miner_0/inst/g_engines[21].u_engine/core_h_q_reg[98]/C
                         clock pessimism              0.066     6.040    <hidden>
                         clock uncertainty           -0.074     5.966    <hidden>
    SLICE_X165Y101       FDCE (Setup_DFF2_SLICEM_C_D)
                                                      0.007     5.973    miner_system_i/miner_0/inst/g_engines[21].u_engine/core_h_q_reg[98]
  -------------------------------------------------------------------
                         required time                          5.973    <hidden>
                         arrival time                          -5.718    <hidden>
  -------------------------------------------------------------------
                         slack                                  0.255    <hidden>





Min Delay Paths
--------------------------------------------------------------------------------------
Slack (MET) :             0.011ns  (arrival time - required time)
  Source:                 miner_system_i/miner_0/inst/engine_nonce_start_q_reg[651]/C
                            (rising edge-triggered cell FDCE clocked by clk_pl_0  {rise@0.000ns fall@2.000ns period=4.000ns})
  Destination:            miner_system_i/miner_0/inst/g_engines[20].u_engine/core_block_q_reg[395]/D
                            (rising edge-triggered cell FDCE clocked by clk_pl_0  {rise@0.000ns fall@2.000ns period=4.000ns})
  Path Group:             clk_pl_0
  Path Type:              Hold (Min at Fast Process Corner)
  Requirement:            0.000ns  (clk_pl_0 rise@0.000ns - clk_pl_0 rise@0.000ns)
  Data Path Delay:        0.318ns  (logic 0.060ns (18.856%)  route 0.258ns (81.144%))
  Logic Levels:           1  (LUT6=1)
  Clock Path Skew:        0.273ns (DCD - SCD - CPR)
    Destination Clock Delay (DCD):    1.597ns
    Source Clock Delay      (SCD):    1.233ns
    Clock Pessimism Removal (CPR):    0.090ns
  Clock Net Delay (Source):      1.191ns (routing 0.322ns, distribution 0.869ns)
  Clock Net Delay (Destination): 1.517ns (routing 0.368ns, distribution 1.149ns)

    Location             Delay type                Incr(ns)  Path(ns)    Netlist Resource(s)
  -------------------------------------------------------------------    -------------------
                         (clock clk_pl_0 rise edge)
                                                      0.000     0.000 r  <hidden>
    PS9_X0Y0             PS9                          0.000     0.000 r  miner_system_i/cips_0/inst/pspmc_0/inst/PS9_inst/PMCRCLKCLK[0]
                         net (fo=1, routed)           0.000     0.000    miner_system_i/cips_0/inst/pspmc_0/inst/pmc_pl_ref_clk[0]
    BUFG_PS_X0Y6         BUFG_PS (Prop_BUFG_PS_I_O)
                                                      0.042     0.042 r  miner_system_i/cips_0/inst/pspmc_0/inst/buffer_pl_clk_0.PL_CLK_0_BUFG/O
    X3Y1 (CLOCK_ROOT)    net (fo=113697, routed)      1.191     1.233    miner_system_i/miner_0/inst/s_axi_aclk
    SLICE_X152Y43        FDCE                                         r  miner_system_i/miner_0/inst/engine_nonce_start_q_reg[651]/C
  -------------------------------------------------------------------    -------------------
    SLICE_X152Y43        FDCE (Prop_HFF2_SLICEL_C_Q)
                                                      0.050     1.283 r  miner_system_i/miner_0/inst/engine_nonce_start_q_reg[651]/Q
                         net (fo=2, routed)           0.234     1.518    miner_system_i/miner_0/inst/g_engines[20].u_engine/u_core/u_core/Q[9]
    SLICE_X166Y43        LUT6 (Prop_F6LUT_SLICEL_I2_O)
                                                      0.010     1.528 r  miner_system_i/miner_0/inst/g_engines[20].u_engine/u_core/u_core/core_block_q[395]_i_1__19/O
                         net (fo=1, routed)           0.024     1.552    miner_system_i/miner_0/inst/g_engines[20].u_engine/core_block_q[395]
    SLICE_X166Y43        FDCE                                         r  miner_system_i/miner_0/inst/g_engines[20].u_engine/core_block_q_reg[395]/D
  -------------------------------------------------------------------    -------------------

                         (clock clk_pl_0 rise edge)
                                                      0.000     0.000 r  <hidden>
    PS9_X0Y0             PS9                          0.000     0.000 r  miner_system_i/cips_0/inst/pspmc_0/inst/PS9_inst/PMCRCLKCLK[0]
                         net (fo=1, routed)           0.000     0.000    miner_system_i/cips_0/inst/pspmc_0/inst/pmc_pl_ref_clk[0]
    BUFG_PS_X0Y6         BUFG_PS (Prop_BUFG_PS_I_O)
                                                      0.080     0.080 r  miner_system_i/cips_0/inst/pspmc_0/inst/buffer_pl_clk_0.PL_CLK_0_BUFG/O
    X3Y1 (CLOCK_ROOT)    net (fo=113697, routed)      1.517     1.597    miner_system_i/miner_0/inst/g_engines[20].u_engine/s_axi_aclk
    SLICE_X166Y43        FDCE                                         r  miner_system_i/miner_0/inst/g_engines[20].u_engine/core_block_q_reg[395]/C
                         clock pessimism             -0.090     1.507    <hidden>
    SLICE_X166Y43        FDCE (Hold_FFF2_SLICEL_C_D)
                                                      0.034     1.541    miner_system_i/miner_0/inst/g_engines[20].u_engine/core_block_q_reg[395]
  -------------------------------------------------------------------
                         required time                         -1.541    <hidden>
                         arrival time                           1.552    <hidden>
  -------------------------------------------------------------------
                         slack                                  0.011    <hidden>





Pulse Width Checks
--------------------------------------------------------------------------------------
Clock Name:         clk_pl_0
Waveform(ns):       { 0.000 2.000 }
Period(ns):         4.000
Sources:            { miner_system_i/cips_0/inst/pspmc_0/inst/PS9_inst/PMCRCLKCLK[0] }

Check Type        Corner  Lib Pin          Reference Pin  Required(ns)  Actual(ns)  Slack(ns)  Location  Pin
Min Period        n/a     PS9/MAXIGP0ACLK  n/a            2.857         4.000       1.143      PS9_X0Y0  miner_system_i/cips_0/inst/pspmc_0/inst/PS9_inst/MAXIGP0ACLK
Low Pulse Width   Slow    PS9/MAXIGP0ACLK  n/a            1.429         2.000       0.571      PS9_X0Y0  miner_system_i/cips_0/inst/pspmc_0/inst/PS9_inst/MAXIGP0ACLK
High Pulse Width  Slow    PS9/MAXIGP0ACLK  n/a            1.429         2.000       0.571      PS9_X0Y0  miner_system_i/cips_0/inst/pspmc_0/inst/PS9_inst/MAXIGP0ACLK



---------------------------------------------------------------------------------------------------
From Clock:  lpddr4_clk1_clk_p
  To Clock:  lpddr4_clk1_clk_p

Setup :           NA  Failing Endpoints,  Worst Slack           NA  ,  Total Violation           NA
Hold  :           NA  Failing Endpoints,  Worst Slack           NA  ,  Total Violation           NA
PW    :            0  Failing Endpoints,  Worst Slack        2.109ns,  Total Violation        0.000ns
---------------------------------------------------------------------------------------------------


Pulse Width Checks
--------------------------------------------------------------------------------------
Clock Name:         lpddr4_clk1_clk_p
Waveform(ns):       { 0.000 2.500 }
Period(ns):         5.000
Sources:            { lpddr4_clk1_clk_p }

Check Type        Corner  Lib Pin     Reference Pin  Required(ns)  Actual(ns)  Slack(ns)  Location   Pin
Min Period        n/a     XPLL/CLKIN  n/a            1.017         5.000       3.983      XPLL_X2Y0  miner_system_i/ddr_noc/inst/MC0_ddrc/inst/noc_ddr4_phy/inst/u_xpll0_bank1/CLKIN
Max Period        n/a     XPLL/CLKIN  n/a            10.000        5.000       5.000      XPLL_X2Y0  miner_system_i/ddr_noc/inst/MC0_ddrc/inst/noc_ddr4_phy/inst/u_xpll0_bank1/CLKIN
Low Pulse Width   Slow    XPLL/CLKIN  n/a            0.391         2.500       2.109      XPLL_X2Y0  miner_system_i/ddr_noc/inst/MC0_ddrc/inst/noc_ddr4_phy/inst/u_xpll0_bank1/CLKIN
High Pulse Width  Slow    XPLL/CLKIN  n/a            0.391         2.500       2.109      XPLL_X2Y0  miner_system_i/ddr_noc/inst/MC0_ddrc/inst/noc_ddr4_phy/inst/u_xpll0_bank1/CLKIN



---------------------------------------------------------------------------------------------------
From Clock:  bank1_clkout0
  To Clock:  bank1_clkout0

Setup :           NA  Failing Endpoints,  Worst Slack           NA  ,  Total Violation           NA
Hold  :           NA  Failing Endpoints,  Worst Slack           NA  ,  Total Violation           NA
PW    :            0  Failing Endpoints,  Worst Slack        0.064ns,  Total Violation        0.000ns
---------------------------------------------------------------------------------------------------


Pulse Width Checks
--------------------------------------------------------------------------------------
Clock Name:         bank1_clkout0
Waveform(ns):       { 0.000 0.541 }
Period(ns):         1.081
Sources:            { miner_system_i/ddr_noc/inst/MC0_ddrc/inst/noc_ddr4_phy/inst/u_xpll0_bank1/CLKOUT0 }

Check Type        Corner  Lib Pin     Reference Pin  Required(ns)  Actual(ns)  Slack(ns)  Location   Pin
Min Period        n/a     XPLL/CLKIN  n/a            1.017         1.081       0.064      XPLL_X0Y0  miner_system_i/ddr_noc/inst/MC0_ddrc/inst/noc_ddr4_phy/inst/u_xpll0_bank0/CLKIN
Max Period        n/a     XPLL/CLKIN  n/a            10.000        1.081       8.919      XPLL_X0Y0  miner_system_i/ddr_noc/inst/MC0_ddrc/inst/noc_ddr4_phy/inst/u_xpll0_bank0/CLKIN
Low Pulse Width   Slow    XPLL/CLKIN  n/a            0.391         0.541       0.150      XPLL_X0Y0  miner_system_i/ddr_noc/inst/MC0_ddrc/inst/noc_ddr4_phy/inst/u_xpll0_bank0/CLKIN
High Pulse Width  Slow    XPLL/CLKIN  n/a            0.391         0.541       0.150      XPLL_X0Y0  miner_system_i/ddr_noc/inst/MC0_ddrc/inst/noc_ddr4_phy/inst/u_xpll0_bank0/CLKIN



---------------------------------------------------------------------------------------------------
From Clock:  pll_clktoxphy[0]
  To Clock:  pll_clktoxphy[0]

Setup :           NA  Failing Endpoints,  Worst Slack           NA  ,  Total Violation           NA
Hold  :           NA  Failing Endpoints,  Worst Slack           NA  ,  Total Violation           NA
PW    :            0  Failing Endpoints,  Worst Slack        0.016ns,  Total Violation        0.000ns
---------------------------------------------------------------------------------------------------


Pulse Width Checks
--------------------------------------------------------------------------------------
Clock Name:         pll_clktoxphy[0]
Waveform(ns):       { 0.000 0.135 }
Period(ns):         0.270
Sources:            { miner_system_i/ddr_noc/inst/MC0_ddrc/inst/noc_ddr4_phy/inst/u_xpll0_bank0/CLKOUTPHY }

Check Type        Corner  Lib Pin       Reference Pin  Required(ns)  Actual(ns)  Slack(ns)  Location   Pin
Min Period        n/a     XPHY/PLL_CLK  n/a            0.254         0.270       0.016      XPHY_X0Y0  miner_system_i/ddr_noc/inst/MC0_ddrc/inst/noc_ddr4_phy/inst/BANK_WRAPPER_INST0/NIBBLE[0].UNISIM.I_XPHY/PLL_CLK
Low Pulse Width   Slow    XPHY/PLL_CLK  n/a            0.102         0.135       0.033      XPHY_X0Y0  miner_system_i/ddr_noc/inst/MC0_ddrc/inst/noc_ddr4_phy/inst/BANK_WRAPPER_INST0/NIBBLE[0].UNISIM.I_XPHY/PLL_CLK
High Pulse Width  Slow    XPHY/PLL_CLK  n/a            0.102         0.135       0.033      XPHY_X0Y0  miner_system_i/ddr_noc/inst/MC0_ddrc/inst/noc_ddr4_phy/inst/BANK_WRAPPER_INST0/NIBBLE[0].UNISIM.I_XPHY/PLL_CLK



---------------------------------------------------------------------------------------------------
From Clock:  bank1_xpll0_fifo_rd_clk
  To Clock:  bank1_xpll0_fifo_rd_clk

Setup :           NA  Failing Endpoints,  Worst Slack           NA  ,  Total Violation           NA
Hold  :           NA  Failing Endpoints,  Worst Slack           NA  ,  Total Violation           NA
PW    :            0  Failing Endpoints,  Worst Slack        0.064ns,  Total Violation        0.000ns
---------------------------------------------------------------------------------------------------


Pulse Width Checks
--------------------------------------------------------------------------------------
Clock Name:         bank1_xpll0_fifo_rd_clk
Waveform(ns):       { 0.000 0.541 }
Period(ns):         1.081
Sources:            { miner_system_i/ddr_noc/inst/MC0_ddrc/inst/noc_ddr4_phy/inst/u_xpll0_bank1/CLKOUT2 }

Check Type        Corner  Lib Pin           Reference Pin  Required(ns)  Actual(ns)  Slack(ns)  Location   Pin
Min Period        n/a     XPLL/CLKOUT2      n/a            1.017         1.081       0.064      XPLL_X2Y0  miner_system_i/ddr_noc/inst/MC0_ddrc/inst/noc_ddr4_phy/inst/u_xpll0_bank1/CLKOUT2
Low Pulse Width   Slow    XPHY/FIFO_RD_CLK  n/a            0.406         0.541       0.135      XPHY_X0Y0  miner_system_i/ddr_noc/inst/MC0_ddrc/inst/noc_ddr4_phy/inst/BANK_WRAPPER_INST0/NIBBLE[0].UNISIM.I_XPHY/FIFO_RD_CLK
High Pulse Width  Slow    XPHY/FIFO_RD_CLK  n/a            0.406         0.541       0.135      XPHY_X0Y0  miner_system_i/ddr_noc/inst/MC0_ddrc/inst/noc_ddr4_phy/inst/BANK_WRAPPER_INST0/NIBBLE[0].UNISIM.I_XPHY/FIFO_RD_CLK



---------------------------------------------------------------------------------------------------
From Clock:  mc_clk_xpll
  To Clock:  mc_clk_xpll

Setup :           NA  Failing Endpoints,  Worst Slack           NA  ,  Total Violation           NA
Hold  :           NA  Failing Endpoints,  Worst Slack           NA  ,  Total Violation           NA
PW    :            0  Failing Endpoints,  Worst Slack        0.064ns,  Total Violation        0.000ns
---------------------------------------------------------------------------------------------------


Pulse Width Checks
--------------------------------------------------------------------------------------
Clock Name:         mc_clk_xpll
Waveform(ns):       { 0.000 0.541 }
Period(ns):         1.081
Sources:            { miner_system_i/ddr_noc/inst/MC0_ddrc/inst/noc_ddr4_phy/inst/u_xpll0_bank1/CLKOUT1 }

Check Type  Corner  Lib Pin       Reference Pin  Required(ns)  Actual(ns)  Slack(ns)  Location   Pin
Min Period  n/a     XPLL/CLKOUT1  n/a            1.017         1.081       0.064      XPLL_X2Y0  miner_system_i/ddr_noc/inst/MC0_ddrc/inst/noc_ddr4_phy/inst/u_xpll0_bank1/CLKOUT1



---------------------------------------------------------------------------------------------------
From Clock:  pll_clk_xpll
  To Clock:  pll_clk_xpll

Setup :           NA  Failing Endpoints,  Worst Slack           NA  ,  Total Violation           NA
Hold  :           NA  Failing Endpoints,  Worst Slack           NA  ,  Total Violation           NA
PW    :            0  Failing Endpoints,  Worst Slack        0.016ns,  Total Violation        0.000ns
---------------------------------------------------------------------------------------------------


Pulse Width Checks
--------------------------------------------------------------------------------------
Clock Name:         pll_clk_xpll
Waveform(ns):       { 0.000 0.135 }
Period(ns):         0.270
Sources:            { miner_system_i/ddr_noc/inst/MC0_ddrc/inst/noc_ddr4_phy/inst/u_xpll0_bank1/CLKOUTPHY }

Check Type        Corner  Lib Pin       Reference Pin  Required(ns)  Actual(ns)  Slack(ns)  Location   Pin
Min Period        n/a     XPHY/PLL_CLK  n/a            0.254         0.270       0.016      XPHY_X9Y0  miner_system_i/ddr_noc/inst/MC0_ddrc/inst/noc_ddr4_phy/inst/BANK_WRAPPER_INST1/NIBBLE[0].UNISIM.I_XPHY/PLL_CLK
Low Pulse Width   Slow    XPHY/PLL_CLK  n/a            0.102         0.135       0.033      XPHY_X9Y0  miner_system_i/ddr_noc/inst/MC0_ddrc/inst/noc_ddr4_phy/inst/BANK_WRAPPER_INST1/NIBBLE[0].UNISIM.I_XPHY/PLL_CLK
High Pulse Width  Slow    XPHY/PLL_CLK  n/a            0.102         0.135       0.033      XPHY_X9Y0  miner_system_i/ddr_noc/inst/MC0_ddrc/inst/noc_ddr4_phy/inst/BANK_WRAPPER_INST1/NIBBLE[0].UNISIM.I_XPHY/PLL_CLK



---------------------------------------------------------------------------------------------------
Path Group:  **async_default**
From Clock:  clk_pl_0
  To Clock:  clk_pl_0

Setup :            0  Failing Endpoints,  Worst Slack        1.575ns,  Total Violation        0.000ns
Hold  :            0  Failing Endpoints,  Worst Slack        0.931ns,  Total Violation        0.000ns
---------------------------------------------------------------------------------------------------


Max Delay Paths
--------------------------------------------------------------------------------------
Slack (MET) :             1.575ns  (required time - arrival time)
  Source:                 miner_system_i/rst_pl0/U0/ACTIVE_LOW_PR_OUT_DFF[0].FDRE_PER_N/C
                            (rising edge-triggered cell FDRE clocked by clk_pl_0  {rise@0.000ns fall@2.000ns period=4.000ns})
  Destination:            miner_system_i/miner_0/inst/g_engines[23].u_engine/u_core/u_core/t1_c_q_reg[28]/CLR
                            (recovery check against rising-edge clock clk_pl_0  {rise@0.000ns fall@2.000ns period=4.000ns})
  Path Group:             **async_default**
  Path Type:              Recovery (Max at Slow Process Corner)
  Requirement:            4.000ns  (clk_pl_0 rise@4.000ns - clk_pl_0 rise@0.000ns)
  Data Path Delay:        2.366ns  (logic 0.248ns (10.481%)  route 2.118ns (89.519%))
  Logic Levels:           1  (BUFG_FABRIC=1)
  Clock Path Skew:        0.123ns (DCD - SCD + CPR)
    Destination Clock Delay (DCD):    2.014ns = ( 6.014 - 4.000 ) 
    Source Clock Delay      (SCD):    1.943ns
    Clock Pessimism Removal (CPR):    0.052ns
  Clock Uncertainty:      0.074ns  (CJ)/2 + PE + PJ
    Clock Jitter             (CJ):    0.148ns
    Phase Error              (PE):    0.000ns
    Phase Jitter             (PJ):    0.000ns
  Clock Net Delay (Source):      1.840ns (routing 0.495ns, distribution 1.345ns)
  Clock Net Delay (Destination): 1.959ns (routing 0.447ns, distribution 1.512ns)

    Location             Delay type                Incr(ns)  Path(ns)    Netlist Resource(s)
  -------------------------------------------------------------------    -------------------
                         (clock clk_pl_0 rise edge)
                                                      0.000     0.000 r  <hidden>
    PS9_X0Y0             PS9                          0.000     0.000 r  miner_system_i/cips_0/inst/pspmc_0/inst/PS9_inst/PMCRCLKCLK[0]
                         net (fo=1, routed)           0.000     0.000    miner_system_i/cips_0/inst/pspmc_0/inst/pmc_pl_ref_clk[0]
    BUFG_PS_X0Y6         BUFG_PS (Prop_BUFG_PS_I_O)
                                                      0.103     0.103 r  miner_system_i/cips_0/inst/pspmc_0/inst/buffer_pl_clk_0.PL_CLK_0_BUFG/O
    X3Y1 (CLOCK_ROOT)    net (fo=113697, routed)      1.840     1.943    miner_system_i/rst_pl0/U0/slowest_sync_clk
    IRI_QUAD_X80Y213     FDRE                                         r  miner_system_i/rst_pl0/U0/ACTIVE_LOW_PR_OUT_DFF[0].FDRE_PER_N/C
  -------------------------------------------------------------------    -------------------
    IRI_QUAD_X80Y213     FDRE (Prop_IMUX4_IMR_IRI_QUAD_ODD_C_Q)
                                                      0.233     2.176 r  miner_system_i/rst_pl0/U0/ACTIVE_LOW_PR_OUT_DFF[0].FDRE_PER_N/Q
                         net (fo=1, routed)           0.304     2.480    miner_system_i/rst_pl0/U0/peripheral_aresetn[0]
    BUFG_FABRIC_X2Y12    BUFG_FABRIC (Prop_BUFG_FABRIC_I_O)
                                                      0.015     2.495 r  miner_system_i/rst_pl0/U0/peripheral_aresetn[0]_BUFG_inst/O
                         net (fo=112915, routed)      1.814     4.309    miner_system_i/miner_0/inst/g_engines[23].u_engine/u_core/u_core/round_q_reg[0]_0
    SLICE_X185Y99        FDCE                                         f  miner_system_i/miner_0/inst/g_engines[23].u_engine/u_core/u_core/t1_c_q_reg[28]/CLR  (IS_INVERTED)
  -------------------------------------------------------------------    -------------------

                         (clock clk_pl_0 rise edge)
                                                      4.000     4.000 r  <hidden>
    PS9_X0Y0             PS9                          0.000     4.000 r  miner_system_i/cips_0/inst/pspmc_0/inst/PS9_inst/PMCRCLKCLK[0]
                         net (fo=1, routed)           0.000     4.000    miner_system_i/cips_0/inst/pspmc_0/inst/pmc_pl_ref_clk[0]
    BUFG_PS_X0Y6         BUFG_PS (Prop_BUFG_PS_I_O)
                                                      0.055     4.055 r  miner_system_i/cips_0/inst/pspmc_0/inst/buffer_pl_clk_0.PL_CLK_0_BUFG/O
    X3Y1 (CLOCK_ROOT)    net (fo=113697, routed)      1.959     6.014    miner_system_i/miner_0/inst/g_engines[23].u_engine/u_core/u_core/s_axi_aclk
    SLICE_X185Y99        FDCE                                         r  miner_system_i/miner_0/inst/g_engines[23].u_engine/u_core/u_core/t1_c_q_reg[28]/C
                         clock pessimism              0.052     6.066    <hidden>
                         clock uncertainty           -0.074     5.992    <hidden>
    SLICE_X185Y99        FDCE (Recov_EFF2_SLICEM_C_CLR)
                                                     -0.108     5.884    miner_system_i/miner_0/inst/g_engines[23].u_engine/u_core/u_core/t1_c_q_reg[28]
  -------------------------------------------------------------------
                         required time                          5.884    <hidden>
                         arrival time                          -4.309    <hidden>
  -------------------------------------------------------------------
                         slack                                  1.575    <hidden>





Min Delay Paths
--------------------------------------------------------------------------------------
Slack (MET) :             0.931ns  (arrival time - required time)
  Source:                 miner_system_i/rst_pl0/U0/ACTIVE_LOW_PR_OUT_DFF[0].FDRE_PER_N/C
                            (rising edge-triggered cell FDRE clocked by clk_pl_0  {rise@0.000ns fall@2.000ns period=4.000ns})
  Destination:            miner_system_i/miner_0/inst/g_engines[23].u_engine/u_core/u_core/w_mem_reg[10][28]/CLR
                            (removal check against rising-edge clock clk_pl_0  {rise@0.000ns fall@2.000ns period=4.000ns})
  Path Group:             **async_default**
  Path Type:              Removal (Min at Fast Process Corner)
  Requirement:            0.000ns  (clk_pl_0 rise@0.000ns - clk_pl_0 rise@0.000ns)
  Data Path Delay:        1.360ns  (logic 0.104ns (7.649%)  route 1.256ns (92.351%))
  Logic Levels:           1  (BUFG_FABRIC=1)
  Clock Path Skew:        0.422ns (DCD - SCD - CPR)
    Destination Clock Delay (DCD):    1.698ns
    Source Clock Delay      (SCD):    1.233ns
    Clock Pessimism Removal (CPR):    0.044ns
  Clock Net Delay (Source):      1.191ns (routing 0.322ns, distribution 0.869ns)
  Clock Net Delay (Destination): 1.618ns (routing 0.368ns, distribution 1.250ns)

    Location             Delay type                Incr(ns)  Path(ns)    Netlist Resource(s)
  -------------------------------------------------------------------    -------------------
                         (clock clk_pl_0 rise edge)
                                                      0.000     0.000 r  <hidden>
    PS9_X0Y0             PS9                          0.000     0.000 r  miner_system_i/cips_0/inst/pspmc_0/inst/PS9_inst/PMCRCLKCLK[0]
                         net (fo=1, routed)           0.000     0.000    miner_system_i/cips_0/inst/pspmc_0/inst/pmc_pl_ref_clk[0]
    BUFG_PS_X0Y6         BUFG_PS (Prop_BUFG_PS_I_O)
                                                      0.042     0.042 r  miner_system_i/cips_0/inst/pspmc_0/inst/buffer_pl_clk_0.PL_CLK_0_BUFG/O
    X3Y1 (CLOCK_ROOT)    net (fo=113697, routed)      1.191     1.233    miner_system_i/rst_pl0/U0/slowest_sync_clk
    IRI_QUAD_X80Y213     FDRE                                         r  miner_system_i/rst_pl0/U0/ACTIVE_LOW_PR_OUT_DFF[0].FDRE_PER_N/C
  -------------------------------------------------------------------    -------------------
    IRI_QUAD_X80Y213     FDRE (Prop_IMUX4_IMR_IRI_QUAD_ODD_C_Q)
                                                      0.093     1.326 r  miner_system_i/rst_pl0/U0/ACTIVE_LOW_PR_OUT_DFF[0].FDRE_PER_N/Q
                         net (fo=1, routed)           0.086     1.412    miner_system_i/rst_pl0/U0/peripheral_aresetn[0]
    BUFG_FABRIC_X2Y12    BUFG_FABRIC (Prop_BUFG_FABRIC_I_O)
                                                      0.011     1.423 r  miner_system_i/rst_pl0/U0/peripheral_aresetn[0]_BUFG_inst/O
                         net (fo=112915, routed)      1.170     2.593    miner_system_i/miner_0/inst/g_engines[23].u_engine/u_core/u_core/round_q_reg[0]_0
    SLICE_X186Y99        FDCE                                         f  miner_system_i/miner_0/inst/g_engines[23].u_engine/u_core/u_core/w_mem_reg[10][28]/CLR  (IS_INVERTED)
  -------------------------------------------------------------------    -------------------

                         (clock clk_pl_0 rise edge)
                                                      0.000     0.000 r  <hidden>
    PS9_X0Y0             PS9                          0.000     0.000 r  miner_system_i/cips_0/inst/pspmc_0/inst/PS9_inst/PMCRCLKCLK[0]
                         net (fo=1, routed)           0.000     0.000    miner_system_i/cips_0/inst/pspmc_0/inst/pmc_pl_ref_clk[0]
    BUFG_PS_X0Y6         BUFG_PS (Prop_BUFG_PS_I_O)
                                                      0.080     0.080 r  miner_system_i/cips_0/inst/pspmc_0/inst/buffer_pl_clk_0.PL_CLK_0_BUFG/O
    X3Y1 (CLOCK_ROOT)    net (fo=113697, routed)      1.618     1.698    miner_system_i/miner_0/inst/g_engines[23].u_engine/u_core/u_core/s_axi_aclk
    SLICE_X186Y99        FDCE                                         r  miner_system_i/miner_0/inst/g_engines[23].u_engine/u_core/u_core/w_mem_reg[10][28]/C
                         clock pessimism             -0.044     1.655    <hidden>
    SLICE_X186Y99        FDCE (Remov_AFF_SLICEL_C_CLR)
                                                      0.007     1.662    miner_system_i/miner_0/inst/g_engines[23].u_engine/u_core/u_core/w_mem_reg[10][28]
  -------------------------------------------------------------------
                         required time                         -1.662    <hidden>
                         arrival time                           2.593    <hidden>
  -------------------------------------------------------------------
                         slack                                  0.931    <hidden>





