Copyright 1986-2022 Xilinx, Inc. All Rights Reserved. Copyright 2022-2026 Advanced Micro Devices, Inc. All Rights Reserved.
---------------------------------------------------------------------------------------------------------------------------------------------
| Tool Version : Vivado v.2026.1 (lin64) Build 6511674 Tue Jun 16 11:01:26 MDT 2026
| Date         : Tue Aug 11 01:17:44 2026
| Host         : YouBing running 64-bit Ubuntu 24.04.4 LTS
| Command      : report_utilization -file /raid/work/vek280_bitcoin_miner/reports/impl_vek280/utilization_impl.rpt -hierarchical
| Design       : miner_system_wrapper
| Device       : xcve2802-vsvh1760-2MP-e-S
| Speed File   : -2MP
| Design State : Routed
---------------------------------------------------------------------------------------------------------------------------------------------

Utilization Design Information

Table of Contents
-----------------
1. Utilization by Hierarchy

1. Utilization by Hierarchy
---------------------------

+--------------------------------------------+----------------------------------------------------------------------+------------+------------+---------+------+--------+--------+--------+------+------------+
|                  Instance                  |                                Module                                | Total LUTs | Logic LUTs | LUTRAMs | SRLs |   FFs  | RAMB36 | RAMB18 | URAM | DSP Blocks |
+--------------------------------------------+----------------------------------------------------------------------+------------+------------+---------+------+--------+--------+--------+------+------------+
| miner_system_wrapper                       |                                                                (top) |      88208 |      88207 |       0 |    1 | 113694 |      0 |      0 |    0 |          0 |
|   miner_system_i                           |                                                         miner_system |      88208 |      88207 |       0 |    1 | 113694 |      0 |      0 |    0 |          0 |
|     miner_0                                |                                               miner_system_miner_0_0 |      87632 |      87632 |       0 |    0 | 112920 |      0 |      0 |    0 |          0 |
|       inst                                 |                             miner_system_miner_0_0_bitcoin_miner_axi |      87632 |      87632 |       0 |    0 | 112920 |      0 |      0 |    0 |          0 |
|         (inst)                             |                             miner_system_miner_0_0_bitcoin_miner_axi |       3164 |       3164 |       0 |    0 |   3217 |      0 |      0 |    0 |          0 |
|         g_clusters[0].u_result_fifo        |                   miner_system_miner_0_0_bitcoin_result_cluster_fifo |        161 |        161 |       0 |    0 |    593 |      0 |      0 |    0 |          0 |
|         g_engines[0].u_engine              |                           miner_system_miner_0_0_bitcoin_hash_engine |       2533 |       2533 |       0 |    0 |   3406 |      0 |      0 |    0 |          0 |
|           (g_engines[0].u_engine)          |                           miner_system_miner_0_0_bitcoin_hash_engine |       1055 |       1055 |       0 |    0 |   1757 |      0 |      0 |    0 |          0 |
|           u_core                           |                         miner_system_miner_0_0_sha256_core_fabric_91 |       1478 |       1478 |       0 |    0 |   1649 |      0 |      0 |    0 |          0 |
|             u_core                         |                      miner_system_miner_0_0_sha256_core_iterative_92 |       1478 |       1478 |       0 |    0 |   1649 |      0 |      0 |    0 |          0 |
|         g_engines[10].u_engine             |                         miner_system_miner_0_0_bitcoin_hash_engine_0 |       5056 |       5056 |       0 |    0 |   3413 |      0 |      0 |    0 |          0 |
|           (g_engines[10].u_engine)         |                         miner_system_miner_0_0_bitcoin_hash_engine_0 |       3580 |       3580 |       0 |    0 |   1764 |      0 |      0 |    0 |          0 |
|           u_core                           |                         miner_system_miner_0_0_sha256_core_fabric_89 |       1476 |       1476 |       0 |    0 |   1649 |      0 |      0 |    0 |          0 |
|             u_core                         |                      miner_system_miner_0_0_sha256_core_iterative_90 |       1476 |       1476 |       0 |    0 |   1649 |      0 |      0 |    0 |          0 |
|         g_engines[11].u_engine             |                         miner_system_miner_0_0_bitcoin_hash_engine_1 |       2568 |       2568 |       0 |    0 |   3412 |      0 |      0 |    0 |          0 |
|           (g_engines[11].u_engine)         |                         miner_system_miner_0_0_bitcoin_hash_engine_1 |       1091 |       1091 |       0 |    0 |   1763 |      0 |      0 |    0 |          0 |
|           u_core                           |                         miner_system_miner_0_0_sha256_core_fabric_87 |       1477 |       1477 |       0 |    0 |   1649 |      0 |      0 |    0 |          0 |
|             u_core                         |                      miner_system_miner_0_0_sha256_core_iterative_88 |       1477 |       1477 |       0 |    0 |   1649 |      0 |      0 |    0 |          0 |
|         g_engines[12].u_engine             |                         miner_system_miner_0_0_bitcoin_hash_engine_2 |       2576 |       2576 |       0 |    0 |   3413 |      0 |      0 |    0 |          0 |
|           (g_engines[12].u_engine)         |                         miner_system_miner_0_0_bitcoin_hash_engine_2 |       1098 |       1098 |       0 |    0 |   1764 |      0 |      0 |    0 |          0 |
|           u_core                           |                         miner_system_miner_0_0_sha256_core_fabric_85 |       1478 |       1478 |       0 |    0 |   1649 |      0 |      0 |    0 |          0 |
|             u_core                         |                      miner_system_miner_0_0_sha256_core_iterative_86 |       1478 |       1478 |       0 |    0 |   1649 |      0 |      0 |    0 |          0 |
|         g_engines[13].u_engine             |                         miner_system_miner_0_0_bitcoin_hash_engine_3 |       2534 |       2534 |       0 |    0 |   3406 |      0 |      0 |    0 |          0 |
|           (g_engines[13].u_engine)         |                         miner_system_miner_0_0_bitcoin_hash_engine_3 |       1055 |       1055 |       0 |    0 |   1757 |      0 |      0 |    0 |          0 |
|           u_core                           |                         miner_system_miner_0_0_sha256_core_fabric_83 |       1479 |       1479 |       0 |    0 |   1649 |      0 |      0 |    0 |          0 |
|             u_core                         |                      miner_system_miner_0_0_sha256_core_iterative_84 |       1479 |       1479 |       0 |    0 |   1649 |      0 |      0 |    0 |          0 |
|         g_engines[14].u_engine             |                         miner_system_miner_0_0_bitcoin_hash_engine_4 |       2541 |       2541 |       0 |    0 |   3413 |      0 |      0 |    0 |          0 |
|           (g_engines[14].u_engine)         |                         miner_system_miner_0_0_bitcoin_hash_engine_4 |       1062 |       1062 |       0 |    0 |   1764 |      0 |      0 |    0 |          0 |
|           u_core                           |                         miner_system_miner_0_0_sha256_core_fabric_81 |       1479 |       1479 |       0 |    0 |   1649 |      0 |      0 |    0 |          0 |
|             u_core                         |                      miner_system_miner_0_0_sha256_core_iterative_82 |       1479 |       1479 |       0 |    0 |   1649 |      0 |      0 |    0 |          0 |
|         g_engines[15].u_engine             |                         miner_system_miner_0_0_bitcoin_hash_engine_5 |       2545 |       2545 |       0 |    0 |   3412 |      0 |      0 |    0 |          0 |
|           (g_engines[15].u_engine)         |                         miner_system_miner_0_0_bitcoin_hash_engine_5 |       1068 |       1068 |       0 |    0 |   1763 |      0 |      0 |    0 |          0 |
|           u_core                           |                         miner_system_miner_0_0_sha256_core_fabric_79 |       1477 |       1477 |       0 |    0 |   1649 |      0 |      0 |    0 |          0 |
|             u_core                         |                      miner_system_miner_0_0_sha256_core_iterative_80 |       1477 |       1477 |       0 |    0 |   1649 |      0 |      0 |    0 |          0 |
|         g_engines[16].u_engine             |                         miner_system_miner_0_0_bitcoin_hash_engine_6 |       2847 |       2847 |       0 |    0 |   3412 |      0 |      0 |    0 |          0 |
|           (g_engines[16].u_engine)         |                         miner_system_miner_0_0_bitcoin_hash_engine_6 |       1368 |       1368 |       0 |    0 |   1763 |      0 |      0 |    0 |          0 |
|           u_core                           |                         miner_system_miner_0_0_sha256_core_fabric_77 |       1479 |       1479 |       0 |    0 |   1649 |      0 |      0 |    0 |          0 |
|             u_core                         |                      miner_system_miner_0_0_sha256_core_iterative_78 |       1479 |       1479 |       0 |    0 |   1649 |      0 |      0 |    0 |          0 |
|         g_engines[17].u_engine             |                         miner_system_miner_0_0_bitcoin_hash_engine_7 |       2575 |       2575 |       0 |    0 |   3412 |      0 |      0 |    0 |          0 |
|           (g_engines[17].u_engine)         |                         miner_system_miner_0_0_bitcoin_hash_engine_7 |       1098 |       1098 |       0 |    0 |   1763 |      0 |      0 |    0 |          0 |
|           u_core                           |                         miner_system_miner_0_0_sha256_core_fabric_75 |       1477 |       1477 |       0 |    0 |   1649 |      0 |      0 |    0 |          0 |
|             u_core                         |                      miner_system_miner_0_0_sha256_core_iterative_76 |       1477 |       1477 |       0 |    0 |   1649 |      0 |      0 |    0 |          0 |
|         g_engines[18].u_engine             |                         miner_system_miner_0_0_bitcoin_hash_engine_8 |       2537 |       2537 |       0 |    0 |   3413 |      0 |      0 |    0 |          0 |
|           (g_engines[18].u_engine)         |                         miner_system_miner_0_0_bitcoin_hash_engine_8 |       1059 |       1059 |       0 |    0 |   1764 |      0 |      0 |    0 |          0 |
|           u_core                           |                         miner_system_miner_0_0_sha256_core_fabric_73 |       1478 |       1478 |       0 |    0 |   1649 |      0 |      0 |    0 |          0 |
|             u_core                         |                      miner_system_miner_0_0_sha256_core_iterative_74 |       1478 |       1478 |       0 |    0 |   1649 |      0 |      0 |    0 |          0 |
|         g_engines[19].u_engine             |                         miner_system_miner_0_0_bitcoin_hash_engine_9 |       2539 |       2539 |       0 |    0 |   3412 |      0 |      0 |    0 |          0 |
|           (g_engines[19].u_engine)         |                         miner_system_miner_0_0_bitcoin_hash_engine_9 |       1061 |       1061 |       0 |    0 |   1763 |      0 |      0 |    0 |          0 |
|           u_core                           |                         miner_system_miner_0_0_sha256_core_fabric_71 |       1478 |       1478 |       0 |    0 |   1649 |      0 |      0 |    0 |          0 |
|             u_core                         |                      miner_system_miner_0_0_sha256_core_iterative_72 |       1478 |       1478 |       0 |    0 |   1649 |      0 |      0 |    0 |          0 |
|         g_engines[1].u_engine              |                        miner_system_miner_0_0_bitcoin_hash_engine_10 |       2536 |       2536 |       0 |    0 |   3407 |      0 |      0 |    0 |          0 |
|           (g_engines[1].u_engine)          |                        miner_system_miner_0_0_bitcoin_hash_engine_10 |       1058 |       1058 |       0 |    0 |   1758 |      0 |      0 |    0 |          0 |
|           u_core                           |                         miner_system_miner_0_0_sha256_core_fabric_69 |       1478 |       1478 |       0 |    0 |   1649 |      0 |      0 |    0 |          0 |
|             u_core                         |                      miner_system_miner_0_0_sha256_core_iterative_70 |       1478 |       1478 |       0 |    0 |   1649 |      0 |      0 |    0 |          0 |
|         g_engines[20].u_engine             |                        miner_system_miner_0_0_bitcoin_hash_engine_11 |       2536 |       2536 |       0 |    0 |   3412 |      0 |      0 |    0 |          0 |
|           (g_engines[20].u_engine)         |                        miner_system_miner_0_0_bitcoin_hash_engine_11 |       1059 |       1059 |       0 |    0 |   1763 |      0 |      0 |    0 |          0 |
|           u_core                           |                         miner_system_miner_0_0_sha256_core_fabric_67 |       1477 |       1477 |       0 |    0 |   1649 |      0 |      0 |    0 |          0 |
|             u_core                         |                      miner_system_miner_0_0_sha256_core_iterative_68 |       1477 |       1477 |       0 |    0 |   1649 |      0 |      0 |    0 |          0 |
|         g_engines[21].u_engine             |                        miner_system_miner_0_0_bitcoin_hash_engine_12 |       2541 |       2541 |       0 |    0 |   3406 |      0 |      0 |    0 |          0 |
|           (g_engines[21].u_engine)         |                        miner_system_miner_0_0_bitcoin_hash_engine_12 |       1064 |       1064 |       0 |    0 |   1757 |      0 |      0 |    0 |          0 |
|           u_core                           |                         miner_system_miner_0_0_sha256_core_fabric_65 |       1477 |       1477 |       0 |    0 |   1649 |      0 |      0 |    0 |          0 |
|             u_core                         |                      miner_system_miner_0_0_sha256_core_iterative_66 |       1477 |       1477 |       0 |    0 |   1649 |      0 |      0 |    0 |          0 |
|         g_engines[22].u_engine             |                        miner_system_miner_0_0_bitcoin_hash_engine_13 |       2537 |       2537 |       0 |    0 |   3406 |      0 |      0 |    0 |          0 |
|           (g_engines[22].u_engine)         |                        miner_system_miner_0_0_bitcoin_hash_engine_13 |       1058 |       1058 |       0 |    0 |   1757 |      0 |      0 |    0 |          0 |
|           u_core                           |                         miner_system_miner_0_0_sha256_core_fabric_63 |       1479 |       1479 |       0 |    0 |   1649 |      0 |      0 |    0 |          0 |
|             u_core                         |                      miner_system_miner_0_0_sha256_core_iterative_64 |       1479 |       1479 |       0 |    0 |   1649 |      0 |      0 |    0 |          0 |
|         g_engines[23].u_engine             |                        miner_system_miner_0_0_bitcoin_hash_engine_14 |       2534 |       2534 |       0 |    0 |   3406 |      0 |      0 |    0 |          0 |
|           (g_engines[23].u_engine)         |                        miner_system_miner_0_0_bitcoin_hash_engine_14 |       1057 |       1057 |       0 |    0 |   1757 |      0 |      0 |    0 |          0 |
|           u_core                           |                         miner_system_miner_0_0_sha256_core_fabric_61 |       1477 |       1477 |       0 |    0 |   1649 |      0 |      0 |    0 |          0 |
|             u_core                         |                      miner_system_miner_0_0_sha256_core_iterative_62 |       1477 |       1477 |       0 |    0 |   1649 |      0 |      0 |    0 |          0 |
|         g_engines[24].u_engine             |                        miner_system_miner_0_0_bitcoin_hash_engine_15 |       2548 |       2548 |       0 |    0 |   3413 |      0 |      0 |    0 |          0 |
|           (g_engines[24].u_engine)         |                        miner_system_miner_0_0_bitcoin_hash_engine_15 |       1071 |       1071 |       0 |    0 |   1764 |      0 |      0 |    0 |          0 |
|           u_core                           |                         miner_system_miner_0_0_sha256_core_fabric_59 |       1477 |       1477 |       0 |    0 |   1649 |      0 |      0 |    0 |          0 |
|             u_core                         |                      miner_system_miner_0_0_sha256_core_iterative_60 |       1477 |       1477 |       0 |    0 |   1649 |      0 |      0 |    0 |          0 |
|         g_engines[25].u_engine             |                        miner_system_miner_0_0_bitcoin_hash_engine_16 |       2537 |       2537 |       0 |    0 |   3412 |      0 |      0 |    0 |          0 |
|           (g_engines[25].u_engine)         |                        miner_system_miner_0_0_bitcoin_hash_engine_16 |       1059 |       1059 |       0 |    0 |   1763 |      0 |      0 |    0 |          0 |
|           u_core                           |                         miner_system_miner_0_0_sha256_core_fabric_57 |       1478 |       1478 |       0 |    0 |   1649 |      0 |      0 |    0 |          0 |
|             u_core                         |                      miner_system_miner_0_0_sha256_core_iterative_58 |       1478 |       1478 |       0 |    0 |   1649 |      0 |      0 |    0 |          0 |
|         g_engines[26].u_engine             |                        miner_system_miner_0_0_bitcoin_hash_engine_17 |       2571 |       2571 |       0 |    0 |   3412 |      0 |      0 |    0 |          0 |
|           (g_engines[26].u_engine)         |                        miner_system_miner_0_0_bitcoin_hash_engine_17 |       1093 |       1093 |       0 |    0 |   1763 |      0 |      0 |    0 |          0 |
|           u_core                           |                         miner_system_miner_0_0_sha256_core_fabric_55 |       1478 |       1478 |       0 |    0 |   1649 |      0 |      0 |    0 |          0 |
|             u_core                         |                      miner_system_miner_0_0_sha256_core_iterative_56 |       1478 |       1478 |       0 |    0 |   1649 |      0 |      0 |    0 |          0 |
|         g_engines[27].u_engine             |                        miner_system_miner_0_0_bitcoin_hash_engine_18 |       2577 |       2577 |       0 |    0 |   3412 |      0 |      0 |    0 |          0 |
|           (g_engines[27].u_engine)         |                        miner_system_miner_0_0_bitcoin_hash_engine_18 |       1098 |       1098 |       0 |    0 |   1763 |      0 |      0 |    0 |          0 |
|           u_core                           |                         miner_system_miner_0_0_sha256_core_fabric_53 |       1479 |       1479 |       0 |    0 |   1649 |      0 |      0 |    0 |          0 |
|             u_core                         |                      miner_system_miner_0_0_sha256_core_iterative_54 |       1479 |       1479 |       0 |    0 |   1649 |      0 |      0 |    0 |          0 |
|         g_engines[28].u_engine             |                        miner_system_miner_0_0_bitcoin_hash_engine_19 |       2536 |       2536 |       0 |    0 |   3412 |      0 |      0 |    0 |          0 |
|           (g_engines[28].u_engine)         |                        miner_system_miner_0_0_bitcoin_hash_engine_19 |       1058 |       1058 |       0 |    0 |   1763 |      0 |      0 |    0 |          0 |
|           u_core                           |                         miner_system_miner_0_0_sha256_core_fabric_51 |       1478 |       1478 |       0 |    0 |   1649 |      0 |      0 |    0 |          0 |
|             u_core                         |                      miner_system_miner_0_0_sha256_core_iterative_52 |       1478 |       1478 |       0 |    0 |   1649 |      0 |      0 |    0 |          0 |
|         g_engines[29].u_engine             |                        miner_system_miner_0_0_bitcoin_hash_engine_20 |       2540 |       2540 |       0 |    0 |   3412 |      0 |      0 |    0 |          0 |
|           (g_engines[29].u_engine)         |                        miner_system_miner_0_0_bitcoin_hash_engine_20 |       1061 |       1061 |       0 |    0 |   1763 |      0 |      0 |    0 |          0 |
|           u_core                           |                         miner_system_miner_0_0_sha256_core_fabric_49 |       1479 |       1479 |       0 |    0 |   1649 |      0 |      0 |    0 |          0 |
|             u_core                         |                      miner_system_miner_0_0_sha256_core_iterative_50 |       1479 |       1479 |       0 |    0 |   1649 |      0 |      0 |    0 |          0 |
|         g_engines[2].u_engine              |                        miner_system_miner_0_0_bitcoin_hash_engine_21 |       2564 |       2564 |       0 |    0 |   3406 |      0 |      0 |    0 |          0 |
|           (g_engines[2].u_engine)          |                        miner_system_miner_0_0_bitcoin_hash_engine_21 |       1087 |       1087 |       0 |    0 |   1757 |      0 |      0 |    0 |          0 |
|           u_core                           |                         miner_system_miner_0_0_sha256_core_fabric_47 |       1477 |       1477 |       0 |    0 |   1649 |      0 |      0 |    0 |          0 |
|             u_core                         |                      miner_system_miner_0_0_sha256_core_iterative_48 |       1477 |       1477 |       0 |    0 |   1649 |      0 |      0 |    0 |          0 |
|         g_engines[30].u_engine             |                        miner_system_miner_0_0_bitcoin_hash_engine_22 |       2533 |       2533 |       0 |    0 |   3406 |      0 |      0 |    0 |          0 |
|           (g_engines[30].u_engine)         |                        miner_system_miner_0_0_bitcoin_hash_engine_22 |       1054 |       1054 |       0 |    0 |   1757 |      0 |      0 |    0 |          0 |
|           u_core                           |                         miner_system_miner_0_0_sha256_core_fabric_45 |       1479 |       1479 |       0 |    0 |   1649 |      0 |      0 |    0 |          0 |
|             u_core                         |                      miner_system_miner_0_0_sha256_core_iterative_46 |       1479 |       1479 |       0 |    0 |   1649 |      0 |      0 |    0 |          0 |
|         g_engines[31].u_engine             |                        miner_system_miner_0_0_bitcoin_hash_engine_23 |       2572 |       2572 |       0 |    0 |   3406 |      0 |      0 |    0 |          0 |
|           (g_engines[31].u_engine)         |                        miner_system_miner_0_0_bitcoin_hash_engine_23 |       1092 |       1092 |       0 |    0 |   1757 |      0 |      0 |    0 |          0 |
|           u_core                           |                         miner_system_miner_0_0_sha256_core_fabric_43 |       1480 |       1480 |       0 |    0 |   1649 |      0 |      0 |    0 |          0 |
|             u_core                         |                      miner_system_miner_0_0_sha256_core_iterative_44 |       1480 |       1480 |       0 |    0 |   1649 |      0 |      0 |    0 |          0 |
|         g_engines[3].u_engine              |                        miner_system_miner_0_0_bitcoin_hash_engine_24 |       2581 |       2581 |       0 |    0 |   3407 |      0 |      0 |    0 |          0 |
|           (g_engines[3].u_engine)          |                        miner_system_miner_0_0_bitcoin_hash_engine_24 |       1104 |       1104 |       0 |    0 |   1758 |      0 |      0 |    0 |          0 |
|           u_core                           |                         miner_system_miner_0_0_sha256_core_fabric_41 |       1477 |       1477 |       0 |    0 |   1649 |      0 |      0 |    0 |          0 |
|             u_core                         |                      miner_system_miner_0_0_sha256_core_iterative_42 |       1477 |       1477 |       0 |    0 |   1649 |      0 |      0 |    0 |          0 |
|         g_engines[4].u_engine              |                        miner_system_miner_0_0_bitcoin_hash_engine_25 |       2533 |       2533 |       0 |    0 |   3406 |      0 |      0 |    0 |          0 |
|           (g_engines[4].u_engine)          |                        miner_system_miner_0_0_bitcoin_hash_engine_25 |       1056 |       1056 |       0 |    0 |   1757 |      0 |      0 |    0 |          0 |
|           u_core                           |                         miner_system_miner_0_0_sha256_core_fabric_39 |       1477 |       1477 |       0 |    0 |   1649 |      0 |      0 |    0 |          0 |
|             u_core                         |                      miner_system_miner_0_0_sha256_core_iterative_40 |       1477 |       1477 |       0 |    0 |   1649 |      0 |      0 |    0 |          0 |
|         g_engines[5].u_engine              |                        miner_system_miner_0_0_bitcoin_hash_engine_26 |       2541 |       2541 |       0 |    0 |   3412 |      0 |      0 |    0 |          0 |
|           (g_engines[5].u_engine)          |                        miner_system_miner_0_0_bitcoin_hash_engine_26 |       1064 |       1064 |       0 |    0 |   1763 |      0 |      0 |    0 |          0 |
|           u_core                           |                         miner_system_miner_0_0_sha256_core_fabric_37 |       1477 |       1477 |       0 |    0 |   1649 |      0 |      0 |    0 |          0 |
|             u_core                         |                      miner_system_miner_0_0_sha256_core_iterative_38 |       1477 |       1477 |       0 |    0 |   1649 |      0 |      0 |    0 |          0 |
|         g_engines[6].u_engine              |                        miner_system_miner_0_0_bitcoin_hash_engine_27 |       2534 |       2534 |       0 |    0 |   3406 |      0 |      0 |    0 |          0 |
|           (g_engines[6].u_engine)          |                        miner_system_miner_0_0_bitcoin_hash_engine_27 |       1055 |       1055 |       0 |    0 |   1757 |      0 |      0 |    0 |          0 |
|           u_core                           |                         miner_system_miner_0_0_sha256_core_fabric_35 |       1479 |       1479 |       0 |    0 |   1649 |      0 |      0 |    0 |          0 |
|             u_core                         |                      miner_system_miner_0_0_sha256_core_iterative_36 |       1479 |       1479 |       0 |    0 |   1649 |      0 |      0 |    0 |          0 |
|         g_engines[7].u_engine              |                        miner_system_miner_0_0_bitcoin_hash_engine_28 |       2538 |       2538 |       0 |    0 |   3408 |      0 |      0 |    0 |          0 |
|           (g_engines[7].u_engine)          |                        miner_system_miner_0_0_bitcoin_hash_engine_28 |       1060 |       1060 |       0 |    0 |   1759 |      0 |      0 |    0 |          0 |
|           u_core                           |                         miner_system_miner_0_0_sha256_core_fabric_33 |       1478 |       1478 |       0 |    0 |   1649 |      0 |      0 |    0 |          0 |
|             u_core                         |                      miner_system_miner_0_0_sha256_core_iterative_34 |       1478 |       1478 |       0 |    0 |   1649 |      0 |      0 |    0 |          0 |
|         g_engines[8].u_engine              |                        miner_system_miner_0_0_bitcoin_hash_engine_29 |       2533 |       2533 |       0 |    0 |   3407 |      0 |      0 |    0 |          0 |
|           (g_engines[8].u_engine)          |                        miner_system_miner_0_0_bitcoin_hash_engine_29 |       1056 |       1056 |       0 |    0 |   1758 |      0 |      0 |    0 |          0 |
|           u_core                           |                         miner_system_miner_0_0_sha256_core_fabric_31 |       1477 |       1477 |       0 |    0 |   1649 |      0 |      0 |    0 |          0 |
|             u_core                         |                      miner_system_miner_0_0_sha256_core_iterative_32 |       1477 |       1477 |       0 |    0 |   1649 |      0 |      0 |    0 |          0 |
|         g_engines[9].u_engine              |                        miner_system_miner_0_0_bitcoin_hash_engine_30 |       2535 |       2535 |       0 |    0 |   3412 |      0 |      0 |    0 |          0 |
|           (g_engines[9].u_engine)          |                        miner_system_miner_0_0_bitcoin_hash_engine_30 |       1057 |       1057 |       0 |    0 |   1763 |      0 |      0 |    0 |          0 |
|           u_core                           |                            miner_system_miner_0_0_sha256_core_fabric |       1478 |       1478 |       0 |    0 |   1649 |      0 |      0 |    0 |          0 |
|             u_core                         |                         miner_system_miner_0_0_sha256_core_iterative |       1478 |       1478 |       0 |    0 |   1649 |      0 |      0 |    0 |          0 |
|     axi_smc                                |                                               miner_system_axi_smc_0 |        561 |        561 |       0 |    0 |    740 |      0 |      0 |    0 |          0 |
|       inst                                 |                                       miner_system_axi_smc_0_bd_0e69 |        561 |        561 |       0 |    0 |    740 |      0 |      0 |    0 |          0 |
|         sc_ul                              |                               miner_system_axi_smc_0_bd_0e69_sc_ul_0 |        561 |        561 |       0 |    0 |    740 |      0 |      0 |    0 |          0 |
|           inst                             |                       miner_system_axi_smc_0_sc_ultralite_v1_0_1_top |        561 |        561 |       0 |    0 |    740 |      0 |      0 |    0 |          0 |
|             gen_axi_full_nxm.sasd_inst     |                 miner_system_axi_smc_0_sc_ultralite_v1_0_1_sasd_lite |        561 |        561 |       0 |    0 |    738 |      0 |      0 |    0 |          0 |
|               (gen_axi_full_nxm.sasd_inst) |                 miner_system_axi_smc_0_sc_ultralite_v1_0_1_sasd_lite |        136 |        136 |       0 |    0 |    477 |      0 |      0 |    0 |          0 |
|               gen_read.arctrl_mux          |   miner_system_axi_smc_0_sc_ultralite_v1_0_1_mux_hot__parameterized5 |        115 |        115 |       0 |    0 |     13 |      0 |      0 |    0 |          0 |
|               gen_write.awctrl_mux         | miner_system_axi_smc_0_sc_ultralite_v1_0_1_mux_hot__parameterized5_1 |        115 |        115 |       0 |    0 |     13 |      0 |      0 |    0 |          0 |
|               gen_write.wdata_mux          |   miner_system_axi_smc_0_sc_ultralite_v1_0_1_mux_hot__parameterized1 |         48 |         48 |       0 |    0 |    128 |      0 |      0 |    0 |          0 |
+--------------------------------------------+----------------------------------------------------------------------+------------+------------+---------+------+--------+--------+--------+------+------------+
* Note: The sum of lower-level cells may be larger than their parent cells total, due to cross-hierarchy LUT combining


