Copyright 1986-2022 Xilinx, Inc. All Rights Reserved. Copyright 2022-2026 Advanced Micro Devices, Inc. All Rights Reserved.
---------------------------------------------------------------------------------------------------------------------------------------------
| Tool Version : Vivado v.2026.1 (lin64) Build 6511674 Tue Jun 16 11:01:26 MDT 2026
| Date         : Tue Aug 11 19:13:36 2026
| Host         : NiuBi running 64-bit Ubuntu 24.04.4 LTS
| Command      : report_utilization -file /raid/work/vek280_bitcoin_miner/reports/impl_vek280/utilization_impl.rpt -hierarchical
| Design       : miner_system_wrapper
| Device       : xcve2802-vsvh1760-2MP-e-S
| Speed File   : -2MP
| Design State : Routed
---------------------------------------------------------------------------------------------------------------------------------------------

Utilization Design Information

Table of Contents
-----------------
1. Utilization by Hierarchy

1. Utilization by Hierarchy
---------------------------

+--------------------------------------------+-----------------------------------------------------------------------------------+------------+------------+---------+------+--------+--------+--------+------+------------+
|                  Instance                  |                                       Module                                      | Total LUTs | Logic LUTs | LUTRAMs | SRLs |   FFs  | RAMB36 | RAMB18 | URAM | DSP Blocks |
+--------------------------------------------+-----------------------------------------------------------------------------------+------------+------------+---------+------+--------+--------+--------+------+------------+
| miner_system_wrapper                       |                                                                             (top) |      84985 |      84984 |       0 |    1 | 124170 |      0 |      0 |    0 |          0 |
|   miner_system_i                           |                                                                      miner_system |      84985 |      84984 |       0 |    1 | 124170 |      0 |      0 |    0 |          0 |
|     miner_0                                |                                                            miner_system_miner_0_0 |      84463 |      84463 |       0 |    0 | 123386 |      0 |      0 |    0 |          0 |
|       inst                                 |                                       miner_system_miner_0_0_bitcoin_miner_axi_32 |      84463 |      84463 |       0 |    0 | 123386 |      0 |      0 |    0 |          0 |
|         u_core                             |                                                 miner_system_miner_0_0_u_core_mod |       2048 |       2048 |       0 |    0 |      0 |      0 |      0 |    0 |          0 |
|         u_miner                            |                                          miner_system_miner_0_0_bitcoin_miner_axi |      82415 |      82415 |       0 |    0 | 123386 |      0 |      0 |    0 |          0 |
|           (u_miner)                        |                                          miner_system_miner_0_0_bitcoin_miner_axi |       1646 |       1646 |       0 |    0 |   3260 |      0 |      0 |    0 |          0 |
|           g_clusters[0].u_result_fifo      |                                miner_system_miner_0_0_bitcoin_result_cluster_fifo |       3607 |       3607 |       0 |    0 |  10443 |      0 |      0 |    0 |          0 |
|           g_engines[0].u_engine            |                                        miner_system_miner_0_0_bitcoin_hash_engine |       2409 |       2409 |       0 |    0 |   3427 |      0 |      0 |    0 |          0 |
|             (g_engines[0].u_engine)        |                                        miner_system_miner_0_0_bitcoin_hash_engine |       1052 |       1052 |       0 |    0 |   1778 |      0 |      0 |    0 |          0 |
|             u_core                         |                                      miner_system_miner_0_0_sha256_core_fabric_91 |       1357 |       1357 |       0 |    0 |   1649 |      0 |      0 |    0 |          0 |
|               u_core                       |                                   miner_system_miner_0_0_sha256_core_iterative_92 |       1357 |       1357 |       0 |    0 |   1649 |      0 |      0 |    0 |          0 |
|           g_engines[10].u_engine           |                                      miner_system_miner_0_0_bitcoin_hash_engine_0 |       2409 |       2409 |       0 |    0 |   3427 |      0 |      0 |    0 |          0 |
|             (g_engines[10].u_engine)       |                                      miner_system_miner_0_0_bitcoin_hash_engine_0 |       1050 |       1050 |       0 |    0 |   1778 |      0 |      0 |    0 |          0 |
|             u_core                         |                                      miner_system_miner_0_0_sha256_core_fabric_89 |       1360 |       1360 |       0 |    0 |   1649 |      0 |      0 |    0 |          0 |
|               u_core                       |                                   miner_system_miner_0_0_sha256_core_iterative_90 |       1360 |       1360 |       0 |    0 |   1649 |      0 |      0 |    0 |          0 |
|           g_engines[11].u_engine           |                                      miner_system_miner_0_0_bitcoin_hash_engine_1 |       2411 |       2411 |       0 |    0 |   3427 |      0 |      0 |    0 |          0 |
|             (g_engines[11].u_engine)       |                                      miner_system_miner_0_0_bitcoin_hash_engine_1 |       1054 |       1054 |       0 |    0 |   1778 |      0 |      0 |    0 |          0 |
|             u_core                         |                                      miner_system_miner_0_0_sha256_core_fabric_87 |       1357 |       1357 |       0 |    0 |   1649 |      0 |      0 |    0 |          0 |
|               u_core                       |                                   miner_system_miner_0_0_sha256_core_iterative_88 |       1357 |       1357 |       0 |    0 |   1649 |      0 |      0 |    0 |          0 |
|           g_engines[12].u_engine           |                                      miner_system_miner_0_0_bitcoin_hash_engine_2 |       2413 |       2413 |       0 |    0 |   3433 |      0 |      0 |    0 |          0 |
|             (g_engines[12].u_engine)       |                                      miner_system_miner_0_0_bitcoin_hash_engine_2 |       1056 |       1056 |       0 |    0 |   1784 |      0 |      0 |    0 |          0 |
|             u_core                         |                                      miner_system_miner_0_0_sha256_core_fabric_85 |       1357 |       1357 |       0 |    0 |   1649 |      0 |      0 |    0 |          0 |
|               u_core                       |                                   miner_system_miner_0_0_sha256_core_iterative_86 |       1357 |       1357 |       0 |    0 |   1649 |      0 |      0 |    0 |          0 |
|           g_engines[13].u_engine           |                                      miner_system_miner_0_0_bitcoin_hash_engine_3 |       2409 |       2409 |       0 |    0 |   3427 |      0 |      0 |    0 |          0 |
|             (g_engines[13].u_engine)       |                                      miner_system_miner_0_0_bitcoin_hash_engine_3 |       1051 |       1051 |       0 |    0 |   1778 |      0 |      0 |    0 |          0 |
|             u_core                         |                                      miner_system_miner_0_0_sha256_core_fabric_83 |       1359 |       1359 |       0 |    0 |   1649 |      0 |      0 |    0 |          0 |
|               u_core                       |                                   miner_system_miner_0_0_sha256_core_iterative_84 |       1359 |       1359 |       0 |    0 |   1649 |      0 |      0 |    0 |          0 |
|           g_engines[14].u_engine           |                                      miner_system_miner_0_0_bitcoin_hash_engine_4 |       2411 |       2411 |       0 |    0 |   3427 |      0 |      0 |    0 |          0 |
|             (g_engines[14].u_engine)       |                                      miner_system_miner_0_0_bitcoin_hash_engine_4 |       1055 |       1055 |       0 |    0 |   1778 |      0 |      0 |    0 |          0 |
|             u_core                         |                                      miner_system_miner_0_0_sha256_core_fabric_81 |       1357 |       1357 |       0 |    0 |   1649 |      0 |      0 |    0 |          0 |
|               u_core                       |                                   miner_system_miner_0_0_sha256_core_iterative_82 |       1357 |       1357 |       0 |    0 |   1649 |      0 |      0 |    0 |          0 |
|           g_engines[15].u_engine           |                                      miner_system_miner_0_0_bitcoin_hash_engine_5 |       2412 |       2412 |       0 |    0 |   3428 |      0 |      0 |    0 |          0 |
|             (g_engines[15].u_engine)       |                                      miner_system_miner_0_0_bitcoin_hash_engine_5 |       1054 |       1054 |       0 |    0 |   1778 |      0 |      0 |    0 |          0 |
|             u_core                         |                                      miner_system_miner_0_0_sha256_core_fabric_79 |       1358 |       1358 |       0 |    0 |   1650 |      0 |      0 |    0 |          0 |
|               u_core                       |                                   miner_system_miner_0_0_sha256_core_iterative_80 |       1358 |       1358 |       0 |    0 |   1650 |      0 |      0 |    0 |          0 |
|           g_engines[16].u_engine           |                                      miner_system_miner_0_0_bitcoin_hash_engine_6 |       2411 |       2411 |       0 |    0 |   3427 |      0 |      0 |    0 |          0 |
|             (g_engines[16].u_engine)       |                                      miner_system_miner_0_0_bitcoin_hash_engine_6 |       1052 |       1052 |       0 |    0 |   1778 |      0 |      0 |    0 |          0 |
|             u_core                         |                                      miner_system_miner_0_0_sha256_core_fabric_77 |       1359 |       1359 |       0 |    0 |   1649 |      0 |      0 |    0 |          0 |
|               u_core                       |                                   miner_system_miner_0_0_sha256_core_iterative_78 |       1359 |       1359 |       0 |    0 |   1649 |      0 |      0 |    0 |          0 |
|           g_engines[17].u_engine           |                                      miner_system_miner_0_0_bitcoin_hash_engine_7 |       2412 |       2412 |       0 |    0 |   3427 |      0 |      0 |    0 |          0 |
|             (g_engines[17].u_engine)       |                                      miner_system_miner_0_0_bitcoin_hash_engine_7 |       1054 |       1054 |       0 |    0 |   1778 |      0 |      0 |    0 |          0 |
|             u_core                         |                                      miner_system_miner_0_0_sha256_core_fabric_75 |       1358 |       1358 |       0 |    0 |   1649 |      0 |      0 |    0 |          0 |
|               u_core                       |                                   miner_system_miner_0_0_sha256_core_iterative_76 |       1358 |       1358 |       0 |    0 |   1649 |      0 |      0 |    0 |          0 |
|           g_engines[18].u_engine           |                                      miner_system_miner_0_0_bitcoin_hash_engine_8 |       2409 |       2409 |       0 |    0 |   3427 |      0 |      0 |    0 |          0 |
|             (g_engines[18].u_engine)       |                                      miner_system_miner_0_0_bitcoin_hash_engine_8 |       1051 |       1051 |       0 |    0 |   1778 |      0 |      0 |    0 |          0 |
|             u_core                         |                                      miner_system_miner_0_0_sha256_core_fabric_73 |       1358 |       1358 |       0 |    0 |   1649 |      0 |      0 |    0 |          0 |
|               u_core                       |                                   miner_system_miner_0_0_sha256_core_iterative_74 |       1358 |       1358 |       0 |    0 |   1649 |      0 |      0 |    0 |          0 |
|           g_engines[19].u_engine           |                                      miner_system_miner_0_0_bitcoin_hash_engine_9 |       2413 |       2413 |       0 |    0 |   3427 |      0 |      0 |    0 |          0 |
|             (g_engines[19].u_engine)       |                                      miner_system_miner_0_0_bitcoin_hash_engine_9 |       1055 |       1055 |       0 |    0 |   1778 |      0 |      0 |    0 |          0 |
|             u_core                         |                                      miner_system_miner_0_0_sha256_core_fabric_71 |       1358 |       1358 |       0 |    0 |   1649 |      0 |      0 |    0 |          0 |
|               u_core                       |                                   miner_system_miner_0_0_sha256_core_iterative_72 |       1358 |       1358 |       0 |    0 |   1649 |      0 |      0 |    0 |          0 |
|           g_engines[1].u_engine            |                                     miner_system_miner_0_0_bitcoin_hash_engine_10 |       2412 |       2412 |       0 |    0 |   3427 |      0 |      0 |    0 |          0 |
|             (g_engines[1].u_engine)        |                                     miner_system_miner_0_0_bitcoin_hash_engine_10 |       1056 |       1056 |       0 |    0 |   1778 |      0 |      0 |    0 |          0 |
|             u_core                         |                                      miner_system_miner_0_0_sha256_core_fabric_69 |       1356 |       1356 |       0 |    0 |   1649 |      0 |      0 |    0 |          0 |
|               u_core                       |                                   miner_system_miner_0_0_sha256_core_iterative_70 |       1356 |       1356 |       0 |    0 |   1649 |      0 |      0 |    0 |          0 |
|           g_engines[20].u_engine           |                                     miner_system_miner_0_0_bitcoin_hash_engine_11 |       2411 |       2411 |       0 |    0 |   3428 |      0 |      0 |    0 |          0 |
|             (g_engines[20].u_engine)       |                                     miner_system_miner_0_0_bitcoin_hash_engine_11 |       1054 |       1054 |       0 |    0 |   1778 |      0 |      0 |    0 |          0 |
|             u_core                         |                                      miner_system_miner_0_0_sha256_core_fabric_67 |       1357 |       1357 |       0 |    0 |   1650 |      0 |      0 |    0 |          0 |
|               u_core                       |                                   miner_system_miner_0_0_sha256_core_iterative_68 |       1357 |       1357 |       0 |    0 |   1650 |      0 |      0 |    0 |          0 |
|           g_engines[21].u_engine           |                                     miner_system_miner_0_0_bitcoin_hash_engine_12 |       2410 |       2410 |       0 |    0 |   3427 |      0 |      0 |    0 |          0 |
|             (g_engines[21].u_engine)       |                                     miner_system_miner_0_0_bitcoin_hash_engine_12 |       1054 |       1054 |       0 |    0 |   1778 |      0 |      0 |    0 |          0 |
|             u_core                         |                                      miner_system_miner_0_0_sha256_core_fabric_65 |       1357 |       1357 |       0 |    0 |   1649 |      0 |      0 |    0 |          0 |
|               u_core                       |                                   miner_system_miner_0_0_sha256_core_iterative_66 |       1357 |       1357 |       0 |    0 |   1649 |      0 |      0 |    0 |          0 |
|           g_engines[22].u_engine           |                                     miner_system_miner_0_0_bitcoin_hash_engine_13 |       2412 |       2412 |       0 |    0 |   3427 |      0 |      0 |    0 |          0 |
|             (g_engines[22].u_engine)       |                                     miner_system_miner_0_0_bitcoin_hash_engine_13 |       1055 |       1055 |       0 |    0 |   1778 |      0 |      0 |    0 |          0 |
|             u_core                         |                                      miner_system_miner_0_0_sha256_core_fabric_63 |       1358 |       1358 |       0 |    0 |   1649 |      0 |      0 |    0 |          0 |
|               u_core                       |                                   miner_system_miner_0_0_sha256_core_iterative_64 |       1358 |       1358 |       0 |    0 |   1649 |      0 |      0 |    0 |          0 |
|           g_engines[23].u_engine           |                                     miner_system_miner_0_0_bitcoin_hash_engine_14 |       2412 |       2412 |       0 |    0 |   3427 |      0 |      0 |    0 |          0 |
|             (g_engines[23].u_engine)       |                                     miner_system_miner_0_0_bitcoin_hash_engine_14 |       1053 |       1053 |       0 |    0 |   1778 |      0 |      0 |    0 |          0 |
|             u_core                         |                                      miner_system_miner_0_0_sha256_core_fabric_61 |       1359 |       1359 |       0 |    0 |   1649 |      0 |      0 |    0 |          0 |
|               u_core                       |                                   miner_system_miner_0_0_sha256_core_iterative_62 |       1359 |       1359 |       0 |    0 |   1649 |      0 |      0 |    0 |          0 |
|           g_engines[24].u_engine           |                                     miner_system_miner_0_0_bitcoin_hash_engine_15 |       2413 |       2413 |       0 |    0 |   3427 |      0 |      0 |    0 |          0 |
|             (g_engines[24].u_engine)       |                                     miner_system_miner_0_0_bitcoin_hash_engine_15 |       1054 |       1054 |       0 |    0 |   1778 |      0 |      0 |    0 |          0 |
|             u_core                         |                                      miner_system_miner_0_0_sha256_core_fabric_59 |       1359 |       1359 |       0 |    0 |   1649 |      0 |      0 |    0 |          0 |
|               u_core                       |                                   miner_system_miner_0_0_sha256_core_iterative_60 |       1359 |       1359 |       0 |    0 |   1649 |      0 |      0 |    0 |          0 |
|           g_engines[25].u_engine           |                                     miner_system_miner_0_0_bitcoin_hash_engine_16 |       2412 |       2412 |       0 |    0 |   3427 |      0 |      0 |    0 |          0 |
|             (g_engines[25].u_engine)       |                                     miner_system_miner_0_0_bitcoin_hash_engine_16 |       1055 |       1055 |       0 |    0 |   1778 |      0 |      0 |    0 |          0 |
|             u_core                         |                                      miner_system_miner_0_0_sha256_core_fabric_57 |       1357 |       1357 |       0 |    0 |   1649 |      0 |      0 |    0 |          0 |
|               u_core                       |                                   miner_system_miner_0_0_sha256_core_iterative_58 |       1357 |       1357 |       0 |    0 |   1649 |      0 |      0 |    0 |          0 |
|           g_engines[26].u_engine           |                                     miner_system_miner_0_0_bitcoin_hash_engine_17 |       2417 |       2417 |       0 |    0 |   3427 |      0 |      0 |    0 |          0 |
|             (g_engines[26].u_engine)       |                                     miner_system_miner_0_0_bitcoin_hash_engine_17 |       1053 |       1053 |       0 |    0 |   1778 |      0 |      0 |    0 |          0 |
|             u_core                         |                                      miner_system_miner_0_0_sha256_core_fabric_55 |       1364 |       1364 |       0 |    0 |   1649 |      0 |      0 |    0 |          0 |
|               u_core                       |                                   miner_system_miner_0_0_sha256_core_iterative_56 |       1364 |       1364 |       0 |    0 |   1649 |      0 |      0 |    0 |          0 |
|           g_engines[27].u_engine           |                                     miner_system_miner_0_0_bitcoin_hash_engine_18 |       2413 |       2413 |       0 |    0 |   3427 |      0 |      0 |    0 |          0 |
|             (g_engines[27].u_engine)       |                                     miner_system_miner_0_0_bitcoin_hash_engine_18 |       1053 |       1053 |       0 |    0 |   1778 |      0 |      0 |    0 |          0 |
|             u_core                         |                                      miner_system_miner_0_0_sha256_core_fabric_53 |       1360 |       1360 |       0 |    0 |   1649 |      0 |      0 |    0 |          0 |
|               u_core                       |                                   miner_system_miner_0_0_sha256_core_iterative_54 |       1360 |       1360 |       0 |    0 |   1649 |      0 |      0 |    0 |          0 |
|           g_engines[28].u_engine           |                                     miner_system_miner_0_0_bitcoin_hash_engine_19 |       2410 |       2410 |       0 |    0 |   3427 |      0 |      0 |    0 |          0 |
|             (g_engines[28].u_engine)       |                                     miner_system_miner_0_0_bitcoin_hash_engine_19 |       1053 |       1053 |       0 |    0 |   1778 |      0 |      0 |    0 |          0 |
|             u_core                         |                                      miner_system_miner_0_0_sha256_core_fabric_51 |       1357 |       1357 |       0 |    0 |   1649 |      0 |      0 |    0 |          0 |
|               u_core                       |                                   miner_system_miner_0_0_sha256_core_iterative_52 |       1357 |       1357 |       0 |    0 |   1649 |      0 |      0 |    0 |          0 |
|           g_engines[29].u_engine           |                                     miner_system_miner_0_0_bitcoin_hash_engine_20 |       2414 |       2414 |       0 |    0 |   3432 |      0 |      0 |    0 |          0 |
|             (g_engines[29].u_engine)       |                                     miner_system_miner_0_0_bitcoin_hash_engine_20 |       1055 |       1055 |       0 |    0 |   1783 |      0 |      0 |    0 |          0 |
|             u_core                         |                                      miner_system_miner_0_0_sha256_core_fabric_49 |       1359 |       1359 |       0 |    0 |   1649 |      0 |      0 |    0 |          0 |
|               u_core                       |                                   miner_system_miner_0_0_sha256_core_iterative_50 |       1359 |       1359 |       0 |    0 |   1649 |      0 |      0 |    0 |          0 |
|           g_engines[2].u_engine            |                                     miner_system_miner_0_0_bitcoin_hash_engine_21 |       2415 |       2415 |       0 |    0 |   3427 |      0 |      0 |    0 |          0 |
|             (g_engines[2].u_engine)        |                                     miner_system_miner_0_0_bitcoin_hash_engine_21 |       1056 |       1056 |       0 |    0 |   1778 |      0 |      0 |    0 |          0 |
|             u_core                         |                                      miner_system_miner_0_0_sha256_core_fabric_47 |       1359 |       1359 |       0 |    0 |   1649 |      0 |      0 |    0 |          0 |
|               u_core                       |                                   miner_system_miner_0_0_sha256_core_iterative_48 |       1359 |       1359 |       0 |    0 |   1649 |      0 |      0 |    0 |          0 |
|           g_engines[30].u_engine           |                                     miner_system_miner_0_0_bitcoin_hash_engine_22 |       2413 |       2413 |       0 |    0 |   3427 |      0 |      0 |    0 |          0 |
|             (g_engines[30].u_engine)       |                                     miner_system_miner_0_0_bitcoin_hash_engine_22 |       1055 |       1055 |       0 |    0 |   1778 |      0 |      0 |    0 |          0 |
|             u_core                         |                                      miner_system_miner_0_0_sha256_core_fabric_45 |       1359 |       1359 |       0 |    0 |   1649 |      0 |      0 |    0 |          0 |
|               u_core                       |                                   miner_system_miner_0_0_sha256_core_iterative_46 |       1359 |       1359 |       0 |    0 |   1649 |      0 |      0 |    0 |          0 |
|           g_engines[31].u_engine           |                                     miner_system_miner_0_0_bitcoin_hash_engine_23 |       2412 |       2412 |       0 |    0 |   3427 |      0 |      0 |    0 |          0 |
|             (g_engines[31].u_engine)       |                                     miner_system_miner_0_0_bitcoin_hash_engine_23 |       1052 |       1052 |       0 |    0 |   1778 |      0 |      0 |    0 |          0 |
|             u_core                         |                                      miner_system_miner_0_0_sha256_core_fabric_43 |       1360 |       1360 |       0 |    0 |   1649 |      0 |      0 |    0 |          0 |
|               u_core                       |                                   miner_system_miner_0_0_sha256_core_iterative_44 |       1360 |       1360 |       0 |    0 |   1649 |      0 |      0 |    0 |          0 |
|           g_engines[3].u_engine            |                                     miner_system_miner_0_0_bitcoin_hash_engine_24 |       2412 |       2412 |       0 |    0 |   3432 |      0 |      0 |    0 |          0 |
|             (g_engines[3].u_engine)        |                                     miner_system_miner_0_0_bitcoin_hash_engine_24 |       1055 |       1055 |       0 |    0 |   1783 |      0 |      0 |    0 |          0 |
|             u_core                         |                                      miner_system_miner_0_0_sha256_core_fabric_41 |       1357 |       1357 |       0 |    0 |   1649 |      0 |      0 |    0 |          0 |
|               u_core                       |                                   miner_system_miner_0_0_sha256_core_iterative_42 |       1357 |       1357 |       0 |    0 |   1649 |      0 |      0 |    0 |          0 |
|           g_engines[4].u_engine            |                                     miner_system_miner_0_0_bitcoin_hash_engine_25 |       2413 |       2413 |       0 |    0 |   3427 |      0 |      0 |    0 |          0 |
|             (g_engines[4].u_engine)        |                                     miner_system_miner_0_0_bitcoin_hash_engine_25 |       1055 |       1055 |       0 |    0 |   1778 |      0 |      0 |    0 |          0 |
|             u_core                         |                                      miner_system_miner_0_0_sha256_core_fabric_39 |       1359 |       1359 |       0 |    0 |   1649 |      0 |      0 |    0 |          0 |
|               u_core                       |                                   miner_system_miner_0_0_sha256_core_iterative_40 |       1359 |       1359 |       0 |    0 |   1649 |      0 |      0 |    0 |          0 |
|           g_engines[5].u_engine            |                                     miner_system_miner_0_0_bitcoin_hash_engine_26 |       2410 |       2410 |       0 |    0 |   3428 |      0 |      0 |    0 |          0 |
|             (g_engines[5].u_engine)        |                                     miner_system_miner_0_0_bitcoin_hash_engine_26 |       1054 |       1054 |       0 |    0 |   1778 |      0 |      0 |    0 |          0 |
|             u_core                         |                                      miner_system_miner_0_0_sha256_core_fabric_37 |       1358 |       1358 |       0 |    0 |   1650 |      0 |      0 |    0 |          0 |
|               u_core                       |                                   miner_system_miner_0_0_sha256_core_iterative_38 |       1358 |       1358 |       0 |    0 |   1650 |      0 |      0 |    0 |          0 |
|           g_engines[6].u_engine            |                                     miner_system_miner_0_0_bitcoin_hash_engine_27 |       2409 |       2409 |       0 |    0 |   3427 |      0 |      0 |    0 |          0 |
|             (g_engines[6].u_engine)        |                                     miner_system_miner_0_0_bitcoin_hash_engine_27 |       1052 |       1052 |       0 |    0 |   1778 |      0 |      0 |    0 |          0 |
|             u_core                         |                                      miner_system_miner_0_0_sha256_core_fabric_35 |       1357 |       1357 |       0 |    0 |   1649 |      0 |      0 |    0 |          0 |
|               u_core                       |                                   miner_system_miner_0_0_sha256_core_iterative_36 |       1357 |       1357 |       0 |    0 |   1649 |      0 |      0 |    0 |          0 |
|           g_engines[7].u_engine            |                                     miner_system_miner_0_0_bitcoin_hash_engine_28 |       2413 |       2413 |       0 |    0 |   3427 |      0 |      0 |    0 |          0 |
|             (g_engines[7].u_engine)        |                                     miner_system_miner_0_0_bitcoin_hash_engine_28 |       1053 |       1053 |       0 |    0 |   1778 |      0 |      0 |    0 |          0 |
|             u_core                         |                                      miner_system_miner_0_0_sha256_core_fabric_33 |       1360 |       1360 |       0 |    0 |   1649 |      0 |      0 |    0 |          0 |
|               u_core                       |                                   miner_system_miner_0_0_sha256_core_iterative_34 |       1360 |       1360 |       0 |    0 |   1649 |      0 |      0 |    0 |          0 |
|           g_engines[8].u_engine            |                                     miner_system_miner_0_0_bitcoin_hash_engine_29 |       2413 |       2413 |       0 |    0 |   3427 |      0 |      0 |    0 |          0 |
|             (g_engines[8].u_engine)        |                                     miner_system_miner_0_0_bitcoin_hash_engine_29 |       1054 |       1054 |       0 |    0 |   1778 |      0 |      0 |    0 |          0 |
|             u_core                         |                                      miner_system_miner_0_0_sha256_core_fabric_31 |       1359 |       1359 |       0 |    0 |   1649 |      0 |      0 |    0 |          0 |
|               u_core                       |                                   miner_system_miner_0_0_sha256_core_iterative_32 |       1359 |       1359 |       0 |    0 |   1649 |      0 |      0 |    0 |          0 |
|           g_engines[9].u_engine            |                                     miner_system_miner_0_0_bitcoin_hash_engine_30 |       2409 |       2409 |       0 |    0 |   3427 |      0 |      0 |    0 |          0 |
|             (g_engines[9].u_engine)        |                                     miner_system_miner_0_0_bitcoin_hash_engine_30 |       1052 |       1052 |       0 |    0 |   1778 |      0 |      0 |    0 |          0 |
|             u_core                         |                                         miner_system_miner_0_0_sha256_core_fabric |       1357 |       1357 |       0 |    0 |   1649 |      0 |      0 |    0 |          0 |
|               u_core                       |                                      miner_system_miner_0_0_sha256_core_iterative |       1357 |       1357 |       0 |    0 |   1649 |      0 |      0 |    0 |          0 |
|     axi_regslice_miner_0                   |                                               miner_system_axi_regslice_miner_0_0 |         13 |         13 |       0 |    0 |    100 |      0 |      0 |    0 |          0 |
|       inst                                 | miner_system_axi_regslice_miner_0_0_axi_register_slice_v2_1_37_axi_register_slice |         13 |         13 |       0 |    0 |    100 |      0 |      0 |    0 |          0 |
|     axi_smc                                |                                                            miner_system_axi_smc_0 |        494 |        494 |       0 |    0 |    650 |      0 |      0 |    0 |          0 |
|       inst                                 |                                                    miner_system_axi_smc_0_bd_0e69 |        494 |        494 |       0 |    0 |    650 |      0 |      0 |    0 |          0 |
|         sc_ul                              |                                            miner_system_axi_smc_0_bd_0e69_sc_ul_0 |        494 |        494 |       0 |    0 |    650 |      0 |      0 |    0 |          0 |
|           inst                             |                                    miner_system_axi_smc_0_sc_ultralite_v1_0_1_top |        494 |        494 |       0 |    0 |    650 |      0 |      0 |    0 |          0 |
|             gen_axi_full_nxm.sasd_inst     |                              miner_system_axi_smc_0_sc_ultralite_v1_0_1_sasd_lite |        494 |        494 |       0 |    0 |    648 |      0 |      0 |    0 |          0 |
|               (gen_axi_full_nxm.sasd_inst) |                              miner_system_axi_smc_0_sc_ultralite_v1_0_1_sasd_lite |        137 |        137 |       0 |    0 |    387 |      0 |      0 |    0 |          0 |
|               gen_read.arctrl_mux          |                miner_system_axi_smc_0_sc_ultralite_v1_0_1_mux_hot__parameterized5 |        109 |        109 |       0 |    0 |     13 |      0 |      0 |    0 |          0 |
|               gen_write.awctrl_mux         |              miner_system_axi_smc_0_sc_ultralite_v1_0_1_mux_hot__parameterized5_1 |         56 |         56 |       0 |    0 |     13 |      0 |      0 |    0 |          0 |
|               gen_write.wdata_mux          |                miner_system_axi_smc_0_sc_ultralite_v1_0_1_mux_hot__parameterized1 |         48 |         48 |       0 |    0 |    128 |      0 |      0 |    0 |          0 |
+--------------------------------------------+-----------------------------------------------------------------------------------+------------+------------+---------+------+--------+--------+--------+------+------------+
* Note: The sum of lower-level cells may be larger than their parent cells total, due to cross-hierarchy LUT combining


